<html>
<body>
<pre>
<h1>�Vision Build Log</h1>
<h2>Tool Versions:</h2>
IDE-Version: ��Vision V5.24.2.0
Copyright (C) 2017 ARM Ltd and ARM Germany GmbH. All rights reserved.
License Information: a aaa, a, LIC=RC93N-Y4WA1-NNJAF-6C693-5RI7J-WGX6E
 
Tool Versions:
Toolchain:       MDK-ARM Plus  Version: 5.24.1
Toolchain Path:  D:\Keil_v5\ARM\ARMCC\Bin
C Compiler:      Armcc.exe V5.06 update 5 (build 528)
Assembler:       Armasm.exe V5.06 update 5 (build 528)
Linker/Locator:  ArmLink.exe V5.06 update 5 (build 528)
Library Manager: ArmAr.exe V5.06 update 5 (build 528)
Hex Converter:   FromElf.exe V5.06 update 5 (build 528)
CPU DLL:         SARMCM3.DLL V5.24.1
Dialog DLL:      DCM.DLL V1.16.0.0
Target DLL:      Segger\JL2CM3.dll V2.99.26.0
Dialog DLL:      TCM.DLL V1.32.0.0
 
<h2>Project:</h2>
D:\STM32\freertosProjects\weather_clock\Projects.uvprojx
Project File Date:  02/12/2026

<h2>Output:</h2>
*** Using Compiler 'V5.06 update 5 (build 528)', folder: 'D:\Keil_v5\ARM\ARMCC\Bin'
Rebuild target 'Target 1'
assembling startup_stm32f10x_md.s...
compiling stm32f10x_flash.c...
compiling core_cm3.c...
compiling stm32f10x_fsmc.c...
compiling stm32f10x_crc.c...
compiling stm32f10x_dma.c...
compiling stm32f10x_can.c...
compiling stm32f10x_adc.c...
compiling stm32f10x_dbgmcu.c...
compiling stm32f10x_dac.c...
compiling stm32f10x_bkp.c...
compiling stm32f10x_exti.c...
compiling misc.c...
compiling system_stm32f10x.c...
compiling stm32f10x_cec.c...
compiling stm32f10x_gpio.c...
compiling stm32f10x_i2c.c...
compiling stm32f10x_iwdg.c...
compiling stm32f10x_pwr.c...
compiling stm32f10x_rcc.c...
compiling stm32f10x_rtc.c...
compiling stm32f10x_sdio.c...
compiling stm32f10x_spi.c...
compiling stm32f10x_usart.c...
compiling stm32f10x_wwdg.c...
compiling stm32f10x_it.c...
compiling MySPI.c...
Hardware\MySPI.h(20): warning:  #1-D: last line of file ends without a newline
  #endif
.\System\Delay.h(9): warning:  #1-D: last line of file ends without a newline
  #endif
Hardware\st7735.h(43): warning:  #1-D: last line of file ends without a newline
  #endif
Hardware\stimage.h(24): warning:  #1-D: last line of file ends without a newline
  #endif /* __ST_IMAGE_H__ */
Hardware\st7735.h(43): warning:  #1-D: last line of file ends without a newline
  #endif
Hardware\MySPI.h(12): warning:  #1295-D: Deprecated declaration MySPI_SendData_DMA - give arg types
  void MySPI_SendData_DMA();
Hardware\MySPI.h(20): warning:  #1-D: last line of file ends without a newline
  #endif
Hardware\MySPI.c(188): warning:  #1-D: last line of file ends without a newline
  }
Hardware\MySPI.c: 8 warnings, 0 errors
compiling ST7735.c...
Hardware\st7735.h(43): warning:  #1-D: last line of file ends without a newline
  #endif
Hardware\MySPI.h(12): warning:  #1295-D: Deprecated declaration MySPI_SendData_DMA - give arg types
  void MySPI_SendData_DMA();
Hardware\MySPI.h(20): warning:  #1-D: last line of file ends without a newline
  #endif
.\System\Delay.h(9): warning:  #1-D: last line of file ends without a newline
  #endif
Hardware\stimage.h(24): warning:  #1-D: last line of file ends without a newline
  #endif /* __ST_IMAGE_H__ */
Hardware\ST7735.h(43): warning:  #1-D: last line of file ends without a newline
  #endif
Hardware\ST7735.c(213): warning:  #223-D: function "MySPI_SwapByte_DMA" declared implicitly
      MySPI_SwapByte_DMA(command);
Hardware\ST7735.c(220): warning:  #223-D: function "MySPI_SwapByte_DMA" declared implicitly
      MySPI_SwapByte_DMA(data);
Hardware\ST7735.c(411): warning:  #1-D: last line of file ends without a newline
  }
Hardware\ST7735.c: 9 warnings, 0 errors
compiling stimage.c...
Hardware\st7735.h(43): warning:  #1-D: last line of file ends without a newline
  #endif
Hardware\MySPI.h(12): warning:  #1295-D: Deprecated declaration MySPI_SendData_DMA - give arg types
  void MySPI_SendData_DMA();
Hardware\MySPI.h(20): warning:  #1-D: last line of file ends without a newline
  #endif
.\System\Delay.h(9): warning:  #1-D: last line of file ends without a newline
  #endif
Hardware\stimage.h(24): warning:  #1-D: last line of file ends without a newline
  #endif /* __ST_IMAGE_H__ */
Hardware\st7735.h(43): warning:  #1-D: last line of file ends without a newline
  #endif
Hardware\stimage.h(24): warning:  #1-D: last line of file ends without a newline
  #endif /* __ST_IMAGE_H__ */
Hardware\stimage.c: 7 warnings, 0 errors
compiling Exti.c...
Hardware\Exti.h(9): warning:  #1-D: last line of file ends without a newline
  #endif
Hardware\Exti.c: 1 warning, 0 errors
compiling MyUSART.c...
Hardware\MyUSART.h(13): warning:  #1-D: last line of file ends without a newline
  #endif
Hardware\MyDMA.h(9): warning:  #1-D: last line of file ends without a newline
  #endif
Hardware\MyUSART.c(66): warning:  #1-D: last line of file ends without a newline
  }
Hardware\MyUSART.c: 3 warnings, 0 errors
compiling main.c...
.\Hardware\MyUSART.h(13): warning:  #1-D: last line of file ends without a newline
  #endif
.\Hardware\MyDMA.h(9): warning:  #1-D: last line of file ends without a newline
  #endif
.\Hardware\MySPI.h(20): warning:  #1-D: last line of file ends without a newline
  #endif
.\System\Delay.h(9): warning:  #1-D: last line of file ends without a newline
  #endif
.\Hardware\st7735.h(43): warning:  #1-D: last line of file ends without a newline
  #endif
.\Hardware\stimage.h(24): warning:  #1-D: last line of file ends without a newline
  #endif /* __ST_IMAGE_H__ */
.\Hardware\st7735.h(43): warning:  #1-D: last line of file ends without a newline
  #endif
.\Hardware\MySPI.h(12): warning:  #1295-D: Deprecated declaration MySPI_SendData_DMA - give arg types
  void MySPI_SendData_DMA();
.\Hardware\MySPI.h(20): warning:  #1-D: last line of file ends without a newline
  #endif
.\Hardware\esp32_c3.h(43): warning:  #1-D: last line of file ends without a newline
  #endif // 修改：更正头文件保护宏名�?
User\main.c(70): warning:  #223-D: function "snprintf" declared implicitly
              snprintf(tempture, sizeof(tempture), " %c\"", weather.temperature[0]);
User\main.c(100): warning:  #223-D: function "snprintf" declared implicitly
              snprintf(year_mon_day, sizeof(year_mon_day),
User\main.c(131): warning:  #223-D: function "snprintf" declared implicitly
                  snprintf(wifi_state, sizeof(wifi_state), "Connected:%s", network.ssid);
User\main.c(191): warning:  #223-D: function "snprintf" declared implicitly
          snprintf(year_mon_day, sizeof(year_mon_day),
User\main.c(235): warning:  #1-D: last line of file ends without a newline
  }
User\main.c: 15 warnings, 0 errors
compiling MyDMA.c...
Hardware\MyDMA.h(9): warning:  #1-D: last line of file ends without a newline
  #endif
Hardware\MyDMA.c: 1 warning, 0 errors
compiling stm32f10x_tim.c...
compiling heap_4.c...
compiling croutine.c...
compiling Delay.c...
compiling esp32_c3.c...
Hardware\MyUSART.h(13): warning:  #1-D: last line of file ends without a newline
  #endif
.\System\Delay.h(9): warning:  #1-D: last line of file ends without a newline
  #endif
Hardware\esp32_c3.h(43): warning:  #1-D: last line of file ends without a newline
  #endif // 修改：更正头文件保护宏名�?
Hardware\esp32_c3.c(89): warning:  #1-D: last line of file ends without a newline
  }
Hardware\esp32_c3.c: 4 warnings, 0 errors
compiling event_groups.c...
compiling list.c...
compiling port.c...
compiling queue.c...
compiling stream_buffer.c...
compiling timers.c...
compiling tasks.c...
linking...
Program Size: Code=12932 RO-data=29124 RW-data=160 ZI-data=19640  
".\Objects\Projects.axf" - 0 Error(s), 48 Warning(s).

<h2>Software Packages used:</h2>

Package Vendor: Keil
                http://www.keil.com/pack/Keil.STM32F1xx_DFP.2.2.0.pack
                Keil.STM32F1xx_DFP.2.2.0
                STMicroelectronics STM32F1 Series Device Support, Drivers and Examples

<h2>Collection of Component include folders:</h2>
  .\RTE\_Target_1
  D:\Keil_v5\ARM\PACK\Keil\STM32F1xx_DFP\2.2.0\Device\Include

<h2>Collection of Component Files used:</h2>
Build Time Elapsed:  00:00:03
</pre>
</body>
</html>
