Component: ARM Compiler 5.06 update 5 (build 528) Tool: armlink [4d35e2]

==============================================================================

Section Cross References

    startup_stm32f407xx.o(STACK) refers (Special) to heapauxi.o(.text) for __use_two_region_memory
    startup_stm32f407xx.o(HEAP) refers (Special) to heapauxi.o(.text) for __use_two_region_memory
    startup_stm32f407xx.o(RESET) refers (Special) to heapauxi.o(.text) for __use_two_region_memory
    startup_stm32f407xx.o(RESET) refers to startup_stm32f407xx.o(STACK) for __initial_sp
    startup_stm32f407xx.o(RESET) refers to startup_stm32f407xx.o(.text) for Reset_Handler
    startup_stm32f407xx.o(RESET) refers to stm32f4xx_it.o(i.NMI_Handler) for NMI_Handler
    startup_stm32f407xx.o(RESET) refers to stm32f4xx_it.o(i.HardFault_Handler) for HardFault_Handler
    startup_stm32f407xx.o(RESET) refers to stm32f4xx_it.o(i.MemManage_Handler) for MemManage_Handler
    startup_stm32f407xx.o(RESET) refers to stm32f4xx_it.o(i.BusFault_Handler) for BusFault_Handler
    startup_stm32f407xx.o(RESET) refers to stm32f4xx_it.o(i.UsageFault_Handler) for UsageFault_Handler
    startup_stm32f407xx.o(RESET) refers to port.o(.emb_text) for SVC_Handler
    startup_stm32f407xx.o(RESET) refers to stm32f4xx_it.o(i.DebugMon_Handler) for DebugMon_Handler
    startup_stm32f407xx.o(RESET) refers to cmsis_os2.o(i.SysTick_Handler) for SysTick_Handler
    startup_stm32f407xx.o(RESET) refers to stm32f4xx_it.o(i.TIM6_DAC_IRQHandler) for TIM6_DAC_IRQHandler
    startup_stm32f407xx.o(.text) refers (Special) to heapauxi.o(.text) for __use_two_region_memory
    startup_stm32f407xx.o(.text) refers to system_stm32f4xx.o(i.SystemInit) for SystemInit
    startup_stm32f407xx.o(.text) refers to __main.o(!!!main) for __main
    startup_stm32f407xx.o(.text) refers to startup_stm32f407xx.o(HEAP) for Heap_Mem
    startup_stm32f407xx.o(.text) refers to startup_stm32f407xx.o(STACK) for Stack_Mem
    st7735.o(i.Z_ST7735S_Init) refers to stm32f4xx_hal_gpio.o(i.HAL_GPIO_WritePin) for HAL_GPIO_WritePin
    st7735.o(i.Z_ST7735S_Init) refers to st7735.o(i.Z_ST7735S_SetCS) for Z_ST7735S_SetCS
    st7735.o(i.Z_ST7735S_Init) refers to st7735.o(i.Z_ST7735S_SetDC) for Z_ST7735S_SetDC
    st7735.o(i.Z_ST7735S_Init) refers to st7735.o(i.Z_ST7735S_SetRST) for Z_ST7735S_SetRST
    st7735.o(i.Z_ST7735S_Init) refers to stm32f4xx_hal.o(i.HAL_Delay) for HAL_Delay
    st7735.o(i.Z_ST7735S_Init) refers to st7735.o(i.Z_ST7735S_SendCommand) for Z_ST7735S_SendCommand
    st7735.o(i.Z_ST7735S_Init) refers to st7735.o(i.Z_ST7735S_SendData) for Z_ST7735S_SendData
    st7735.o(i.Z_ST7735S_RefreshAll) refers to st7735.o(i.Z_ST7735S_SpecifyScope) for Z_ST7735S_SpecifyScope
    st7735.o(i.Z_ST7735S_RefreshAll) refers to st7735.o(i.Z_ST7735S_Send16bitsRGB) for Z_ST7735S_Send16bitsRGB
    st7735.o(i.Z_ST7735S_Send16bitsRGB) refers to st7735.o(i.Z_ST7735S_SendData) for Z_ST7735S_SendData
    st7735.o(i.Z_ST7735S_SendByte) refers to stm32f4xx_hal_spi.o(i.HAL_SPI_Transmit) for HAL_SPI_Transmit
    st7735.o(i.Z_ST7735S_SendByte) refers to spi.o(.bss) for hspi3
    st7735.o(i.Z_ST7735S_SendCommand) refers to st7735.o(i.Z_ST7735S_SetDC) for Z_ST7735S_SetDC
    st7735.o(i.Z_ST7735S_SendCommand) refers to st7735.o(i.Z_ST7735S_SetCS) for Z_ST7735S_SetCS
    st7735.o(i.Z_ST7735S_SendCommand) refers to st7735.o(i.Z_ST7735S_SendByte) for Z_ST7735S_SendByte
    st7735.o(i.Z_ST7735S_SendData) refers to st7735.o(i.Z_ST7735S_SetDC) for Z_ST7735S_SetDC
    st7735.o(i.Z_ST7735S_SendData) refers to st7735.o(i.Z_ST7735S_SetCS) for Z_ST7735S_SetCS
    st7735.o(i.Z_ST7735S_SendData) refers to st7735.o(i.Z_ST7735S_SendByte) for Z_ST7735S_SendByte
    st7735.o(i.Z_ST7735S_SetCS) refers to stm32f4xx_hal_gpio.o(i.HAL_GPIO_WritePin) for HAL_GPIO_WritePin
    st7735.o(i.Z_ST7735S_SetDC) refers to stm32f4xx_hal_gpio.o(i.HAL_GPIO_WritePin) for HAL_GPIO_WritePin
    st7735.o(i.Z_ST7735S_SetRST) refers to stm32f4xx_hal_gpio.o(i.HAL_GPIO_WritePin) for HAL_GPIO_WritePin
    st7735.o(i.Z_ST7735S_SpecifyScope) refers to st7735.o(i.Z_ST7735S_SendCommand) for Z_ST7735S_SendCommand
    st7735.o(i.Z_ST7735S_SpecifyScope) refers to st7735.o(i.Z_ST7735S_SendData) for Z_ST7735S_SendData
    st7735.o(i.Z_ST7735_ShowChar) refers to st7735.o(i.Z_ST7735S_SpecifyScope) for Z_ST7735S_SpecifyScope
    st7735.o(i.Z_ST7735_ShowChar) refers to st7735.o(i.Z_ST7735S_Send16bitsRGB) for Z_ST7735S_Send16bitsRGB
    st7735.o(i.Z_ST7735_ShowChar) refers to fonts.o(.constdata) for Z_ST7735S_Font
    st7735.o(i.Z_ST7735_ShowChar) refers to fonts.o(.constdata) for Z_ST7735S_FontAlpha
    st7735.o(i.Z_ST7735_ShowChar) refers to fonts.o(.constdata) for Z_ST7735S_FontAlphaLower
    st7735.o(i.Z_ST7735_ShowChar) refers to fonts.o(.constdata) for Z_ST7735S_FontSpace
    st7735.o(i.Z_ST7735_ShowChar) refers to fonts.o(.constdata) for Z_ST7735S_FontColon
    st7735.o(i.Z_ST7735_ShowChar) refers to fonts.o(.constdata) for Z_ST7735S_FontMinus
[...]
    i.xTaskCreate                            0x08004c20   Section        0  tasks.o(i.xTaskCreate)
    i.xTaskCreateStatic                      0x08004c7a   Section        0  tasks.o(i.xTaskCreateStatic)
    i.xTaskGetCurrentTaskHandle              0x08004cd0   Section        0  tasks.o(i.xTaskGetCurrentTaskHandle)
    i.xTaskGetSchedulerState                 0x08004cdc   Section        0  tasks.o(i.xTaskGetSchedulerState)
    i.xTaskGetTickCount                      0x08004cf8   Section        0  tasks.o(i.xTaskGetTickCount)
    i.xTaskGetTickCountFromISR               0x08004d04   Section        0  tasks.o(i.xTaskGetTickCountFromISR)
    i.xTaskIncrementTick                     0x08004d14   Section        0  tasks.o(i.xTaskIncrementTick)
    i.xTaskPriorityDisinherit                0x08004ddc   Section        0  tasks.o(i.xTaskPriorityDisinherit)
    i.xTaskPriorityInherit                   0x08004e5c   Section        0  tasks.o(i.xTaskPriorityInherit)
    i.xTaskRemoveFromEventList               0x08004ed4   Section        0  tasks.o(i.xTaskRemoveFromEventList)
    i.xTaskResumeAll                         0x08004f44   Section        0  tasks.o(i.xTaskResumeAll)
    i.xTimerCreateTimerTask                  0x08005008   Section        0  timers.o(i.xTimerCreateTimerTask)
    i.xTimerGenericCommand                   0x08005068   Section        0  timers.o(i.xTimerGenericCommand)
    x$fpl$fpinit                             0x080050d0   Section       10  fpinit.o(x$fpl$fpinit)
    $v0                                      0x080050d0   Number         0  fpinit.o(x$fpl$fpinit)
    .constdata                               0x080050da   Section      160  fonts.o(.constdata)
    .constdata                               0x0800517a   Section       16  fonts.o(.constdata)
    .constdata                               0x0800518a   Section      416  fonts.o(.constdata)
    .constdata                               0x0800532a   Section      416  fonts.o(.constdata)
    .constdata                               0x080054ca   Section       16  fonts.o(.constdata)
    .constdata                               0x080054da   Section       16  fonts.o(.constdata)
    .constdata                               0x080054ea   Section       16  fonts.o(.constdata)
    .constdata                               0x080054fa   Section       16  fonts.o(.constdata)
    .constdata                               0x0800550c   Section      220  freertos.o(.constdata)
    .constdata                               0x080055e8   Section       16  system_stm32f4xx.o(.constdata)
    .constdata                               0x080055f8   Section        8  system_stm32f4xx.o(.constdata)
    .conststring                             0x08005600   Section      189  freertos.o(.conststring)
    .data                                    0x20000000   Section      134  freertos.o(.data)
    g_currentPage                            0x20000000   Data           1  freertos.o(.data)
    espMutexHandle                           0x20000004   Data           4  freertos.o(.data)
    g_uiModel                                0x20000020   Data         102  freertos.o(.data)
    .data                                    0x20000088   Section       12  stm32f4xx_hal.o(.data)
    .data                                    0x20000094   Section        4  system_stm32f4xx.o(.data)
    .data                                    0x20000098   Section       60  tasks.o(.data)
    uxDeletedTasksWaitingCleanUp             0x2000009c   Data           4  tasks.o(.data)
    uxCurrentNumberOfTasks                   0x200000a0   Data           4  tasks.o(.data)
    xTickCount                               0x200000a4   Data           4  tasks.o(.data)
    uxTopReadyPriority                       0x200000a8   Data           4  tasks.o(.data)
    xSchedulerRunning                        0x200000ac   Data           4  tasks.o(.data)
    xPendedTicks                             0x200000b0   Data           4  tasks.o(.data)
    xYieldPending                            0x200000b4   Data           4  tasks.o(.data)
    xNumOfOverflows                          0x200000b8   Data           4  tasks.o(.data)
    uxTaskNumber                             0x200000bc   Data           4  tasks.o(.data)
    xNextTaskUnblockTime                     0x200000c0   Data           4  tasks.o(.data)
    xIdleTaskHandle                          0x200000c4   Data           4  tasks.o(.data)
    uxSchedulerSuspended                     0x200000c8   Data           4  tasks.o(.data)
    pxDelayedTaskList                        0x200000cc   Data           4  tasks.o(.data)
    pxOverflowDelayedTaskList                0x200000d0   Data           4  tasks.o(.data)
    .data                                    0x200000d4   Section       20  timers.o(.data)
    xTimerQueue                              0x200000d4   Data           4  timers.o(.data)
    xTimerTaskHandle                         0x200000d8   Data           4  timers.o(.data)
    xLastTime                                0x200000dc   Data           4  timers.o(.data)
    pxCurrentTimerList                       0x200000e0   Data           4  timers.o(.data)
    pxOverflowTimerList                      0x200000e4   Data           4  timers.o(.data)
    .data                                    0x200000e8   Section        4  cmsis_os2.o(.data)
    KernelState                              0x200000e8   Data           4  cmsis_os2.o(.data)
    .data                                    0x200000ec   Section       32  heap_4.o(.data)
    pxEnd                                    0x200000ec   Data           4  heap_4.o(.data)
    xFreeBytesRemaining                      0x200000f0   Data           4  heap_4.o(.data)
    xMinimumEverFreeBytesRemaining           0x200000f4   Data           4  heap_4.o(.data)
    xNumberOfSuccessfulAllocations           0x200000f8   Data           4  heap_4.o(.data)
    xNumberOfSuccessfulFrees                 0x200000fc   Data           4  heap_4.o(.data)
    xBlockAllocatedBit                       0x20000100   Data           4  heap_4.o(.data)
    xStart                                   0x20000104   Data           8  heap_4.o(.data)
    .data                                    0x2000010c   Section       12  port.o(.data)
    ucMaxSysCallPriority                     0x2000010c   Data           1  port.o(.data)
    uxCriticalNesting                        0x20000110   Data           4  port.o(.data)
    ulMaxPRIGROUPValue                       0x20000114   Data           4  port.o(.data)
    .bss                                     0x20000118   Section     4096  freertos.o(.bss)
    espRxBuf                                 0x20000118   Data        4096  freertos.o(.bss)
    .bss                                     0x20001118   Section       32  rtc.o(.bss)
    .bss                                     0x20001138   Section       88  spi.o(.bss)
    .bss                                     0x20001190   Section       72  usart.o(.bss)
    .bss                                     0x200011d8   Section       72  stm32f4xx_hal_timebase_tim.o(.bss)
    .bss                                     0x20001220   Section       64  queue.o(.bss)
    .bss                                     0x20001260   Section     1220  tasks.o(.bss)
    pxReadyTasksLists                        0x20001260   Data        1120  tasks.o(.bss)
    xDelayedTaskList1                        0x200016c0   Data          20  tasks.o(.bss)
    xDelayedTaskList2                        0x200016d4   Data          20  tasks.o(.bss)
    xPendingReadyList                        0x200016e8   Data          20  tasks.o(.bss)
    xTasksWaitingTermination                 0x200016fc   Data          20  tasks.o(.bss)
    xSuspendedTaskList                       0x20001710   Data          20  tasks.o(.bss)
    .bss                                     0x20001724   Section      280  timers.o(.bss)
    xStaticTimerQueue                        0x20001724   Data          80  timers.o(.bss)
    ucStaticTimerQueueStorage                0x20001774   Data         160  timers.o(.bss)
    xActiveTimerList1                        0x20001814   Data          20  timers.o(.bss)
    xActiveTimerList2                        0x20001828   Data          20  timers.o(.bss)
    .bss                                     0x2000183c   Section     1720  cmsis_os2.o(.bss)
    Idle_TCB                                 0x2000183c   Data          92  cmsis_os2.o(.bss)
    Idle_Stack                               0x20001898   Data         512  cmsis_os2.o(.bss)
    Timer_TCB                                0x20001a98   Data          92  cmsis_os2.o(.bss)
    Timer_Stack                              0x20001af4   Data        1024  cmsis_os2.o(.bss)
    .bss                                     0x20001ef4   Section    15360  heap_4.o(.bss)
    ucHeap                                   0x20001ef4   Data       15360  heap_4.o(.bss)
    .bss                                     0x20005af4   Section       96  libspace.o(.bss)
    HEAP                                     0x20005b58   Section     4096  startup_stm32f407xx.o(HEAP)
    Heap_Mem                                 0x20005b58   Data        4096  startup_stm32f407xx.o(HEAP)
    STACK                                    0x20006b58   Section     4096  startup_stm32f407xx.o(STACK)
    Stack_Mem                                0x20006b58   Data        4096  startup_stm32f407xx.o(STACK)
    __initial_sp                             0x20007b58   Data           0  startup_stm32f407xx.o(STACK)

    Global Symbols

    Symbol Name                              Value     Ov Type        Size  Object(Section)

    BuildAttributes$$THM_ISAv4$E$P$D$K$B$S$7EM$VFPi3$EXTD16$VFPS$VFMA$PE$A:L22UL41UL21$X:L11$S22US41US21$IEEE1$IW$USESV6$~STKCKD$USESV7$~SHL$OSPACE$ROPI$EBA8$UX$STANDARDLIB$REQ8$PRES8$EABIv2 0x00000000   Number         0  anon$$obj.o ABSOLUTE
    __ARM_use_no_argv                        0x00000000   Number         0  main.o ABSOLUTE
    _printf_flags                            0x00000000   Number         0  printf_stubs.o ABSOLUTE
    _printf_return_value                     0x00000000   Number         0  printf_stubs.o ABSOLUTE
    _printf_sizespec                         0x00000000   Number         0  printf_stubs.o ABSOLUTE
    _printf_widthprec                        0x00000000   Number         0  printf_stubs.o ABSOLUTE
    __ARM_exceptions_init                     - Undefined Weak Reference
    __alloca_initialize                       - Undefined Weak Reference
    __arm_preinit_                            - Undefined Weak Reference
    __cpp_initialize__aeabi_                  - Undefined Weak Reference
    __cxa_finalize                            - Undefined Weak Reference
    __rt_locale                               - Undefined Weak Reference
    __sigvec_lookup                           - Undefined Weak Reference
    _atexit_init                              - Undefined Weak Reference
    _call_atexit_fns                          - Undefined Weak Reference
    _clock_init                               - Undefined Weak Reference
    _fp_trap_init                             - Undefined Weak Reference
    _fp_trap_shutdown                         - Undefined Weak Reference
    _get_lc_collate                           - Undefined Weak Reference
    _get_lc_ctype                             - Undefined Weak Reference
    _get_lc_monetary                          - Undefined Weak Reference
    _get_lc_numeric                           - Undefined Weak Reference
    _get_lc_time                              - Undefined Weak Reference
    _getenv_init                              - Undefined Weak Reference
    _handle_redirection                       - Undefined Weak Reference
    _init_alloc                               - Undefined Weak Reference
    _init_user_alloc                          - Undefined Weak Reference
    _initio                                   - Undefined Weak Reference
    _printf_mbtowc                            - Undefined Weak Reference
    _printf_post_padding                      - Undefined Weak Reference
    _printf_pre_padding                       - Undefined Weak Reference
    _printf_truncate_signed                   - Undefined Weak Reference
    _printf_truncate_unsigned                 - Undefined Weak Reference
    _rand_init                                - Undefined Weak Reference
    _signal_finish                            - Undefined Weak Reference
    _signal_init                              - Undefined Weak Reference
    _terminate_alloc                          - Undefined Weak Reference
    _terminate_user_alloc                     - Undefined Weak Reference
    _terminateio                              - Undefined Weak Reference
    __Vectors_Size                           0x00000188   Number         0  startup_stm32f407xx.o ABSOLUTE
    __Vectors                                0x08000000   Data           4  startup_stm32f407xx.o(RESET)
    __Vectors_End                            0x08000188   Data           0  startup_stm32f407xx.o(RESET)
    __main                                   0x08000189   Thumb Code     8  __main.o(!!!main)
    __scatterload                            0x08000191   Thumb Code     0  __scatter.o(!!!scatter)
    __scatterload_rt2                        0x08000191   Thumb Code    44  __scatter.o(!!!scatter)
    __scatterload_rt2_thumb_only             0x08000191   Thumb Code     0  __scatter.o(!!!scatter)
    __scatterload_null                       0x0800019f   Thumb Code     0  __scatter.o(!!!scatter)
    __scatterload_copy                       0x080001c5   Thumb Code    26  __scatter_copy.o(!!handler_copy)
    __scatterload_zeroinit                   0x080001e1   Thumb Code    28  __scatter_zi.o(!!handler_zi)
    _printf_percent                          0x080001fd   Thumb Code     0  _printf_percent.o(.ARM.Collect$$_printf_percent$$00000000)
    _printf_u                                0x080001fd   Thumb Code     0  _printf_u.o(.ARM.Collect$$_printf_percent$$0000000A)
    _printf_s                                0x08000203   Thumb Code     0  _printf_s.o(.ARM.Collect$$_printf_percent$$00000014)
    _printf_percent_end                      0x08000209   Thumb Code     0  _printf_percent_end.o(.ARM.Collect$$_printf_percent$$00000017)
    __rt_lib_init                            0x0800020d   Thumb Code     0  libinit.o(.ARM.Collect$$libinit$$00000000)
    __rt_lib_init_fp_1                       0x0800020f   Thumb Code     0  libinit2.o(.ARM.Collect$$libinit$$00000001)
    __rt_lib_init_alloca_1                   0x08000213   Thumb Code     0  libinit2.o(.ARM.Collect$$libinit$$0000002E)
    __rt_lib_init_argv_1                     0x08000213   Thumb Code     0  libinit2.o(.ARM.Collect$$libinit$$0000002C)
    __rt_lib_init_atexit_1                   0x08000213   Thumb Code     0  libinit2.o(.ARM.Collect$$libinit$$0000001B)
    __rt_lib_init_clock_1                    0x08000213   Thumb Code     0  libinit2.o(.ARM.Collect$$libinit$$00000021)
    __rt_lib_init_cpp_1                      0x08000213   Thumb Code     0  libinit2.o(.ARM.Collect$$libinit$$00000032)
    __rt_lib_init_exceptions_1               0x08000213   Thumb Code     0  libinit2.o(.ARM.Collect$$libinit$$00000030)
    __rt_lib_init_fp_trap_1                  0x08000213   Thumb Code     0  libinit2.o(.ARM.Collect$$libinit$$0000001F)
    __rt_lib_init_getenv_1                   0x08000213   Thumb Code     0  libinit2.o(.ARM.Collect$$libinit$$00000023)
    __rt_lib_init_heap_1                     0x08000213   Thumb Code     0  libinit2.o(.ARM.Collect$$libinit$$0000000A)
    __rt_lib_init_lc_collate_1               0x08000213   Thumb Code     0  libinit2.o(.ARM.Collect$$libinit$$00000011)
    __rt_lib_init_lc_ctype_1                 0x08000213   Thumb Code     0  libinit2.o(.ARM.Collect$$libinit$$00000013)
    __rt_lib_init_lc_monetary_1              0x08000213   Thumb Code     0  libinit2.o(.ARM.Collect$$libinit$$00000015)
    __rt_lib_init_lc_numeric_1               0x08000213   Thumb Code     0  libinit2.o(.ARM.Collect$$libinit$$00000017)
    __rt_lib_init_lc_time_1                  0x08000213   Thumb Code     0  libinit2.o(.ARM.Collect$$libinit$$00000019)
    __rt_lib_init_preinit_1                  0x08000213   Thumb Code     0  libinit2.o(.ARM.Collect$$libinit$$00000004)
    __rt_lib_init_rand_1                     0x08000213   Thumb Code     0  libinit2.o(.ARM.Collect$$libinit$$0000000E)
    __rt_lib_init_return                     0x08000213   Thumb Code     0  libinit2.o(.ARM.Collect$$libinit$$00000033)
    __rt_lib_init_signal_1                   0x08000213   Thumb Code     0  libinit2.o(.ARM.Collect$$libinit$$0000001D)
    __rt_lib_init_stdio_1                    0x08000213   Thumb Code     0  libinit2.o(.ARM.Collect$$libinit$$00000025)
    __rt_lib_init_user_alloc_1               0x08000213   Thumb Code     0  libinit2.o(.ARM.Collect$$libinit$$0000000C)
    __rt_lib_shutdown                        0x08000215   Thumb Code     0  libshutdown.o(.ARM.Collect$$libshutdown$$00000000)
    __rt_lib_shutdown_cpp_1                  0x08000217   Thumb Code     0  libshutdown2.o(.ARM.Collect$$libshutdown$$00000002)
    __rt_lib_shutdown_fp_trap_1              0x08000217   Thumb Code     0  libshutdown2.o(.ARM.Collect$$libshutdown$$00000007)
    __rt_lib_shutdown_heap_1                 0x08000217   Thumb Code     0  libshutdown2.o(.ARM.Collect$$libshutdown$$0000000F)
    __rt_lib_shutdown_return                 0x08000217   Thumb Code     0  libshutdown2.o(.ARM.Collect$$libshutdown$$00000010)
    __rt_lib_shutdown_signal_1               0x08000217   Thumb Code     0  libshutdown2.o(.ARM.Collect$$libshutdown$$0000000A)
    __rt_lib_shutdown_stdio_1                0x08000217   Thumb Code     0  libshutdown2.o(.ARM.Collect$$libshutdown$$00000004)
    __rt_lib_shutdown_user_alloc_1           0x08000217   Thumb Code     0  libshutdown2.o(.ARM.Collect$$libshutdown$$0000000C)
    __rt_entry                               0x08000219   Thumb Code     0  __rtentry.o(.ARM.Collect$$rtentry$$00000000)
    __rt_entry_presh_1                       0x08000219   Thumb Code     0  __rtentry2.o(.ARM.Collect$$rtentry$$00000002)
    __rt_entry_sh                            0x08000219   Thumb Code     0  __rtentry4.o(.ARM.Collect$$rtentry$$00000004)
    __rt_entry_li                            0x0800021f   Thumb Code     0  __rtentry2.o(.ARM.Collect$$rtentry$$0000000A)
    __rt_entry_postsh_1                      0x0800021f   Thumb Code     0  __rtentry2.o(.ARM.Collect$$rtentry$$00000009)
    __rt_entry_main                          0x08000223   Thumb Code     0  __rtentry2.o(.ARM.Collect$$rtentry$$0000000D)
    __rt_entry_postli_1                      0x08000223   Thumb Code     0  __rtentry2.o(.ARM.Collect$$rtentry$$0000000C)
    __rt_exit                                0x0800022b   Thumb Code     0  rtexit.o(.ARM.Collect$$rtexit$$00000000)
    __rt_exit_ls                             0x0800022d   Thumb Code     0  rtexit2.o(.ARM.Collect$$rtexit$$00000003)
    __rt_exit_prels_1                        0x0800022d   Thumb Code     0  rtexit2.o(.ARM.Collect$$rtexit$$00000002)
    __rt_exit_exit                           0x08000231   Thumb Code     0  rtexit2.o(.ARM.Collect$$rtexit$$00000004)
    SVC_Handler                              0x08000239   Thumb Code    28  port.o(.emb_text)
    __asm___6_port_c_39a90d8d__prvStartFirstTask 0x08000259   Thumb Code    36  port.o(.emb_text)
    __asm___6_port_c_39a90d8d__prvEnableVFP  0x08000281   Thumb Code    16  port.o(.emb_text)
    PendSV_Handler                           0x08000295   Thumb Code    88  port.o(.emb_text)
    vPortGetIPSR                             0x080002f1   Thumb Code     6  port.o(.emb_text)
    Reset_Handler                            0x080002f9   Thumb Code     8  startup_stm32f407xx.o(.text)
    ADC_IRQHandler                           0x08000313   Thumb Code     0  startup_stm32f407xx.o(.text)
    CAN1_RX0_IRQHandler                      0x08000313   Thumb Code     0  startup_stm32f407xx.o(.text)
    CAN1_RX1_IRQHandler                      0x08000313   Thumb Code     0  startup_stm32f407xx.o(.text)
    CAN1_SCE_IRQHandler                      0x08000313   Thumb Code     0  startup_stm32f407xx.o(.text)
    CAN1_TX_IRQHandler                       0x08000313   Thumb Code     0  startup_stm32f407xx.o(.text)
    CAN2_RX0_IRQHandler                      0x08000313   Thumb Code     0  startup_stm32f407xx.o(.text)
    CAN2_RX1_IRQHandler                      0x08000313   Thumb Code     0  startup_stm32f407xx.o(.text)
    CAN2_SCE_IRQHandler                      0x08000313   Thumb Code     0  startup_stm32f407xx.o(.text)
    CAN2_TX_IRQHandler                       0x08000313   Thumb Code     0  startup_stm32f407xx.o(.text)
    DCMI_IRQHandler                          0x08000313   Thumb Code     0  startup_stm32f407xx.o(.text)
    DMA1_Stream0_IRQHandler                  0x08000313   Thumb Code     0  startup_stm32f407xx.o(.text)
    DMA1_Stream1_IRQHandler                  0x08000313   Thumb Code     0  startup_stm32f407xx.o(.text)
    DMA1_Stream2_IRQHandler                  0x08000313   Thumb Code     0  startup_stm32f407xx.o(.text)
    DMA1_Stream3_IRQHandler                  0x08000313   Thumb Code     0  startup_stm32f407xx.o(.text)
    DMA1_Stream4_IRQHandler                  0x08000313   Thumb Code     0  startup_stm32f407xx.o(.text)
    DMA1_Stream5_IRQHandler                  0x08000313   Thumb Code     0  startup_stm32f407xx.o(.text)
    DMA1_Stream6_IRQHandler                  0x08000313   Thumb Code     0  startup_stm32f407xx.o(.text)
    DMA1_Stream7_IRQHandler                  0x08000313   Thumb Code     0  startup_stm32f407xx.o(.text)
    DMA2_Stream0_IRQHandler                  0x08000313   Thumb Code     0  startup_stm32f407xx.o(.text)
    DMA2_Stream1_IRQHandler                  0x08000313   Thumb Code     0  startup_stm32f407xx.o(.text)
    DMA2_Stream2_IRQHandler                  0x08000313   Thumb Code     0  startup_stm32f407xx.o(.text)
    DMA2_Stream3_IRQHandler                  0x08000313   Thumb Code     0  startup_stm32f407xx.o(.text)
    DMA2_Stream4_IRQHandler                  0x08000313   Thumb Code     0  startup_stm32f407xx.o(.text)
    DMA2_Stream5_IRQHandler                  0x08000313   Thumb Code     0  startup_stm32f407xx.o(.text)
    DMA2_Stream6_IRQHandler                  0x08000313   Thumb Code     0  startup_stm32f407xx.o(.text)
    DMA2_Stream7_IRQHandler                  0x08000313   Thumb Code     0  startup_stm32f407xx.o(.text)
    ETH_IRQHandler                           0x08000313   Thumb Code     0  startup_stm32f407xx.o(.text)
    ETH_WKUP_IRQHandler                      0x08000313   Thumb Code     0  startup_stm32f407xx.o(.text)
    EXTI0_IRQHandler                         0x08000313   Thumb Code     0  startup_stm32f407xx.o(.text)
    EXTI15_10_IRQHandler                     0x08000313   Thumb Code     0  startup_stm32f407xx.o(.text)
    EXTI1_IRQHandler                         0x08000313   Thumb Code     0  startup_stm32f407xx.o(.text)
    EXTI2_IRQHandler                         0x08000313   Thumb Code     0  startup_stm32f407xx.o(.text)
    EXTI3_IRQHandler                         0x08000313   Thumb Code     0  startup_stm32f407xx.o(.text)
    EXTI4_IRQHandler                         0x08000313   Thumb Code     0  startup_stm32f407xx.o(.text)
    EXTI9_5_IRQHandler                       0x08000313   Thumb Code     0  startup_stm32f407xx.o(.text)
    FLASH_IRQHandler                         0x08000313   Thumb Code     0  startup_stm32f407xx.o(.text)
    FMC_IRQHandler                           0x08000313   Thumb Code     0  startup_stm32f407xx.o(.text)
    FPU_IRQHandler                           0x08000313   Thumb Code     0  startup_stm32f407xx.o(.text)
    HASH_RNG_IRQHandler                      0x08000313   Thumb Code     0  startup_stm32f407xx.o(.text)
    I2C1_ER_IRQHandler                       0x08000313   Thumb Code     0  startup_stm32f407xx.o(.text)
    I2C1_EV_IRQHandler                       0x08000313   Thumb Code     0  startup_stm32f407xx.o(.text)
    I2C2_ER_IRQHandler                       0x08000313   Thumb Code     0  startup_stm32f407xx.o(.text)
    I2C2_EV_IRQHandler                       0x08000313   Thumb Code     0  startup_stm32f407xx.o(.text)
    I2C3_ER_IRQHandler                       0x08000313   Thumb Code     0  startup_stm32f407xx.o(.text)
    I2C3_EV_IRQHandler                       0x08000313   Thumb Code     0  startup_stm32f407xx.o(.text)
    OTG_FS_IRQHandler                        0x08000313   Thumb Code     0  startup_stm32f407xx.o(.text)
    OTG_FS_WKUP_IRQHandler                   0x08000313   Thumb Code     0  startup_stm32f407xx.o(.text)
    OTG_HS_EP1_IN_IRQHandler                 0x08000313   Thumb Code     0  startup_stm32f407xx.o(.text)
    OTG_HS_EP1_OUT_IRQHandler                0x08000313   Thumb Code     0  startup_stm32f407xx.o(.text)
    OTG_HS_IRQHandler                        0x08000313   Thumb Code     0  startup_stm32f407xx.o(.text)
    OTG_HS_WKUP_IRQHandler                   0x08000313   Thumb Code     0  startup_stm32f407xx.o(.text)
    PVD_IRQHandler                           0x08000313   Thumb Code     0  startup_stm32f407xx.o(.text)
    RCC_IRQHandler                           0x08000313   Thumb Code     0  startup_stm32f407xx.o(.text)
    RTC_Alarm_IRQHandler                     0x08000313   Thumb Code     0  startup_stm32f407xx.o(.text)
    RTC_WKUP_IRQHandler                      0x08000313   Thumb Code     0  startup_stm32f407xx.o(.text)
    SDIO_IRQHandler                          0x08000313   Thumb Code     0  startup_stm32f407xx.o(.text)
    SPI1_IRQHandler                          0x08000313   Thumb Code     0  startup_stm32f407xx.o(.text)
    SPI2_IRQHandler                          0x08000313   Thumb Code     0  startup_stm32f407xx.o(.text)
    SPI3_IRQHandler                          0x08000313   Thumb Code     0  startup_stm32f407xx.o(.text)
    TAMP_STAMP_IRQHandler                    0x08000313   Thumb Code     0  startup_stm32f407xx.o(.text)
    TIM1_BRK_TIM9_IRQHandler                 0x08000313   Thumb Code     0  startup_stm32f407xx.o(.text)
    TIM1_CC_IRQHandler                       0x08000313   Thumb Code     0  startup_stm32f407xx.o(.text)
    TIM1_TRG_COM_TIM11_IRQHandler            0x08000313   Thumb Code     0  startup_stm32f407xx.o(.text)
    TIM1_UP_TIM10_IRQHandler                 0x08000313   Thumb Code     0  startup_stm32f407xx.o(.text)
    TIM2_IRQHandler                          0x08000313   Thumb Code     0  startup_stm32f407xx.o(.text)
    TIM3_IRQHandler                          0x08000313   Thumb Code     0  startup_stm32f407xx.o(.text)
    TIM4_IRQHandler                          0x08000313   Thumb Code     0  startup_stm32f407xx.o(.text)
    TIM5_IRQHandler                          0x08000313   Thumb Code     0  startup_stm32f407xx.o(.text)
    TIM7_IRQHandler                          0x08000313   Thumb Code     0  startup_stm32f407xx.o(.text)
    TIM8_BRK_TIM12_IRQHandler                0x08000313   Thumb Code     0  startup_stm32f407xx.o(.text)
    TIM8_CC_IRQHandler                       0x08000313   Thumb Code     0  startup_stm32f407xx.o(.text)
    TIM8_TRG_COM_TIM14_IRQHandler            0x08000313   Thumb Code     0  startup_stm32f407xx.o(.text)
    TIM8_UP_TIM13_IRQHandler                 0x08000313   Thumb Code     0  startup_stm32f407xx.o(.text)
    UART4_IRQHandler                         0x08000313   Thumb Code     0  startup_stm32f407xx.o(.text)
    UART5_IRQHandler                         0x08000313   Thumb Code     0  startup_stm32f407xx.o(.text)
    USART1_IRQHandler                        0x08000313   Thumb Code     0  startup_stm32f407xx.o(.text)
    USART2_IRQHandler                        0x08000313   Thumb Code     0  startup_stm32f407xx.o(.text)
    USART3_IRQHandler                        0x08000313   Thumb Code     0  startup_stm32f407xx.o(.text)
    USART6_IRQHandler                        0x08000313   Thumb Code     0  startup_stm32f407xx.o(.text)
    WWDG_IRQHandler                          0x08000313   Thumb Code     0  startup_stm32f407xx.o(.text)
    __user_initial_stackheap                 0x08000315   Thumb Code     0  startup_stm32f407xx.o(.text)
    __aeabi_uldivmod                         0x08000339   Thumb Code     0  lludivv7m.o(.text)
    _ll_udiv                                 0x08000339   Thumb Code   238  lludivv7m.o(.text)
    __2snprintf                              0x08000429   Thumb Code    48  noretval__2snprintf.o(.text)
    _printf_str                              0x0800045d   Thumb Code    82  _printf_str.o(.text)
    _printf_int_dec                          0x080004b1   Thumb Code   104  _printf_dec.o(.text)
    __printf                                 0x08000529   Thumb Code   184  __printf_ss.o(.text)
    strstr                                   0x080005e1   Thumb Code    36  strstr.o(.text)
    strlen                                   0x08000605   Thumb Code    62  strlen.o(.text)
    __aeabi_memcpy                           0x08000643   Thumb Code     0  rt_memcpy_v6.o(.text)
    __rt_memcpy                              0x08000643   Thumb Code   138  rt_memcpy_v6.o(.text)
    _memcpy_lastbytes                        0x080006a9   Thumb Code     0  rt_memcpy_v6.o(.text)
    __aeabi_memcpy4                          0x080006cd   Thumb Code     0  rt_memcpy_w.o(.text)
    __aeabi_memcpy8                          0x080006cd   Thumb Code     0  rt_memcpy_w.o(.text)
    __rt_memcpy_w                            0x080006cd   Thumb Code   100  rt_memcpy_w.o(.text)
    _memcpy_lastbytes_aligned                0x08000715   Thumb Code     0  rt_memcpy_w.o(.text)
    __aeabi_memset                           0x08000731   Thumb Code    16  aeabi_memset.o(.text)
    __aeabi_memclr                           0x08000741   Thumb Code     0  rt_memclr.o(.text)
    __rt_memclr                              0x08000741   Thumb Code    68  rt_memclr.o(.text)
    _memset                                  0x08000745   Thumb Code     0  rt_memclr.o(.text)
    __aeabi_memclr4                          0x08000785   Thumb Code     0  rt_memclr_w.o(.text)
    __aeabi_memclr8                          0x08000785   Thumb Code     0  rt_memclr_w.o(.text)
    __rt_memclr_w                            0x08000785   Thumb Code    78  rt_memclr_w.o(.text)
    _memset_w                                0x08000789   Thumb Code     0  rt_memclr_w.o(.text)
    __use_two_region_memory                  0x080007d3   Thumb Code     2  heapauxi.o(.text)
    __rt_heap_escrow$2region                 0x080007d5   Thumb Code     2  heapauxi.o(.text)
    __rt_heap_expand$2region                 0x080007d7   Thumb Code     2  heapauxi.o(.text)
    _printf_int_common                       0x080007d9   Thumb Code   178  _printf_intcommon.o(.text)
    _printf_char_common                      0x08000897   Thumb Code    32  _printf_char_common.o(.text)
    _sputc                                   0x080008bd   Thumb Code    10  _sputc.o(.text)
    _snputc                                  0x080008c7   Thumb Code    16  _snputc.o(.text)
    _printf_cs_common                        0x080008d7   Thumb Code    20  _printf_char.o(.text)
    _printf_char                             0x080008eb   Thumb Code    16  _printf_char.o(.text)
    _printf_string                           0x080008fb   Thumb Code     8  _printf_char.o(.text)
    __user_setup_stackheap                   0x08000903   Thumb Code    74  sys_stackheap_outer.o(.text)
    exit                                     0x0800094d   Thumb Code    18  exit.o(.text)
    __user_libspace                          0x08000961   Thumb Code     8  libspace.o(.text)
    __user_perproc_libspace                  0x08000961   Thumb Code     0  libspace.o(.text)
    __user_perthread_libspace                0x08000961   Thumb Code     0  libspace.o(.text)
    _sys_exit                                0x08000969   Thumb Code     8  sys_exit.o(.text)
    __I$use$semihosting                      0x08000975   Thumb Code     0  use_no_semi.o(.text)
    __use_no_semihosting_swi                 0x08000975   Thumb Code     2  use_no_semi.o(.text)
    BusFault_Handler                         0x08000977   Thumb Code     2  stm32f4xx_it.o(i.BusFault_Handler)
    __semihosting_library_function           0x08000977   Thumb Code     0  indicate_semi.o(.text)
    DebugMon_Handler                         0x08000979   Thumb Code     2  stm32f4xx_it.o(i.DebugMon_Handler)
    Error_Handler                            0x08000c49   Thumb Code     4  main.o(i.Error_Handler)
    HAL_Delay                                0x08000ca5   Thumb Code    32  stm32f4xx_hal.o(i.HAL_Delay)
    HAL_GPIO_Init                            0x08000cc9   Thumb Code   450  stm32f4xx_hal_gpio.o(i.HAL_GPIO_Init)
    HAL_GPIO_ReadPin                         0x08000eb9   Thumb Code    10  stm32f4xx_hal_gpio.o(i.HAL_GPIO_ReadPin)
    HAL_GPIO_WritePin                        0x08000ec3   Thumb Code    10  stm32f4xx_hal_gpio.o(i.HAL_GPIO_WritePin)
    HAL_GetTick                              0x08000ecd   Thumb Code     6  stm32f4xx_hal.o(i.HAL_GetTick)
    HAL_IncTick                              0x08000ed9   Thumb Code    12  stm32f4xx_hal.o(i.HAL_IncTick)
    HAL_Init                                 0x08000ee9   Thumb Code    48  stm32f4xx_hal.o(i.HAL_Init)
    HAL_InitTick                             0x08000f1d   Thumb Code   132  stm32f4xx_hal_timebase_tim.o(i.HAL_InitTick)
    HAL_MspInit                              0x08000fb5   Thumb Code    52  stm32f4xx_hal_msp.o(i.HAL_MspInit)
    HAL_NVIC_EnableIRQ                       0x08000fed   Thumb Code    26  stm32f4xx_hal_cortex.o(i.HAL_NVIC_EnableIRQ)
    HAL_NVIC_SetPriority                     0x08001009   Thumb Code    60  stm32f4xx_hal_cortex.o(i.HAL_NVIC_SetPriority)
    HAL_NVIC_SetPriorityGrouping             0x08001049   Thumb Code    26  stm32f4xx_hal_cortex.o(i.HAL_NVIC_SetPriorityGrouping)
    HAL_RCCEx_PeriphCLKConfig                0x0800106d   Thumb Code   296  stm32f4xx_hal_rcc_ex.o(i.HAL_RCCEx_PeriphCLKConfig)
    HAL_RCC_ClockConfig                      0x080011a9   Thumb Code   288  stm32f4xx_hal_rcc.o(i.HAL_RCC_ClockConfig)
    HAL_RCC_GetClockConfig                   0x080012dd   Thumb Code    54  stm32f4xx_hal_rcc.o(i.HAL_RCC_GetClockConfig)
    HAL_RCC_GetPCLK1Freq                     0x0800131d   Thumb Code    20  stm32f4xx_hal_rcc.o(i.HAL_RCC_GetPCLK1Freq)
    HAL_RCC_GetPCLK2Freq                     0x0800133d   Thumb Code    20  stm32f4xx_hal_rcc.o(i.HAL_RCC_GetPCLK2Freq)
    HAL_RCC_GetSysClockFreq                  0x0800135d   Thumb Code    88  stm32f4xx_hal_rcc.o(i.HAL_RCC_GetSysClockFreq)
    HAL_RCC_OscConfig                        0x080013bd   Thumb Code   856  stm32f4xx_hal_rcc.o(i.HAL_RCC_OscConfig)
    HAL_RTC_Init                             0x08001729   Thumb Code   150  stm32f4xx_hal_rtc.o(i.HAL_RTC_Init)
    HAL_RTC_MspInit                          0x080017c5   Thumb Code    48  rtc.o(i.HAL_RTC_MspInit)
    HAL_RTC_SetDate                          0x080017fd   Thumb Code   146  stm32f4xx_hal_rtc.o(i.HAL_RTC_SetDate)
    HAL_RTC_SetTime                          0x08001895   Thumb Code   186  stm32f4xx_hal_rtc.o(i.HAL_RTC_SetTime)
    HAL_RTC_WaitForSynchro                   0x08001955   Thumb Code    50  stm32f4xx_hal_rtc.o(i.HAL_RTC_WaitForSynchro)
    HAL_SPI_Init                             0x0800198d   Thumb Code   188  stm32f4xx_hal_spi.o(i.HAL_SPI_Init)
    HAL_SPI_MspInit                          0x08001a49   Thumb Code    92  spi.o(i.HAL_SPI_MspInit)
    HAL_SPI_Transmit                         0x08001ab1   Thumb Code   358  stm32f4xx_hal_spi.o(i.HAL_SPI_Transmit)
    HAL_TIMEx_BreakCallback                  0x08001c17   Thumb Code     2  stm32f4xx_hal_tim_ex.o(i.HAL_TIMEx_BreakCallback)
    HAL_TIMEx_CommutCallback                 0x08001c19   Thumb Code     2  stm32f4xx_hal_tim_ex.o(i.HAL_TIMEx_CommutCallback)
    HAL_TIM_Base_Init                        0x08001c1b   Thumb Code    90  stm32f4xx_hal_tim.o(i.HAL_TIM_Base_Init)
    HAL_TIM_Base_MspInit                     0x08001c75   Thumb Code     2  stm32f4xx_hal_tim.o(i.HAL_TIM_Base_MspInit)
    HAL_TIM_Base_Start_IT                    0x08001c79   Thumb Code   100  stm32f4xx_hal_tim.o(i.HAL_TIM_Base_Start_IT)
    HAL_TIM_IC_CaptureCallback               0x08001cf9   Thumb Code     2  stm32f4xx_hal_tim.o(i.HAL_TIM_IC_CaptureCallback)
    HAL_TIM_IRQHandler                       0x08001cfb   Thumb Code   304  stm32f4xx_hal_tim.o(i.HAL_TIM_IRQHandler)
    HAL_TIM_OC_DelayElapsedCallback          0x08001e2b   Thumb Code     2  stm32f4xx_hal_tim.o(i.HAL_TIM_OC_DelayElapsedCallback)
    HAL_TIM_PWM_PulseFinishedCallback        0x08001e2d   Thumb Code     2  stm32f4xx_hal_tim.o(i.HAL_TIM_PWM_PulseFinishedCallback)
    HAL_TIM_PeriodElapsedCallback            0x08001e31   Thumb Code    14  main.o(i.HAL_TIM_PeriodElapsedCallback)
    HAL_TIM_TriggerCallback                  0x08001e45   Thumb Code     2  stm32f4xx_hal_tim.o(i.HAL_TIM_TriggerCallback)
    HAL_UART_Init                            0x08001e47   Thumb Code   100  stm32f4xx_hal_uart.o(i.HAL_UART_Init)
    HAL_UART_MspInit                         0x08001ead   Thumb Code    94  usart.o(i.HAL_UART_MspInit)
    HAL_UART_Receive                         0x08001f19   Thumb Code   176  stm32f4xx_hal_uart.o(i.HAL_UART_Receive)
    HAL_UART_Transmit                        0x08001fc9   Thumb Code   160  stm32f4xx_hal_uart.o(i.HAL_UART_Transmit)
    HardFault_Handler                        0x08002069   Thumb Code     2  stm32f4xx_it.o(i.HardFault_Handler)
    MX_FREERTOS_Init                         0x0800206d   Thumb Code    98  freertos.o(i.MX_FREERTOS_Init)
    MX_GPIO_Init                             0x080020ed   Thumb Code   226  gpio.o(i.MX_GPIO_Init)
    MX_RTC_Init                              0x080021e5   Thumb Code   120  rtc.o(i.MX_RTC_Init)
    MX_SPI3_Init                             0x08002265   Thumb Code    62  spi.o(i.MX_SPI3_Init)
    MX_USART1_UART_Init                      0x080022ad   Thumb Code    48  usart.o(i.MX_USART1_UART_Init)
    MemManage_Handler                        0x080022e5   Thumb Code     2  stm32f4xx_it.o(i.MemManage_Handler)
    NMI_Handler                              0x080022e7   Thumb Code     2  stm32f4xx_it.o(i.NMI_Handler)
    RTC_ByteToBcd2                           0x080022e9   Thumb Code    22  stm32f4xx_hal_rtc.o(i.RTC_ByteToBcd2)
    RTC_EnterInitMode                        0x08002301   Thumb Code    72  stm32f4xx_hal_rtc.o(i.RTC_EnterInitMode)
    RTC_ExitInitMode                         0x08002349   Thumb Code    42  stm32f4xx_hal_rtc.o(i.RTC_ExitInitMode)
    StartKeyTask                             0x0800249d   Thumb Code   238  freertos.o(i.StartKeyTask)
    StartNetworkTask                         0x08002595   Thumb Code   102  freertos.o(i.StartNetworkTask)
    StartTaskTask                            0x0800261d   Thumb Code     8  freertos.o(i.StartTaskTask)
    StartUiTask                              0x08002625   Thumb Code   118  freertos.o(i.StartUiTask)
    StartWeatherTask                         0x080026a1   Thumb Code    76  freertos.o(i.StartWeatherTask)
    SysTick_Handler                          0x080026f5   Thumb Code    26  cmsis_os2.o(i.SysTick_Handler)
    SystemClock_Config                       0x08002711   Thumb Code   148  main.o(i.SystemClock_Config)
    SystemInit                               0x080027ad   Thumb Code    12  system_stm32f4xx.o(i.SystemInit)
    TIM6_DAC_IRQHandler                      0x080027bd   Thumb Code     6  stm32f4xx_it.o(i.TIM6_DAC_IRQHandler)
    TIM_Base_SetConfig                       0x080027c9   Thumb Code   164  stm32f4xx_hal_tim.o(i.TIM_Base_SetConfig)
    UsageFault_Handler                       0x08002d61   Thumb Code     2  stm32f4xx_it.o(i.UsageFault_Handler)
    Z_ST7735S_Init                           0x08002e1d   Thumb Code   502  st7735.o(i.Z_ST7735S_Init)
    Z_ST7735S_RefreshAll                     0x08003019   Thumb Code    44  st7735.o(i.Z_ST7735S_RefreshAll)
    Z_ST7735S_Send16bitsRGB                  0x08003045   Thumb Code    20  st7735.o(i.Z_ST7735S_Send16bitsRGB)
    Z_ST7735S_SendCommand                    0x08003071   Thumb Code    32  st7735.o(i.Z_ST7735S_SendCommand)
    Z_ST7735S_SendData                       0x08003091   Thumb Code    32  st7735.o(i.Z_ST7735S_SendData)
    Z_ST7735S_SetDC                          0x080030c9   Thumb Code    20  st7735.o(i.Z_ST7735S_SetDC)
    Z_ST7735S_SetRST                         0x080030e1   Thumb Code    20  st7735.o(i.Z_ST7735S_SetRST)
    Z_ST7735S_SpecifyScope                   0x080030f9   Thumb Code    82  st7735.o(i.Z_ST7735S_SpecifyScope)
    Z_ST7735_ShowChar                        0x0800314d   Thumb Code   164  st7735.o(i.Z_ST7735_ShowChar)
    Z_ST7735_ShowString                      0x08003211   Thumb Code    44  st7735.o(i.Z_ST7735_ShowString)
    main                                     0x0800325d   Thumb Code    38  main.o(i.main)
    osDelay                                  0x08003283   Thumb Code    26  cmsis_os2.o(i.osDelay)
    osKernelGetTickCount                     0x0800329d   Thumb Code    14  cmsis_os2.o(i.osKernelGetTickCount)
    osKernelInitialize                       0x080032ad   Thumb Code    32  cmsis_os2.o(i.osKernelInitialize)
    osKernelStart                            0x080032d1   Thumb Code    48  cmsis_os2.o(i.osKernelStart)
    osMessageQueueGet                        0x08003309   Thumb Code    96  cmsis_os2.o(i.osMessageQueueGet)
    osMessageQueueNew                        0x0800336d   Thumb Code    88  cmsis_os2.o(i.osMessageQueueNew)
    osMessageQueuePut                        0x080033c5   Thumb Code   100  cmsis_os2.o(i.osMessageQueuePut)
    osMutexAcquire                           0x0800342d   Thumb Code    82  cmsis_os2.o(i.osMutexAcquire)
    osMutexNew                               0x0800347f   Thumb Code   104  cmsis_os2.o(i.osMutexNew)
    osMutexRelease                           0x080034e7   Thumb Code    66  cmsis_os2.o(i.osMutexRelease)
    osThreadNew                              0x08003529   Thumb Code   138  cmsis_os2.o(i.osThreadNew)
    pvPortMalloc                             0x08003d61   Thumb Code   216  heap_4.o(i.pvPortMalloc)
    pvTaskIncrementMutexHeldCount            0x08003e3d   Thumb Code    18  tasks.o(i.pvTaskIncrementMutexHeldCount)
    pxPortInitialiseStack                    0x08003e55   Thumb Code    40  port.o(i.pxPortInitialiseStack)
    uxListRemove                             0x08003e81   Thumb Code    38  list.o(i.uxListRemove)
    vApplicationGetIdleTaskMemory            0x08003ea9   Thumb Code    16  cmsis_os2.o(i.vApplicationGetIdleTaskMemory)
    vApplicationGetTimerTaskMemory           0x08003ebd   Thumb Code    18  cmsis_os2.o(i.vApplicationGetTimerTaskMemory)
    vListInitialise                          0x08003ed5   Thumb Code    22  list.o(i.vListInitialise)
    vListInitialiseItem                      0x08003eeb   Thumb Code     6  list.o(i.vListInitialiseItem)
    vListInsert                              0x08003ef1   Thumb Code    48  list.o(i.vListInsert)
    vListInsertEnd                           0x08003f21   Thumb Code    24  list.o(i.vListInsertEnd)
    vPortEnterCritical                       0x08003f39   Thumb Code    54  port.o(i.vPortEnterCritical)
    vPortExitCritical                        0x08003f79   Thumb Code    34  port.o(i.vPortExitCritical)
    vPortFree                                0x08003fa1   Thumb Code    94  heap_4.o(i.vPortFree)
    vPortSetupTimerInterrupt                 0x08004005   Thumb Code    32  port.o(i.vPortSetupTimerInterrupt)
    vPortValidateInterruptPriority           0x08004029   Thumb Code    74  port.o(i.vPortValidateInterruptPriority)
    vQueueAddToRegistry                      0x0800407d   Thumb Code    34  queue.o(i.vQueueAddToRegistry)
    vQueueWaitForMessageRestricted           0x080040a5   Thumb Code    68  queue.o(i.vQueueWaitForMessageRestricted)
    vTaskDelay                               0x080040e9   Thumb Code    66  tasks.o(i.vTaskDelay)
    vTaskInternalSetTimeOutState             0x08004135   Thumb Code    12  tasks.o(i.vTaskInternalSetTimeOutState)
    vTaskMissedYield                         0x08004145   Thumb Code     8  tasks.o(i.vTaskMissedYield)
    vTaskPlaceOnEventList                    0x08004151   Thumb Code    44  tasks.o(i.vTaskPlaceOnEventList)
    vTaskPlaceOnEventListRestricted          0x08004181   Thumb Code    52  tasks.o(i.vTaskPlaceOnEventListRestricted)
    vTaskPriorityDisinheritAfterTimeout      0x080041b9   Thumb Code   134  tasks.o(i.vTaskPriorityDisinheritAfterTimeout)
    vTaskStartScheduler                      0x08004249   Thumb Code   118  tasks.o(i.vTaskStartScheduler)
    vTaskSuspendAll                          0x080042d1   Thumb Code    10  tasks.o(i.vTaskSuspendAll)
    vTaskSwitchContext                       0x080042e1   Thumb Code    90  tasks.o(i.vTaskSwitchContext)
    xPortStartScheduler                      0x08004345   Thumb Code   222  port.o(i.xPortStartScheduler)
    xPortSysTickHandler                      0x08004439   Thumb Code    38  port.o(i.xPortSysTickHandler)
    xQueueCreateMutex                        0x08004465   Thumb Code    22  queue.o(i.xQueueCreateMutex)
    xQueueCreateMutexStatic                  0x0800447b   Thumb Code    26  queue.o(i.xQueueCreateMutexStatic)
    xQueueGenericCreate                      0x08004495   Thumb Code    66  queue.o(i.xQueueGenericCreate)
    xQueueGenericCreateStatic                0x080044d7   Thumb Code   102  queue.o(i.xQueueGenericCreateStatic)
    xQueueGenericReset                       0x0800453d   Thumb Code   132  queue.o(i.xQueueGenericReset)
    xQueueGenericSend                        0x080045c5   Thumb Code   346  queue.o(i.xQueueGenericSend)
    xQueueGenericSendFromISR                 0x08004725   Thumb Code   190  queue.o(i.xQueueGenericSendFromISR)
    xQueueGiveMutexRecursive                 0x080047e3   Thumb Code    62  queue.o(i.xQueueGiveMutexRecursive)
    xQueueReceive                            0x08004821   Thumb Code   308  queue.o(i.xQueueReceive)
    xQueueReceiveFromISR                     0x08004959   Thumb Code   154  queue.o(i.xQueueReceiveFromISR)
    xQueueSemaphoreTake                      0x080049f5   Thumb Code   372  queue.o(i.xQueueSemaphoreTake)
    xQueueTakeMutexRecursive                 0x08004b6d   Thumb Code    64  queue.o(i.xQueueTakeMutexRecursive)
    xTaskCheckForTimeOut                     0x08004bad   Thumb Code   112  tasks.o(i.xTaskCheckForTimeOut)
    xTaskCreate                              0x08004c21   Thumb Code    90  tasks.o(i.xTaskCreate)
    xTaskCreateStatic                        0x08004c7b   Thumb Code    86  tasks.o(i.xTaskCreateStatic)
    xTaskGetCurrentTaskHandle                0x08004cd1   Thumb Code     6  tasks.o(i.xTaskGetCurrentTaskHandle)
    xTaskGetSchedulerState                   0x08004cdd   Thumb Code    22  tasks.o(i.xTaskGetSchedulerState)
    xTaskGetTickCount                        0x08004cf9   Thumb Code     6  tasks.o(i.xTaskGetTickCount)
    xTaskGetTickCountFromISR                 0x08004d05   Thumb Code    12  tasks.o(i.xTaskGetTickCountFromISR)
    xTaskIncrementTick                       0x08004d15   Thumb Code   192  tasks.o(i.xTaskIncrementTick)
    xTaskPriorityDisinherit                  0x08004ddd   Thumb Code   118  tasks.o(i.xTaskPriorityDisinherit)
    xTaskPriorityInherit                     0x08004e5d   Thumb Code   112  tasks.o(i.xTaskPriorityInherit)
    xTaskRemoveFromEventList                 0x08004ed5   Thumb Code    98  tasks.o(i.xTaskRemoveFromEventList)
    xTaskResumeAll                           0x08004f45   Thumb Code   182  tasks.o(i.xTaskResumeAll)
    xTimerCreateTimerTask                    0x08005009   Thumb Code    78  timers.o(i.xTimerCreateTimerTask)
    xTimerGenericCommand                     0x08005069   Thumb Code    98  timers.o(i.xTimerGenericCommand)
    _fp_init                                 0x080050d1   Thumb Code    10  fpinit.o(x$fpl$fpinit)
    __fplib_config_fpu_vfp                   0x080050d9   Thumb Code     0  fpinit.o(x$fpl$fpinit)
    __fplib_config_pureend_doubles           0x080050d9   Thumb Code     0  fpinit.o(x$fpl$fpinit)
    Z_ST7735S_Font                           0x080050da   Data         160  fonts.o(.constdata)
    Z_ST7735S_Du                             0x0800517a   Data          16  fonts.o(.constdata)
    Z_ST7735S_FontAlpha                      0x0800518a   Data         416  fonts.o(.constdata)
    Z_ST7735S_FontAlphaLower                 0x0800532a   Data         416  fonts.o(.constdata)
    Z_ST7735S_FontSpace                      0x080054ca   Data          16  fonts.o(.constdata)
    Z_ST7735S_FontColon                      0x080054da   Data          16  fonts.o(.constdata)
    Z_ST7735S_FontMinus                      0x080054ea   Data          16  fonts.o(.constdata)
    Z_ST7735S_FontPercent                    0x080054fa   Data          16  fonts.o(.constdata)
    espMutex_attributes                      0x0800550c   Data          16  freertos.o(.constdata)
    KeyTask_attributes                       0x0800551c   Data          36  freertos.o(.constdata)
    UiTask_attributes                        0x08005540   Data          36  freertos.o(.constdata)
    TimeTask_attributes                      0x08005564   Data          36  freertos.o(.constdata)
    NetworkTask_attributes                   0x08005588   Data          36  freertos.o(.constdata)
    WeatherTask_attributes                   0x080055ac   Data          36  freertos.o(.constdata)
    uiQueue_attributes                       0x080055d0   Data          24  freertos.o(.constdata)
    AHBPrescTable                            0x080055e8   Data          16  system_stm32f4xx.o(.constdata)
    APBPrescTable                            0x080055f8   Data           8  system_stm32f4xx.o(.constdata)
    Region$$Table$$Base                      0x080056c0   Number         0  anon$$obj.o(Region$$Table)
    Region$$Table$$Limit                     0x080056e0   Number         0  anon$$obj.o(Region$$Table)
    KeyTaskHandle                            0x20000008   Data           4  freertos.o(.data)
    UiTaskHandle                             0x2000000c   Data           4  freertos.o(.data)
    TimeTaskHandle                           0x20000010   Data           4  freertos.o(.data)
    NetworkTaskHandle                        0x20000014   Data           4  freertos.o(.data)
    WeatherTaskHandle                        0x20000018   Data           4  freertos.o(.data)
    uiQueueHandle                            0x2000001c   Data           4  freertos.o(.data)
    uwTickFreq                               0x20000088   Data           1  stm32f4xx_hal.o(.data)
    uwTickPrio                               0x2000008c   Data           4  stm32f4xx_hal.o(.data)
    uwTick                                   0x20000090   Data           4  stm32f4xx_hal.o(.data)
    SystemCoreClock                          0x20000094   Data           4  system_stm32f4xx.o(.data)
    pxCurrentTCB                             0x20000098   Data           4  tasks.o(.data)
    hrtc                                     0x20001118   Data          32  rtc.o(.bss)
    hspi3                                    0x20001138   Data          88  spi.o(.bss)
    huart1                                   0x20001190   Data          72  usart.o(.bss)
    htim6                                    0x200011d8   Data          72  stm32f4xx_hal_timebase_tim.o(.bss)
    xQueueRegistry                           0x20001220   Data          64  queue.o(.bss)
    __libspace_start                         0x20005af4   Data          96  libspace.o(.bss)
    __temporary_stack_top$libspace           0x20005b54   Data           0  libspace.o(.bss)



==============================================================================

Memory Map of the image

  Image Entry point : 0x08000189

  Load Region LR_IROM1 (Base: 0x08000000, Size: 0x000057f8, Max: 0x00100000, ABSOLUTE)

    Execution Region ER_IROM1 (Exec base: 0x08000000, Load base: 0x08000000, Size: 0x000056e0, Max: 0x00100000, ABSOLUTE)

    Exec Addr    Load Addr    Size         Type   Attr      Idx    E Section Name        Object

    0x08000000   0x08000000   0x00000188   Data   RO            3    RESET               startup_stm32f407xx.o
    0x08000188   0x08000188   0x00000008   Code   RO         5820  * !!!main             c_w.l(__main.o)
    0x08000190   0x08000190   0x00000034   Code   RO         6000    !!!scatter          c_w.l(__scatter.o)
    0x080001c4   0x080001c4   0x0000001a   Code   RO         6002    !!handler_copy      c_w.l(__scatter_copy.o)
    0x080001de   0x080001de   0x00000002   PAD
    0x080001e0   0x080001e0   0x0000001c   Code   RO         6004    !!handler_zi        c_w.l(__scatter_zi.o)
    0x080001fc   0x080001fc   0x00000000   Code   RO         5801    .ARM.Collect$$_printf_percent$$00000000  c_w.l(_printf_percent.o)
    0x080001fc   0x080001fc   0x00000006   Code   RO         5800    .ARM.Collect$$_printf_percent$$0000000A  c_w.l(_printf_u.o)
    0x08000202   0x08000202   0x00000006   Code   RO         5799    .ARM.Collect$$_printf_percent$$00000014  c_w.l(_printf_s.o)
    0x08000208   0x08000208   0x00000004   Code   RO         5837    .ARM.Collect$$_printf_percent$$00000017  c_w.l(_printf_percent_end.o)
    0x0800020c   0x0800020c   0x00000002   Code   RO         5870    .ARM.Collect$$libinit$$00000000  c_w.l(libinit.o)
    0x0800020e   0x0800020e   0x00000004   Code   RO         5882    .ARM.Collect$$libinit$$00000001  c_w.l(libinit2.o)
    0x08000212   0x08000212   0x00000000   Code   RO         5885    .ARM.Collect$$libinit$$00000004  c_w.l(libinit2.o)
    0x08000212   0x08000212   0x00000000   Code   RO         5888    .ARM.Collect$$libinit$$0000000A  c_w.l(libinit2.o)
    0x08000212   0x08000212   0x00000000   Code   RO         5890    .ARM.Collect$$libinit$$0000000C  c_w.l(libinit2.o)
    0x08000212   0x08000212   0x00000000   Code   RO         5892    .ARM.Collect$$libinit$$0000000E  c_w.l(libinit2.o)
    0x08000212   0x08000212   0x00000000   Code   RO         5895    .ARM.Collect$$libinit$$00000011  c_w.l(libinit2.o)
    0x08000212   0x08000212   0x00000000   Code   RO         5897    .ARM.Collect$$libinit$$00000013  c_w.l(libinit2.o)
    0x08000212   0x08000212   0x00000000   Code   RO         5899    .ARM.Collect$$libinit$$00000015  c_w.l(libinit2.o)
    0x08000212   0x08000212   0x00000000   Code   RO         5901    .ARM.Collect$$libinit$$00000017  c_w.l(libinit2.o)
    0x08000212   0x08000212   0x00000000   Code   RO         5903    .ARM.Collect$$libinit$$00000019  c_w.l(libinit2.o)
    0x08000212   0x08000212   0x00000000   Code   RO         5905    .ARM.Collect$$libinit$$0000001B  c_w.l(libinit2.o)
    0x08000212   0x08000212   0x00000000   Code   RO         5907    .ARM.Collect$$libinit$$0000001D  c_w.l(libinit2.o)
    0x08000212   0x08000212   0x00000000   Code   RO         5909    .ARM.Collect$$libinit$$0000001F  c_w.l(libinit2.o)
    0x08000212   0x08000212   0x00000000   Code   RO         5911    .ARM.Collect$$libinit$$00000021  c_w.l(libinit2.o)
    0x08000212   0x08000212   0x00000000   Code   RO         5913    .ARM.Collect$$libinit$$00000023  c_w.l(libinit2.o)
    0x08000212   0x08000212   0x00000000   Code   RO         5915    .ARM.Collect$$libinit$$00000025  c_w.l(libinit2.o)
    0x08000212   0x08000212   0x00000000   Code   RO         5919    .ARM.Collect$$libinit$$0000002C  c_w.l(libinit2.o)
    0x08000212   0x08000212   0x00000000   Code   RO         5921    .ARM.Collect$$libinit$$0000002E  c_w.l(libinit2.o)
    0x08000212   0x08000212   0x00000000   Code   RO         5923    .ARM.Collect$$libinit$$00000030  c_w.l(libinit2.o)
    0x08000212   0x08000212   0x00000000   Code   RO         5925    .ARM.Collect$$libinit$$00000032  c_w.l(libinit2.o)
    0x08000212   0x08000212   0x00000002   Code   RO         5926    .ARM.Collect$$libinit$$00000033  c_w.l(libinit2.o)
    0x08000214   0x08000214   0x00000002   Code   RO         5957    .ARM.Collect$$libshutdown$$00000000  c_w.l(libshutdown.o)
    0x08000216   0x08000216   0x00000000   Code   RO         5983    .ARM.Collect$$libshutdown$$00000002  c_w.l(libshutdown2.o)
    0x08000216   0x08000216   0x00000000   Code   RO         5985    .ARM.Collect$$libshutdown$$00000004  c_w.l(libshutdown2.o)
    0x08000216   0x08000216   0x00000000   Code   RO         5988    .ARM.Collect$$libshutdown$$00000007  c_w.l(libshutdown2.o)
    0x08000216   0x08000216   0x00000000   Code   RO         5991    .ARM.Collect$$libshutdown$$0000000A  c_w.l(libshutdown2.o)
    0x08000216   0x08000216   0x00000000   Code   RO         5993    .ARM.Collect$$libshutdown$$0000000C  c_w.l(libshutdown2.o)
    0x08000216   0x08000216   0x00000000   Code   RO         5996    .ARM.Collect$$libshutdown$$0000000F  c_w.l(libshutdown2.o)
    0x08000216   0x08000216   0x00000002   Code   RO         5997    .ARM.Collect$$libshutdown$$00000010  c_w.l(libshutdown2.o)
    0x08000218   0x08000218   0x00000000   Code   RO         5822    .ARM.Collect$$rtentry$$00000000  c_w.l(__rtentry.o)
    0x08000218   0x08000218   0x00000000   Code   RO         5839    .ARM.Collect$$rtentry$$00000002  c_w.l(__rtentry2.o)
    0x08000218   0x08000218   0x00000006   Code   RO         5851    .ARM.Collect$$rtentry$$00000004  c_w.l(__rtentry4.o)
    0x0800021e   0x0800021e   0x00000000   Code   RO         5841    .ARM.Collect$$rtentry$$00000009  c_w.l(__rtentry2.o)
    0x0800021e   0x0800021e   0x00000004   Code   RO         5842    .ARM.Collect$$rtentry$$0000000A  c_w.l(__rtentry2.o)
    0x08000222   0x08000222   0x00000000   Code   RO         5844    .ARM.Collect$$rtentry$$0000000C  c_w.l(__rtentry2.o)
    0x08000222   0x08000222   0x00000008   Code   RO         5845    .ARM.Collect$$rtentry$$0000000D  c_w.l(__rtentry2.o)
    0x0800022a   0x0800022a   0x00000002   Code   RO         5874    .ARM.Collect$$rtexit$$00000000  c_w.l(rtexit.o)
    0x0800022c   0x0800022c   0x00000000   Code   RO         5930    .ARM.Collect$$rtexit$$00000002  c_w.l(rtexit2.o)
    0x0800022c   0x0800022c   0x00000004   Code   RO         5931    .ARM.Collect$$rtexit$$00000003  c_w.l(rtexit2.o)
    0x08000230   0x08000230   0x00000006   Code   RO         5932    .ARM.Collect$$rtexit$$00000004  c_w.l(rtexit2.o)
    0x08000236   0x08000236   0x00000002   PAD
    0x08000238   0x08000238   0x000000be   Code   RO         5688    .emb_text           port.o
    0x080002f6   0x080002f6   0x00000002   PAD
    0x080002f8   0x080002f8   0x00000040   Code   RO            4    .text               startup_stm32f407xx.o
    0x08000338   0x08000338   0x000000ee   Code   RO         5767    .text               c_w.l(lludivv7m.o)
    0x08000426   0x08000426   0x00000002   PAD
    0x08000428   0x08000428   0x00000034   Code   RO         5771    .text               c_w.l(noretval__2snprintf.o)
    0x0800045c   0x0800045c   0x00000052   Code   RO         5775    .text               c_w.l(_printf_str.o)
    0x080004ae   0x080004ae   0x00000002   PAD
    0x080004b0   0x080004b0   0x00000078   Code   RO         5777    .text               c_w.l(_printf_dec.o)
    0x08000528   0x08000528   0x000000b8   Code   RO         5782    .text               c_w.l(__printf_ss.o)
    0x080005e0   0x080005e0   0x00000024   Code   RO         5802    .text               c_w.l(strstr.o)
    0x08000604   0x08000604   0x0000003e   Code   RO         5804    .text               c_w.l(strlen.o)
    0x08000642   0x08000642   0x0000008a   Code   RO         5806    .text               c_w.l(rt_memcpy_v6.o)
    0x080006cc   0x080006cc   0x00000064   Code   RO         5808    .text               c_w.l(rt_memcpy_w.o)
    0x08000730   0x08000730   0x00000010   Code   RO         5812    .text               c_w.l(aeabi_memset.o)
    0x08000740   0x08000740   0x00000044   Code   RO         5814    .text               c_w.l(rt_memclr.o)
    0x08000784   0x08000784   0x0000004e   Code   RO         5816    .text               c_w.l(rt_memclr_w.o)
    0x080007d2   0x080007d2   0x00000006   Code   RO         5818    .text               c_w.l(heapauxi.o)
    0x080007d8   0x080007d8   0x000000b2   Code   RO         5827    .text               c_w.l(_printf_intcommon.o)
    0x0800088a   0x0800088a   0x00000002   PAD
    0x0800088c   0x0800088c   0x00000030   Code   RO         5829    .text               c_w.l(_printf_char_common.o)
    0x080008bc   0x080008bc   0x0000000a   Code   RO         5831    .text               c_w.l(_sputc.o)
    0x080008c6   0x080008c6   0x00000010   Code   RO         5833    .text               c_w.l(_snputc.o)
    0x080008d6   0x080008d6   0x0000002c   Code   RO         5835    .text               c_w.l(_printf_char.o)
    0x08000902   0x08000902   0x0000004a   Code   RO         5857    .text               c_w.l(sys_stackheap_outer.o)
    0x0800094c   0x0800094c   0x00000012   Code   RO         5859    .text               c_w.l(exit.o)
    0x0800095e   0x0800095e   0x00000002   PAD
    0x08000960   0x08000960   0x00000008   Code   RO         5871    .text               c_w.l(libspace.o)
    0x08000968   0x08000968   0x0000000c   Code   RO         5927    .text               c_w.l(sys_exit.o)
    0x08000974   0x08000974   0x00000002   Code   RO         5946    .text               c_w.l(use_no_semi.o)
    0x08000976   0x08000976   0x00000000   Code   RO         5948    .text               c_w.l(indicate_semi.o)
    0x08000976   0x08000976   0x00000002   Code   RO          637    i.BusFault_Handler  stm32f4xx_it.o
    0x08000978   0x08000978   0x00000002   Code   RO          638    i.DebugMon_Handler  stm32f4xx_it.o
    0x0800097a   0x0800097a   0x00000002   PAD
    0x0800097c   0x0800097c   0x00000010   Code   RO          364    i.ESP_ClearRxBuf    freertos.o
    0x0800098c   0x0800098c   0x00000148   Code   RO          365    i.ESP_ConnectWiFi   freertos.o
    0x08000ad4   0x08000ad4   0x00000074   Code   RO          366    i.ESP_GetWeather    freertos.o
    0x08000b48   0x08000b48   0x00000020   Code   RO          367    i.ESP_Lock          freertos.o
    0x08000b68   0x08000b68   0x00000094   Code   RO          368    i.ESP_ReadUntil     freertos.o
    0x08000bfc   0x08000bfc   0x00000038   Code   RO          369    i.ESP_SendCmdRaw    freertos.o
    0x08000c34   0x08000c34   0x00000014   Code   RO          370    i.ESP_Unlock        freertos.o
    0x08000c48   0x08000c48   0x00000004   Code   RO          254    i.Error_Handler     main.o
    0x08000c4c   0x08000c4c   0x00000058   Code   RO          371    i.ExtractString     freertos.o
    0x08000ca4   0x08000ca4   0x00000024   Code   RO         2636    i.HAL_Delay         stm32f4xx_hal.o
    0x08000cc8   0x08000cc8   0x000001f0   Code   RO         2092    i.HAL_GPIO_Init     stm32f4xx_hal_gpio.o
    0x08000eb8   0x08000eb8   0x0000000a   Code   RO         2094    i.HAL_GPIO_ReadPin  stm32f4xx_hal_gpio.o
    0x08000ec2   0x08000ec2   0x0000000a   Code   RO         2096    i.HAL_GPIO_WritePin  stm32f4xx_hal_gpio.o
    0x08000ecc   0x08000ecc   0x0000000c   Code   RO         2642    i.HAL_GetTick       stm32f4xx_hal.o
    0x08000ed8   0x08000ed8   0x00000010   Code   RO         2648    i.HAL_IncTick       stm32f4xx_hal.o
    0x08000ee8   0x08000ee8   0x00000034   Code   RO         2649    i.HAL_Init          stm32f4xx_hal.o
    0x08000f1c   0x08000f1c   0x00000098   Code   RO          725    i.HAL_InitTick      stm32f4xx_hal_timebase_tim.o
    0x08000fb4   0x08000fb4   0x00000038   Code   RO          701    i.HAL_MspInit       stm32f4xx_hal_msp.o
    0x08000fec   0x08000fec   0x0000001a   Code   RO         2484    i.HAL_NVIC_EnableIRQ  stm32f4xx_hal_cortex.o
    0x08001006   0x08001006   0x00000002   PAD
    0x08001008   0x08001008   0x00000040   Code   RO         2490    i.HAL_NVIC_SetPriority  stm32f4xx_hal_cortex.o
    0x08001048   0x08001048   0x00000024   Code   RO         2491    i.HAL_NVIC_SetPriorityGrouping  stm32f4xx_hal_cortex.o
    0x0800106c   0x0800106c   0x0000013c   Code   RO         1843    i.HAL_RCCEx_PeriphCLKConfig  stm32f4xx_hal_rcc_ex.o
    0x080011a8   0x080011a8   0x00000134   Code   RO         1738    i.HAL_RCC_ClockConfig  stm32f4xx_hal_rcc.o
    0x080012dc   0x080012dc   0x00000040   Code   RO         1742    i.HAL_RCC_GetClockConfig  stm32f4xx_hal_rcc.o
    0x0800131c   0x0800131c   0x00000020   Code   RO         1745    i.HAL_RCC_GetPCLK1Freq  stm32f4xx_hal_rcc.o
    0x0800133c   0x0800133c   0x00000020   Code   RO         1746    i.HAL_RCC_GetPCLK2Freq  stm32f4xx_hal_rcc.o
    0x0800135c   0x0800135c   0x00000060   Code   RO         1747    i.HAL_RCC_GetSysClockFreq  stm32f4xx_hal_rcc.o
    0x080013bc   0x080013bc   0x0000036c   Code   RO         1750    i.HAL_RCC_OscConfig  stm32f4xx_hal_rcc.o
    0x08001728   0x08001728   0x0000009c   Code   RO         2900    i.HAL_RTC_Init      stm32f4xx_hal_rtc.o
    0x080017c4   0x080017c4   0x00000038   Code   RO          512    i.HAL_RTC_MspInit   rtc.o
    0x080017fc   0x080017fc   0x00000098   Code   RO         2906    i.HAL_RTC_SetDate   stm32f4xx_hal_rtc.o
    0x08001894   0x08001894   0x000000c0   Code   RO         2907    i.HAL_RTC_SetTime   stm32f4xx_hal_rtc.o
    0x08001954   0x08001954   0x00000038   Code   RO         2908    i.HAL_RTC_WaitForSynchro  stm32f4xx_hal_rtc.o
    0x0800198c   0x0800198c   0x000000bc   Code   RO         3298    i.HAL_SPI_Init      stm32f4xx_hal_spi.o
    0x08001a48   0x08001a48   0x00000068   Code   RO          554    i.HAL_SPI_MspInit   spi.o
    0x08001ab0   0x08001ab0   0x00000166   Code   RO         3306    i.HAL_SPI_Transmit  stm32f4xx_hal_spi.o
    0x08001c16   0x08001c16   0x00000002   Code   RO         1470    i.HAL_TIMEx_BreakCallback  stm32f4xx_hal_tim_ex.o
    0x08001c18   0x08001c18   0x00000002   Code   RO         1471    i.HAL_TIMEx_CommutCallback  stm32f4xx_hal_tim_ex.o
    0x08001c1a   0x08001c1a   0x0000005a   Code   RO          766    i.HAL_TIM_Base_Init  stm32f4xx_hal_tim.o
    0x08001c74   0x08001c74   0x00000002   Code   RO          768    i.HAL_TIM_Base_MspInit  stm32f4xx_hal_tim.o
    0x08001c76   0x08001c76   0x00000002   PAD
    0x08001c78   0x08001c78   0x00000080   Code   RO          771    i.HAL_TIM_Base_Start_IT  stm32f4xx_hal_tim.o
    0x08001cf8   0x08001cf8   0x00000002   Code   RO          800    i.HAL_TIM_IC_CaptureCallback  stm32f4xx_hal_tim.o
    0x08001cfa   0x08001cfa   0x00000130   Code   RO          814    i.HAL_TIM_IRQHandler  stm32f4xx_hal_tim.o
    0x08001e2a   0x08001e2a   0x00000002   Code   RO          817    i.HAL_TIM_OC_DelayElapsedCallback  stm32f4xx_hal_tim.o
    0x08001e2c   0x08001e2c   0x00000002   Code   RO          844    i.HAL_TIM_PWM_PulseFinishedCallback  stm32f4xx_hal_tim.o
    0x08001e2e   0x08001e2e   0x00000002   PAD
    0x08001e30   0x08001e30   0x00000014   Code   RO          255    i.HAL_TIM_PeriodElapsedCallback  main.o
    0x08001e44   0x08001e44   0x00000002   Code   RO          857    i.HAL_TIM_TriggerCallback  stm32f4xx_hal_tim.o
    0x08001e46   0x08001e46   0x00000064   Code   RO         3639    i.HAL_UART_Init     stm32f4xx_hal_uart.o
    0x08001eaa   0x08001eaa   0x00000002   PAD
    0x08001eac   0x08001eac   0x0000006c   Code   RO          596    i.HAL_UART_MspInit  usart.o
    0x08001f18   0x08001f18   0x000000b0   Code   RO         3642    i.HAL_UART_Receive  stm32f4xx_hal_uart.o
    0x08001fc8   0x08001fc8   0x000000a0   Code   RO         3647    i.HAL_UART_Transmit  stm32f4xx_hal_uart.o
    0x08002068   0x08002068   0x00000002   Code   RO          639    i.HardFault_Handler  stm32f4xx_it.o
    0x0800206a   0x0800206a   0x00000002   PAD
    0x0800206c   0x0800206c   0x00000080   Code   RO          372    i.MX_FREERTOS_Init  freertos.o
    0x080020ec   0x080020ec   0x000000f8   Code   RO          340    i.MX_GPIO_Init      gpio.o
    0x080021e4   0x080021e4   0x00000080   Code   RO          513    i.MX_RTC_Init       rtc.o
    0x08002264   0x08002264   0x00000048   Code   RO          555    i.MX_SPI3_Init      spi.o
    0x080022ac   0x080022ac   0x00000038   Code   RO          597    i.MX_USART1_UART_Init  usart.o
    0x080022e4   0x080022e4   0x00000002   Code   RO          640    i.MemManage_Handler  stm32f4xx_it.o
    0x080022e6   0x080022e6   0x00000002   Code   RO          641    i.NMI_Handler       stm32f4xx_it.o
    0x080022e8   0x080022e8   0x00000016   Code   RO         2910    i.RTC_ByteToBcd2    stm32f4xx_hal_rtc.o
    0x080022fe   0x080022fe   0x00000002   PAD
    0x08002300   0x08002300   0x00000048   Code   RO         2911    i.RTC_EnterInitMode  stm32f4xx_hal_rtc.o
    0x08002348   0x08002348   0x0000002a   Code   RO         2912    i.RTC_ExitInitMode  stm32f4xx_hal_rtc.o
    0x08002372   0x08002372   0x00000002   PAD
    0x08002374   0x08002374   0x0000006c   Code   RO         3336    i.SPI_EndRxTxTransaction  stm32f4xx_hal_spi.o
    0x080023e0   0x080023e0   0x000000bc   Code   RO         3341    i.SPI_WaitFlagStateUntilTimeout  stm32f4xx_hal_spi.o
    0x0800249c   0x0800249c   0x000000f8   Code   RO          373    i.StartKeyTask      freertos.o
    0x08002594   0x08002594   0x00000088   Code   RO          374    i.StartNetworkTask  freertos.o
    0x0800261c   0x0800261c   0x00000008   Code   RO          375    i.StartTaskTask     freertos.o
    0x08002624   0x08002624   0x0000007c   Code   RO          376    i.StartUiTask       freertos.o
    0x080026a0   0x080026a0   0x00000054   Code   RO          377    i.StartWeatherTask  freertos.o
    0x080026f4   0x080026f4   0x0000001a   Code   RO         5120    i.SysTick_Handler   cmsis_os2.o
    0x0800270e   0x0800270e   0x00000002   PAD
    0x08002710   0x08002710   0x0000009c   Code   RO          256    i.SystemClock_Config  main.o
    0x080027ac   0x080027ac   0x00000010   Code   RO         3973    i.SystemInit        system_stm32f4xx.o
    0x080027bc   0x080027bc   0x0000000c   Code   RO          642    i.TIM6_DAC_IRQHandler  stm32f4xx_it.o
    0x080027c8   0x080027c8   0x000000d0   Code   RO          859    i.TIM_Base_SetConfig  stm32f4xx_hal_tim.o
    0x08002898   0x08002898   0x0000004e   Code   RO         3662    i.UART_EndRxTransfer  stm32f4xx_hal_uart.o
    0x080028e6   0x080028e6   0x00000002   PAD
    0x080028e8   0x080028e8   0x0000010c   Code   RO         3665    i.UART_SetConfig    stm32f4xx_hal_uart.o
    0x080029f4   0x080029f4   0x00000072   Code   RO         3668    i.UART_WaitOnFlagUntilTimeout  stm32f4xx_hal_uart.o
    0x08002a66   0x08002a66   0x00000002   PAD
    0x08002a68   0x08002a68   0x000000d4   Code   RO          378    i.UI_DrawCurrentPage  freertos.o
    0x08002b3c   0x08002b3c   0x000000c4   Code   RO          379    i.UI_DrawDebugPage  freertos.o
    0x08002c00   0x08002c00   0x00000074   Code   RO          380    i.UI_DrawHomePage   freertos.o
    0x08002c74   0x08002c74   0x00000020   Code   RO          381    i.UI_DrawText       freertos.o
    0x08002c94   0x08002c94   0x000000b4   Code   RO          382    i.UI_DrawWeatherPage  freertos.o
    0x08002d48   0x08002d48   0x00000018   Code   RO          383    i.UI_PostMessage    freertos.o
    0x08002d60   0x08002d60   0x00000002   Code   RO          643    i.UsageFault_Handler  stm32f4xx_it.o
    0x08002d62   0x08002d62   0x00000002   PAD
    0x08002d64   0x08002d64   0x000000b8   Code   RO          384    i.Weather_ParseResponse  freertos.o
    0x08002e1c   0x08002e1c   0x000001fc   Code   RO           13    i.Z_ST7735S_Init    st7735.o
    0x08003018   0x08003018   0x0000002c   Code   RO           14    i.Z_ST7735S_RefreshAll  st7735.o
    0x08003044   0x08003044   0x00000014   Code   RO           15    i.Z_ST7735S_Send16bitsRGB  st7735.o
    0x08003058   0x08003058   0x00000018   Code   RO           16    i.Z_ST7735S_SendByte  st7735.o
    0x08003070   0x08003070   0x00000020   Code   RO           17    i.Z_ST7735S_SendCommand  st7735.o
    0x08003090   0x08003090   0x00000020   Code   RO           18    i.Z_ST7735S_SendData  st7735.o
    0x080030b0   0x080030b0   0x00000018   Code   RO           19    i.Z_ST7735S_SetCS   st7735.o
    0x080030c8   0x080030c8   0x00000018   Code   RO           20    i.Z_ST7735S_SetDC   st7735.o
    0x080030e0   0x080030e0   0x00000018   Code   RO           21    i.Z_ST7735S_SetRST  st7735.o
    0x080030f8   0x080030f8   0x00000052   Code   RO           22    i.Z_ST7735S_SpecifyScope  st7735.o
    0x0800314a   0x0800314a   0x00000002   PAD
    0x0800314c   0x0800314c   0x000000c4   Code   RO           23    i.Z_ST7735_ShowChar  st7735.o
    0x08003210   0x08003210   0x0000002c   Code   RO           27    i.Z_ST7735_ShowString  st7735.o
    0x0800323c   0x0800323c   0x00000020   Code   RO         2497    i.__NVIC_SetPriority  stm32f4xx_hal_cortex.o
    0x0800325c   0x0800325c   0x00000026   Code   RO          257    i.main              main.o
    0x08003282   0x08003282   0x0000001a   Code   RO         5122    i.osDelay           cmsis_os2.o
    0x0800329c   0x0800329c   0x0000000e   Code   RO         5134    i.osKernelGetTickCount  cmsis_os2.o
    0x080032aa   0x080032aa   0x00000002   PAD
    0x080032ac   0x080032ac   0x00000024   Code   RO         5136    i.osKernelInitialize  cmsis_os2.o
    0x080032d0   0x080032d0   0x00000038   Code   RO         5139    i.osKernelStart     cmsis_os2.o
    0x08003308   0x08003308   0x00000064   Code   RO         5151    i.osMessageQueueGet  cmsis_os2.o
    0x0800336c   0x0800336c   0x00000058   Code   RO         5156    i.osMessageQueueNew  cmsis_os2.o
    0x080033c4   0x080033c4   0x00000068   Code   RO         5157    i.osMessageQueuePut  cmsis_os2.o
    0x0800342c   0x0800342c   0x00000052   Code   RO         5159    i.osMutexAcquire    cmsis_os2.o
    0x0800347e   0x0800347e   0x00000068   Code   RO         5162    i.osMutexNew        cmsis_os2.o
    0x080034e6   0x080034e6   0x00000042   Code   RO         5163    i.osMutexRelease    cmsis_os2.o
    0x08003528   0x08003528   0x0000008a   Code   RO         5181    i.osThreadNew       cmsis_os2.o
    0x080035b2   0x080035b2   0x00000002   PAD
    0x080035b4   0x080035b4   0x0000005c   Code   RO         4581    i.prvAddCurrentTaskToDelayedList  tasks.o
    0x08003610   0x08003610   0x000000d0   Code   RO         4582    i.prvAddNewTaskToReadyList  tasks.o
    0x080036e0   0x080036e0   0x00000058   Code   RO         4946    i.prvCheckForValidListAndQueue  timers.o
    0x08003738   0x08003738   0x00000026   Code   RO         4178    i.prvCopyDataFromQueue  queue.o
    0x0800375e   0x0800375e   0x0000006c   Code   RO         4179    i.prvCopyDataToQueue  queue.o
    0x080037ca   0x080037ca   0x00000034   Code   RO         4583    i.prvDeleteTCB      tasks.o
    0x080037fe   0x080037fe   0x00000002   PAD
    0x08003800   0x08003800   0x0000004c   Code   RO         5633    i.prvHeapInit       heap_4.o
    0x0800384c   0x0800384c   0x00000060   Code   RO         4584    i.prvIdleTask       tasks.o
    0x080038ac   0x080038ac   0x00000016   Code   RO         4180    i.prvInitialiseMutex  queue.o
    0x080038c2   0x080038c2   0x00000002   PAD
    0x080038c4   0x080038c4   0x00000022   Code   RO         4181    i.prvInitialiseNewQueue  queue.o
    0x080038e6   0x080038e6   0x00000002   PAD
    0x080038e8   0x080038e8   0x000000b0   Code   RO         4585    i.prvInitialiseNewTask  tasks.o
    0x08003998   0x08003998   0x0000004c   Code   RO         5634    i.prvInsertBlockIntoFreeList  heap_4.o
    0x080039e4   0x080039e4   0x00000038   Code   RO         4948    i.prvInsertTimerInActiveList  timers.o
    0x08003a1c   0x08003a1c   0x0000001c   Code   RO         4182    i.prvIsQueueEmpty   queue.o
    0x08003a38   0x08003a38   0x000000fc   Code   RO         4949    i.prvProcessReceivedCommands  timers.o
    0x08003b34   0x08003b34   0x000000c0   Code   RO         4950    i.prvProcessTimerOrBlockTask  timers.o
    0x08003bf4   0x08003bf4   0x00000020   Code   RO         4587    i.prvResetNextTaskUnblockTime  tasks.o
    0x08003c14   0x08003c14   0x00000028   Code   RO         4951    i.prvSampleTimeNow  timers.o
    0x08003c3c   0x08003c3c   0x0000006c   Code   RO         4952    i.prvSwitchTimerLists  timers.o
    0x08003ca8   0x08003ca8   0x00000028   Code   RO         5689    i.prvTaskExitError  port.o
    0x08003cd0   0x08003cd0   0x00000024   Code   RO         4953    i.prvTimerTask      timers.o
    0x08003cf4   0x08003cf4   0x0000006a   Code   RO         4183    i.prvUnlockQueue    queue.o
    0x08003d5e   0x08003d5e   0x00000002   PAD
    0x08003d60   0x08003d60   0x000000dc   Code   RO         5635    i.pvPortMalloc      heap_4.o
    0x08003e3c   0x08003e3c   0x00000018   Code   RO         4590    i.pvTaskIncrementMutexHeldCount  tasks.o
    0x08003e54   0x08003e54   0x0000002c   Code   RO         5690    i.pxPortInitialiseStack  port.o
    0x08003e80   0x08003e80   0x00000026   Code   RO         4138    i.uxListRemove      list.o
    0x08003ea6   0x08003ea6   0x00000002   PAD
    0x08003ea8   0x08003ea8   0x00000014   Code   RO         5193    i.vApplicationGetIdleTaskMemory  cmsis_os2.o
    0x08003ebc   0x08003ebc   0x00000018   Code   RO         5194    i.vApplicationGetTimerTaskMemory  cmsis_os2.o
    0x08003ed4   0x08003ed4   0x00000016   Code   RO         4139    i.vListInitialise   list.o
    0x08003eea   0x08003eea   0x00000006   Code   RO         4140    i.vListInitialiseItem  list.o
    0x08003ef0   0x08003ef0   0x00000030   Code   RO         4141    i.vListInsert       list.o
    0x08003f20   0x08003f20   0x00000018   Code   RO         4142    i.vListInsertEnd    list.o
    0x08003f38   0x08003f38   0x00000040   Code   RO         5692    i.vPortEnterCritical  port.o
    0x08003f78   0x08003f78   0x00000028   Code   RO         5693    i.vPortExitCritical  port.o
    0x08003fa0   0x08003fa0   0x00000064   Code   RO         5636    i.vPortFree         heap_4.o
    0x08004004   0x08004004   0x00000024   Code   RO         5694    i.vPortSetupTimerInterrupt  port.o
    0x08004028   0x08004028   0x00000054   Code   RO         5695    i.vPortValidateInterruptPriority  port.o
    0x0800407c   0x0800407c   0x00000028   Code   RO         4189    i.vQueueAddToRegistry  queue.o
    0x080040a4   0x080040a4   0x00000044   Code   RO         4193    i.vQueueWaitForMessageRestricted  queue.o
    0x080040e8   0x080040e8   0x0000004c   Code   RO         4600    i.vTaskDelay        tasks.o
    0x08004134   0x08004134   0x00000010   Code   RO         4605    i.vTaskInternalSetTimeOutState  tasks.o
    0x08004144   0x08004144   0x0000000c   Code   RO         4606    i.vTaskMissedYield  tasks.o
    0x08004150   0x08004150   0x00000030   Code   RO         4608    i.vTaskPlaceOnEventList  tasks.o
    0x08004180   0x08004180   0x00000038   Code   RO         4609    i.vTaskPlaceOnEventListRestricted  tasks.o
    0x080041b8   0x080041b8   0x00000090   Code   RO         4611    i.vTaskPriorityDisinheritAfterTimeout  tasks.o
    0x08004248   0x08004248   0x00000088   Code   RO         4617    i.vTaskStartScheduler  tasks.o
    0x080042d0   0x080042d0   0x00000010   Code   RO         4619    i.vTaskSuspendAll   tasks.o
    0x080042e0   0x080042e0   0x00000064   Code   RO         4620    i.vTaskSwitchContext  tasks.o
    0x08004344   0x08004344   0x000000f4   Code   RO         5696    i.xPortStartScheduler  port.o
    0x08004438   0x08004438   0x0000002c   Code   RO         5697    i.xPortSysTickHandler  port.o
    0x08004464   0x08004464   0x00000016   Code   RO         4196    i.xQueueCreateMutex  queue.o
    0x0800447a   0x0800447a   0x0000001a   Code   RO         4197    i.xQueueCreateMutexStatic  queue.o
    0x08004494   0x08004494   0x00000042   Code   RO         4198    i.xQueueGenericCreate  queue.o
    0x080044d6   0x080044d6   0x00000066   Code   RO         4199    i.xQueueGenericCreateStatic  queue.o
    0x0800453c   0x0800453c   0x00000088   Code   RO         4200    i.xQueueGenericReset  queue.o
    0x080045c4   0x080045c4   0x00000160   Code   RO         4201    i.xQueueGenericSend  queue.o
    0x08004724   0x08004724   0x000000be   Code   RO         4202    i.xQueueGenericSendFromISR  queue.o
    0x080047e2   0x080047e2   0x0000003e   Code   RO         4206    i.xQueueGiveMutexRecursive  queue.o
    0x08004820   0x08004820   0x00000138   Code   RO         4211    i.xQueueReceive     queue.o
    0x08004958   0x08004958   0x0000009a   Code   RO         4212    i.xQueueReceiveFromISR  queue.o
    0x080049f2   0x080049f2   0x00000002   PAD
    0x080049f4   0x080049f4   0x00000178   Code   RO         4213    i.xQueueSemaphoreTake  queue.o
    0x08004b6c   0x08004b6c   0x00000040   Code   RO         4214    i.xQueueTakeMutexRecursive  queue.o
    0x08004bac   0x08004bac   0x00000074   Code   RO         4622    i.xTaskCheckForTimeOut  tasks.o
    0x08004c20   0x08004c20   0x0000005a   Code   RO         4623    i.xTaskCreate       tasks.o
    0x08004c7a   0x08004c7a   0x00000056   Code   RO         4624    i.xTaskCreateStatic  tasks.o
    0x08004cd0   0x08004cd0   0x0000000c   Code   RO         4627    i.xTaskGetCurrentTaskHandle  tasks.o
    0x08004cdc   0x08004cdc   0x0000001c   Code   RO         4628    i.xTaskGetSchedulerState  tasks.o
    0x08004cf8   0x08004cf8   0x0000000c   Code   RO         4629    i.xTaskGetTickCount  tasks.o
    0x08004d04   0x08004d04   0x00000010   Code   RO         4630    i.xTaskGetTickCountFromISR  tasks.o
    0x08004d14   0x08004d14   0x000000c8   Code   RO         4631    i.xTaskIncrementTick  tasks.o
    0x08004ddc   0x08004ddc   0x00000080   Code   RO         4634    i.xTaskPriorityDisinherit  tasks.o
    0x08004e5c   0x08004e5c   0x00000078   Code   RO         4635    i.xTaskPriorityInherit  tasks.o
    0x08004ed4   0x08004ed4   0x00000070   Code   RO         4636    i.xTaskRemoveFromEventList  tasks.o
    0x08004f44   0x08004f44   0x000000c4   Code   RO         4637    i.xTaskResumeAll    tasks.o
    0x08005008   0x08005008   0x00000060   Code   RO         4962    i.xTimerCreateTimerTask  timers.o
    0x08005068   0x08005068   0x00000068   Code   RO         4963    i.xTimerGenericCommand  timers.o
    0x080050d0   0x080050d0   0x0000000a   Code   RO         5942    x$fpl$fpinit        fz_wm.l(fpinit.o)
    0x080050da   0x080050da   0x000000a0   Data   RO          232    .constdata          fonts.o
    0x0800517a   0x0800517a   0x00000010   Data   RO          233    .constdata          fonts.o
    0x0800518a   0x0800518a   0x000001a0   Data   RO          234    .constdata          fonts.o
    0x0800532a   0x0800532a   0x000001a0   Data   RO          235    .constdata          fonts.o
    0x080054ca   0x080054ca   0x00000010   Data   RO          236    .constdata          fonts.o
    0x080054da   0x080054da   0x00000010   Data   RO          237    .constdata          fonts.o
    0x080054ea   0x080054ea   0x00000010   Data   RO          238    .constdata          fonts.o
    0x080054fa   0x080054fa   0x00000010   Data   RO          239    .constdata          fonts.o
    0x0800550a   0x0800550a   0x00000002   PAD
    0x0800550c   0x0800550c   0x000000dc   Data   RO          386    .constdata          freertos.o
    0x080055e8   0x080055e8   0x00000010   Data   RO         3974    .constdata          system_stm32f4xx.o
    0x080055f8   0x080055f8   0x00000008   Data   RO         3975    .constdata          system_stm32f4xx.o
    0x08005600   0x08005600   0x000000bd   Data   RO          387    .conststring        freertos.o
    0x080056bd   0x080056bd   0x00000003   PAD
    0x080056c0   0x080056c0   0x00000020   Data   RO         5998    Region$$Table       anon$$obj.o


    Execution Region RW_IRAM1 (Exec base: 0x20000000, Load base: 0x080056e0, Size: 0x00007b58, Max: 0x0001c000, ABSOLUTE)

    Exec Addr    Load Addr    Size         Type   Attr      Idx    E Section Name        Object

    0x20000000   0x080056e0   0x00000086   Data   RW          388    .data               freertos.o
    0x20000086   0x08005766   0x00000002   PAD
    0x20000088   0x08005768   0x0000000c   Data   RW         2656    .data               stm32f4xx_hal.o
    0x20000094   0x08005774   0x00000004   Data   RW         3976    .data               system_stm32f4xx.o
    0x20000098   0x08005778   0x0000003c   Data   RW         4640    .data               tasks.o
    0x200000d4   0x080057b4   0x00000014   Data   RW         4971    .data               timers.o
    0x200000e8   0x080057c8   0x00000004   Data   RW         5196    .data               cmsis_os2.o
    0x200000ec   0x080057cc   0x00000020   Data   RW         5642    .data               heap_4.o
    0x2000010c   0x080057ec   0x0000000c   Data   RW         5698    .data               port.o
    0x20000118        -       0x00001000   Zero   RW          385    .bss                freertos.o
    0x20001118        -       0x00000020   Zero   RW          514    .bss                rtc.o
    0x20001138        -       0x00000058   Zero   RW          556    .bss                spi.o
    0x20001190        -       0x00000048   Zero   RW          598    .bss                usart.o
    0x200011d8        -       0x00000048   Zero   RW          728    .bss                stm32f4xx_hal_timebase_tim.o
    0x20001220        -       0x00000040   Zero   RW         4215    .bss                queue.o
    0x20001260        -       0x000004c4   Zero   RW         4639    .bss                tasks.o
    0x20001724        -       0x00000118   Zero   RW         4970    .bss                timers.o
    0x2000183c        -       0x000006b8   Zero   RW         5195    .bss                cmsis_os2.o
    0x20001ef4        -       0x00003c00   Zero   RW         5641    .bss                heap_4.o
    0x20005af4        -       0x00000060   Zero   RW         5872    .bss                c_w.l(libspace.o)
    0x20005b54   0x080057f8   0x00000004   PAD
    0x20005b58        -       0x00001000   Zero   RW            2    HEAP                startup_stm32f407xx.o
    0x20006b58        -       0x00001000   Zero   RW            1    STACK               startup_stm32f407xx.o


    Execution Region RW_IRAM2 (Exec base: 0x2001c000, Load base: 0x080057f8, Size: 0x00000000, Max: 0x00004000, ABSOLUTE)

    **** No section assigned to this execution region ****


==============================================================================

Image component sizes


      Code (inc. data)   RO Data    RW Data    ZI Data      Debug   Object Name

       884         30          0          4       1720      72077   cmsis_os2.o
         0          0          0          0          0      19484   event_groups.o
         0          0       1072          0          0        989   fonts.o
      2476        602        409        134       4096      15550   freertos.o
       248         22          0          0          0       1071   gpio.o
       472         24          0         32      15360       4907   heap_4.o
       138          0          0          0          0       3582   list.o
       218         14          0          0          0      13460   main.o
       786         82          0         12          0      11585   port.o
      2306         24          0          0         64      25635   queue.o
       184         16          0          0         32       1679   rtc.o
       176         22          0          0         88       1713   spi.o
      1054         56          0          0          0     718103   st7735.o
        64         26        392          0       8192        852   startup_stm32f407xx.o
       116         18          0         12          0       8766   stm32f4xx_hal.o
       158         14          0          0          0      33058   stm32f4xx_hal_cortex.o
       516         46          0          0          0       2883   stm32f4xx_hal_gpio.o
        56          4          0          0          0        882   stm32f4xx_hal_msp.o
      1408         82          0          0          0       5965   stm32f4xx_hal_rcc.o
       316         20          0          0          0       1400   stm32f4xx_hal_rcc_ex.o
       692         24          0          0          0       6177   stm32f4xx_hal_rtc.o
       842         16          0          0          0       4614   stm32f4xx_hal_spi.o
       740         72          0          0          0       7572   stm32f4xx_hal_tim.o
         4          0          0          0          0       1653   stm32f4xx_hal_tim_ex.o
       152         20          0          0         72       1499   stm32f4xx_hal_timebase_tim.o
       896         10          0          0          0       6039   stm32f4xx_hal_uart.o
        24          6          0          0          0       3303   stm32f4xx_it.o
         0          0          0          0          0        392   stream_buffer.o
        16          4         24          4          0       1151   system_stm32f4xx.o
      2400        202          0         60       1220      30896   tasks.o
       972         80          0         20        280      32247   timers.o
       164         22          0          0         72       1742   usart.o

    ----------------------------------------------------------------------
     18522       1558       1934        280      31196    1040926   Object Totals
         0          0         32          0          0          0   (incl. Generated)
        44          0          5          2          0          0   (incl. Padding)

    ----------------------------------------------------------------------

      Code (inc. data)   RO Data    RW Data    ZI Data      Debug   Library Member Name

         8          0          0          0          0         68   __main.o
       184          0          0          0          0         84   __printf_ss.o
         0          0          0          0          0          0   __rtentry.o
        12          0          0          0          0          0   __rtentry2.o
         6          0          0          0          0          0   __rtentry4.o
        52          8          0          0          0          0   __scatter.o
        26          0          0          0          0          0   __scatter_copy.o
        28          0          0          0          0          0   __scatter_zi.o
        44          0          0          0          0        108   _printf_char.o
        48          6          0          0          0         96   _printf_char_common.o
       120         16          0          0          0         92   _printf_dec.o
       178          0          0          0          0         88   _printf_intcommon.o
         0          0          0          0          0          0   _printf_percent.o
         4          0          0          0          0          0   _printf_percent_end.o
         6          0          0          0          0          0   _printf_s.o
        82          0          0          0          0         80   _printf_str.o
         6          0          0          0          0          0   _printf_u.o
        16          0          0          0          0         68   _snputc.o
        10          0          0          0          0         68   _sputc.o
        16          0          0          0          0         68   aeabi_memset.o
        18          0          0          0          0         80   exit.o
         6          0          0          0          0        152   heapauxi.o
         0          0          0          0          0          0   indicate_semi.o
         2          0          0          0          0          0   libinit.o
         6          0          0          0          0          0   libinit2.o
         2          0          0          0          0          0   libshutdown.o
         2          0          0          0          0          0   libshutdown2.o
         8          4          0          0         96         68   libspace.o
       238          0          0          0          0        100   lludivv7m.o
        52          4          0          0          0         84   noretval__2snprintf.o
        68          0          0          0          0         68   rt_memclr.o
        78          0          0          0          0         80   rt_memclr_w.o
       138          0          0          0          0         68   rt_memcpy_v6.o
       100          0          0          0          0         80   rt_memcpy_w.o
         2          0          0          0          0          0   rtexit.o
        10          0          0          0          0          0   rtexit2.o
        62          0          0          0          0         76   strlen.o
        36          0          0          0          0         80   strstr.o
        12          4          0          0          0         68   sys_exit.o
        74          0          0          0          0         80   sys_stackheap_outer.o
         2          0          0          0          0         68   use_no_semi.o
        10          0          0          0          0        116   fpinit.o

    ----------------------------------------------------------------------
      1784         42          0          0        100       2088   Library Totals
        12          0          0          0          4          0   (incl. Padding)

    ----------------------------------------------------------------------

      Code (inc. data)   RO Data    RW Data    ZI Data      Debug   Library Name

      1762         42          0          0         96       1972   c_w.l
        10          0          0          0          0        116   fz_wm.l

    ----------------------------------------------------------------------
      1784         42          0          0        100       2088   Library Totals

    ----------------------------------------------------------------------

==============================================================================


      Code (inc. data)   RO Data    RW Data    ZI Data      Debug   

     20306       1600       1934        280      31296    1023774   Grand Totals
     20306       1600       1934        280      31296    1023774   ELF Image Totals
     20306       1600       1934        280          0          0   ROM Totals

==============================================================================

    Total RO  Size (Code + RO Data)                22240 (  21.72kB)
    Total RW  Size (RW Data + ZI Data)             31576 (  30.84kB)
    Total ROM Size (Code + RO Data + RW Data)      22520 (  21.99kB)

==============================================================================

