Component: ARM Compiler 5.06 update 5 (build 528) Tool: armlink [4d35e2]

==============================================================================

Section Cross References

    startup_stm32f407xx.o(STACK) refers (Special) to heapauxi.o(.text) for __use_two_region_memory
    startup_stm32f407xx.o(HEAP) refers (Special) to heapauxi.o(.text) for __use_two_region_memory
    startup_stm32f407xx.o(RESET) refers (Special) to heapauxi.o(.text) for __use_two_region_memory
    startup_stm32f407xx.o(RESET) refers to startup_stm32f407xx.o(STACK) for __initial_sp
    startup_stm32f407xx.o(RESET) refers to startup_stm32f407xx.o(.text) for Reset_Handler
    startup_stm32f407xx.o(RESET) refers to stm32f4xx_it.o(i.NMI_Handler) for NMI_Handler
    startup_stm32f407xx.o(RESET) refers to stm32f4xx_it.o(i.HardFault_Handler) for HardFault_Handler
    startup_stm32f407xx.o(RESET) refers to stm32f4xx_it.o(i.MemManage_Handler) for MemManage_Handler
    startup_stm32f407xx.o(RESET) refers to stm32f4xx_it.o(i.BusFault_Handler) for BusFault_Handler
    startup_stm32f407xx.o(RESET) refers to stm32f4xx_it.o(i.UsageFault_Handler) for UsageFault_Handler
    startup_stm32f407xx.o(RESET) refers to port.o(.emb_text) for SVC_Handler
    startup_stm32f407xx.o(RESET) refers to stm32f4xx_it.o(i.DebugMon_Handler) for DebugMon_Handler
    startup_stm32f407xx.o(RESET) refers to cmsis_os2.o(i.SysTick_Handler) for SysTick_Handler
    startup_stm32f407xx.o(RESET) refers to stm32f4xx_it.o(i.TIM6_DAC_IRQHandler) for TIM6_DAC_IRQHandler
    startup_stm32f407xx.o(.text) refers (Special) to heapauxi.o(.text) for __use_two_region_memory
    startup_stm32f407xx.o(.text) refers to system_stm32f4xx.o(i.SystemInit) for SystemInit
    startup_stm32f407xx.o(.text) refers to __main.o(!!!main) for __main
    startup_stm32f407xx.o(.text) refers to startup_stm32f407xx.o(HEAP) for Heap_Mem
    startup_stm32f407xx.o(.text) refers to startup_stm32f407xx.o(STACK) for Stack_Mem
    st7735.o(i.Z_ST7735S_Init) refers to stm32f4xx_hal_gpio.o(i.HAL_GPIO_WritePin) for HAL_GPIO_WritePin
    st7735.o(i.Z_ST7735S_Init) refers to st7735.o(i.Z_ST7735S_SetCS) for Z_ST7735S_SetCS
    st7735.o(i.Z_ST7735S_Init) refers to st7735.o(i.Z_ST7735S_SetDC) for Z_ST7735S_SetDC
    st7735.o(i.Z_ST7735S_Init) refers to st7735.o(i.Z_ST7735S_SetRST) for Z_ST7735S_SetRST
    st7735.o(i.Z_ST7735S_Init) refers to stm32f4xx_hal.o(i.HAL_Delay) for HAL_Delay
    st7735.o(i.Z_ST7735S_Init) refers to st7735.o(i.Z_ST7735S_SendCommand) for Z_ST7735S_SendCommand
    st7735.o(i.Z_ST7735S_Init) refers to st7735.o(i.Z_ST7735S_SendData) for Z_ST7735S_SendData
    st7735.o(i.Z_ST7735S_RefreshAll) refers to st7735.o(i.Z_ST7735S_SpecifyScope) for Z_ST7735S_SpecifyScope
    st7735.o(i.Z_ST7735S_RefreshAll) refers to st7735.o(i.Z_ST7735S_Send16bitsRGB) for Z_ST7735S_Send16bitsRGB
    st7735.o(i.Z_ST7735S_Send16bitsRGB) refers to st7735.o(i.Z_ST7735S_SendData) for Z_ST7735S_SendData
    st7735.o(i.Z_ST7735S_SendByte) refers to stm32f4xx_hal_spi.o(i.HAL_SPI_Transmit) for HAL_SPI_Transmit
    st7735.o(i.Z_ST7735S_SendByte) refers to spi.o(.bss) for hspi3
    st7735.o(i.Z_ST7735S_SendCommand) refers to st7735.o(i.Z_ST7735S_SetDC) for Z_ST7735S_SetDC
    st7735.o(i.Z_ST7735S_SendCommand) refers to st7735.o(i.Z_ST7735S_SetCS) for Z_ST7735S_SetCS
    st7735.o(i.Z_ST7735S_SendCommand) refers to st7735.o(i.Z_ST7735S_SendByte) for Z_ST7735S_SendByte
    st7735.o(i.Z_ST7735S_SendData) refers to st7735.o(i.Z_ST7735S_SetDC) for Z_ST7735S_SetDC
    st7735.o(i.Z_ST7735S_SendData) refers to st7735.o(i.Z_ST7735S_SetCS) for Z_ST7735S_SetCS
    st7735.o(i.Z_ST7735S_SendData) refers to st7735.o(i.Z_ST7735S_SendByte) for Z_ST7735S_SendByte
    st7735.o(i.Z_ST7735S_SetCS) refers to stm32f4xx_hal_gpio.o(i.HAL_GPIO_WritePin) for HAL_GPIO_WritePin
    st7735.o(i.Z_ST7735S_SetDC) refers to stm32f4xx_hal_gpio.o(i.HAL_GPIO_WritePin) for HAL_GPIO_WritePin
    st7735.o(i.Z_ST7735S_SetRST) refers to stm32f4xx_hal_gpio.o(i.HAL_GPIO_WritePin) for HAL_GPIO_WritePin
    st7735.o(i.Z_ST7735S_SpecifyScope) refers to st7735.o(i.Z_ST7735S_SendCommand) for Z_ST7735S_SendCommand
    st7735.o(i.Z_ST7735S_SpecifyScope) refers to st7735.o(i.Z_ST7735S_SendData) for Z_ST7735S_SendData
    st7735.o(i.Z_ST7735_ShowChar) refers to st7735.o(i.Z_ST7735S_SpecifyScope) for Z_ST7735S_SpecifyScope
    st7735.o(i.Z_ST7735_ShowChar) refers to st7735.o(i.Z_ST7735S_Send16bitsRGB) for Z_ST7735S_Send16bitsRGB
    st7735.o(i.Z_ST7735_ShowChar) refers to fonts.o(.constdata) for Z_ST7735S_Font
    st7735.o(i.Z_ST7735_ShowChar) refers to fonts.o(.constdata) for Z_ST7735S_FontAlpha
    st7735.o(i.Z_ST7735_ShowChar) refers to fonts.o(.constdata) for Z_ST7735S_FontAlphaLower
    st7735.o(i.Z_ST7735_ShowChar) refers to fonts.o(.constdata) for Z_ST7735S_FontSpace
    st7735.o(i.Z_ST7735_ShowChar) refers to fonts.o(.constdata) for Z_ST7735S_FontColon
    st7735.o(i.Z_ST7735_ShowChar) refers to fonts.o(.constdata) for Z_ST7735S_FontMinus
[...]
    ucHeap                                   0x200030cc   Data       15360  heap_4.o(.bss)
    .bss                                     0x20006ccc   Section       96  libspace.o(.bss)
    HEAP                                     0x20006d30   Section     4096  startup_stm32f407xx.o(HEAP)
    Heap_Mem                                 0x20006d30   Data        4096  startup_stm32f407xx.o(HEAP)
    STACK                                    0x20007d30   Section     4096  startup_stm32f407xx.o(STACK)
    Stack_Mem                                0x20007d30   Data        4096  startup_stm32f407xx.o(STACK)
    __initial_sp                             0x20008d30   Data           0  startup_stm32f407xx.o(STACK)

    Global Symbols

    Symbol Name                              Value     Ov Type        Size  Object(Section)

    BuildAttributes$$THM_ISAv4$E$P$D$K$B$S$7EM$VFPi3$EXTD16$VFPS$VFMA$PE$A:L22UL41UL21$X:L11$S22US41US21$IEEE1$IW$USESV6$~STKCKD$USESV7$~SHL$OSPACE$ROPI$EBA8$UX$STANDARDLIB$REQ8$PRES8$EABIv2 0x00000000   Number         0  anon$$obj.o ABSOLUTE
    __ARM_use_no_argv                        0x00000000   Number         0  main.o ABSOLUTE
    _printf_flags                            0x00000000   Number         0  printf_stubs.o ABSOLUTE
    _printf_return_value                     0x00000000   Number         0  printf_stubs.o ABSOLUTE
    _printf_sizespec                         0x00000000   Number         0  printf_stubs.o ABSOLUTE
    _printf_widthprec                        0x00000000   Number         0  printf_stubs.o ABSOLUTE
    __ARM_exceptions_init                     - Undefined Weak Reference
    __alloca_initialize                       - Undefined Weak Reference
    __arm_preinit_                            - Undefined Weak Reference
    __cpp_initialize__aeabi_                  - Undefined Weak Reference
    __cxa_finalize                            - Undefined Weak Reference
    __sigvec_lookup                           - Undefined Weak Reference
    _atexit_init                              - Undefined Weak Reference
    _call_atexit_fns                          - Undefined Weak Reference
    _clock_init                               - Undefined Weak Reference
    _fp_trap_init                             - Undefined Weak Reference
    _fp_trap_shutdown                         - Undefined Weak Reference
    _get_lc_collate                           - Undefined Weak Reference
    _get_lc_monetary                          - Undefined Weak Reference
    _get_lc_numeric                           - Undefined Weak Reference
    _get_lc_time                              - Undefined Weak Reference
    _getenv_init                              - Undefined Weak Reference
    _handle_redirection                       - Undefined Weak Reference
    _init_alloc                               - Undefined Weak Reference
    _init_user_alloc                          - Undefined Weak Reference
    _initio                                   - Undefined Weak Reference
    _printf_mbtowc                            - Undefined Weak Reference
    _printf_truncate_signed                   - Undefined Weak Reference
    _printf_truncate_unsigned                 - Undefined Weak Reference
    _rand_init                                - Undefined Weak Reference
    _scanf_longlong                           - Undefined Weak Reference
    _scanf_mbtowc                             - Undefined Weak Reference
    _scanf_real                               - Undefined Weak Reference
    _scanf_wctomb                             - Undefined Weak Reference
    _scanf_wstring                            - Undefined Weak Reference
    _signal_finish                            - Undefined Weak Reference
    _signal_init                              - Undefined Weak Reference
    _terminate_alloc                          - Undefined Weak Reference
    _terminate_user_alloc                     - Undefined Weak Reference
    _terminateio                              - Undefined Weak Reference
    __Vectors_Size                           0x00000188   Number         0  startup_stm32f407xx.o ABSOLUTE
    __Vectors                                0x08000000   Data           4  startup_stm32f407xx.o(RESET)
    __Vectors_End                            0x08000188   Data           0  startup_stm32f407xx.o(RESET)
    __main                                   0x08000189   Thumb Code     8  __main.o(!!!main)
    __scatterload                            0x08000191   Thumb Code     0  __scatter.o(!!!scatter)
    __scatterload_rt2                        0x08000191   Thumb Code    44  __scatter.o(!!!scatter)
    __scatterload_rt2_thumb_only             0x08000191   Thumb Code     0  __scatter.o(!!!scatter)
    __scatterload_null                       0x0800019f   Thumb Code     0  __scatter.o(!!!scatter)
    __decompress                             0x080001c5   Thumb Code    90  __dczerorl2.o(!!dczerorl2)
    __decompress1                            0x080001c5   Thumb Code     0  __dczerorl2.o(!!dczerorl2)
    __scatterload_zeroinit                   0x08000221   Thumb Code    28  __scatter_zi.o(!!handler_zi)
    _printf_d                                0x0800023d   Thumb Code     0  _printf_d.o(.ARM.Collect$$_printf_percent$$00000009)
    _printf_percent                          0x0800023d   Thumb Code     0  _printf_percent.o(.ARM.Collect$$_printf_percent$$00000000)
    _printf_s                                0x08000243   Thumb Code     0  _printf_s.o(.ARM.Collect$$_printf_percent$$00000014)
    _printf_percent_end                      0x08000249   Thumb Code     0  _printf_percent_end.o(.ARM.Collect$$_printf_percent$$00000017)
    __rt_lib_init                            0x0800024d   Thumb Code     0  libinit.o(.ARM.Collect$$libinit$$00000000)
    __rt_lib_init_fp_1                       0x0800024f   Thumb Code     0  libinit2.o(.ARM.Collect$$libinit$$00000001)
    __rt_lib_init_heap_1                     0x08000253   Thumb Code     0  libinit2.o(.ARM.Collect$$libinit$$0000000A)
    __rt_lib_init_lc_common                  0x08000253   Thumb Code     0  libinit2.o(.ARM.Collect$$libinit$$0000000F)
    __rt_lib_init_preinit_1                  0x08000253   Thumb Code     0  libinit2.o(.ARM.Collect$$libinit$$00000004)
    __rt_lib_init_rand_1                     0x08000253   Thumb Code     0  libinit2.o(.ARM.Collect$$libinit$$0000000E)
    __rt_lib_init_user_alloc_1               0x08000253   Thumb Code     0  libinit2.o(.ARM.Collect$$libinit$$0000000C)
    __rt_lib_init_lc_collate_1               0x08000259   Thumb Code     0  libinit2.o(.ARM.Collect$$libinit$$00000011)
    __rt_lib_init_lc_ctype_2                 0x08000259   Thumb Code     0  libinit2.o(.ARM.Collect$$libinit$$00000012)
    __rt_lib_init_alloca_1                   0x08000265   Thumb Code     0  libinit2.o(.ARM.Collect$$libinit$$0000002E)
    __rt_lib_init_argv_1                     0x08000265   Thumb Code     0  libinit2.o(.ARM.Collect$$libinit$$0000002C)
    __rt_lib_init_atexit_1                   0x08000265   Thumb Code     0  libinit2.o(.ARM.Collect$$libinit$$0000001B)
    __rt_lib_init_clock_1                    0x08000265   Thumb Code     0  libinit2.o(.ARM.Collect$$libinit$$00000021)
    __rt_lib_init_cpp_1                      0x08000265   Thumb Code     0  libinit2.o(.ARM.Collect$$libinit$$00000032)
    __rt_lib_init_exceptions_1               0x08000265   Thumb Code     0  libinit2.o(.ARM.Collect$$libinit$$00000030)
    __rt_lib_init_fp_trap_1                  0x08000265   Thumb Code     0  libinit2.o(.ARM.Collect$$libinit$$0000001F)
    __rt_lib_init_getenv_1                   0x08000265   Thumb Code     0  libinit2.o(.ARM.Collect$$libinit$$00000023)
    __rt_lib_init_lc_ctype_1                 0x08000265   Thumb Code     0  libinit2.o(.ARM.Collect$$libinit$$00000013)
    __rt_lib_init_lc_monetary_1              0x08000265   Thumb Code     0  libinit2.o(.ARM.Collect$$libinit$$00000015)
    __rt_lib_init_lc_numeric_1               0x08000265   Thumb Code     0  libinit2.o(.ARM.Collect$$libinit$$00000017)
    __rt_lib_init_lc_time_1                  0x08000265   Thumb Code     0  libinit2.o(.ARM.Collect$$libinit$$00000019)
    __rt_lib_init_return                     0x08000265   Thumb Code     0  libinit2.o(.ARM.Collect$$libinit$$00000033)
    __rt_lib_init_signal_1                   0x08000265   Thumb Code     0  libinit2.o(.ARM.Collect$$libinit$$0000001D)
    __rt_lib_init_stdio_1                    0x08000265   Thumb Code     0  libinit2.o(.ARM.Collect$$libinit$$00000025)
    __rt_lib_shutdown                        0x08000267   Thumb Code     0  libshutdown.o(.ARM.Collect$$libshutdown$$00000000)
    __rt_lib_shutdown_cpp_1                  0x08000269   Thumb Code     0  libshutdown2.o(.ARM.Collect$$libshutdown$$00000002)
    __rt_lib_shutdown_fp_trap_1              0x08000269   Thumb Code     0  libshutdown2.o(.ARM.Collect$$libshutdown$$00000007)
    __rt_lib_shutdown_heap_1                 0x08000269   Thumb Code     0  libshutdown2.o(.ARM.Collect$$libshutdown$$0000000F)
    __rt_lib_shutdown_return                 0x08000269   Thumb Code     0  libshutdown2.o(.ARM.Collect$$libshutdown$$00000010)
    __rt_lib_shutdown_signal_1               0x08000269   Thumb Code     0  libshutdown2.o(.ARM.Collect$$libshutdown$$0000000A)
    __rt_lib_shutdown_stdio_1                0x08000269   Thumb Code     0  libshutdown2.o(.ARM.Collect$$libshutdown$$00000004)
    __rt_lib_shutdown_user_alloc_1           0x08000269   Thumb Code     0  libshutdown2.o(.ARM.Collect$$libshutdown$$0000000C)
    __rt_entry                               0x0800026b   Thumb Code     0  __rtentry.o(.ARM.Collect$$rtentry$$00000000)
    __rt_entry_presh_1                       0x0800026b   Thumb Code     0  __rtentry2.o(.ARM.Collect$$rtentry$$00000002)
    __rt_entry_sh                            0x0800026b   Thumb Code     0  __rtentry4.o(.ARM.Collect$$rtentry$$00000004)
    __rt_entry_li                            0x08000271   Thumb Code     0  __rtentry2.o(.ARM.Collect$$rtentry$$0000000A)
    __rt_entry_postsh_1                      0x08000271   Thumb Code     0  __rtentry2.o(.ARM.Collect$$rtentry$$00000009)
    __rt_entry_main                          0x08000275   Thumb Code     0  __rtentry2.o(.ARM.Collect$$rtentry$$0000000D)
    __rt_entry_postli_1                      0x08000275   Thumb Code     0  __rtentry2.o(.ARM.Collect$$rtentry$$0000000C)
    __rt_exit                                0x0800027d   Thumb Code     0  rtexit.o(.ARM.Collect$$rtexit$$00000000)
    __rt_exit_ls                             0x0800027f   Thumb Code     0  rtexit2.o(.ARM.Collect$$rtexit$$00000003)
    __rt_exit_prels_1                        0x0800027f   Thumb Code     0  rtexit2.o(.ARM.Collect$$rtexit$$00000002)
    __rt_exit_exit                           0x08000283   Thumb Code     0  rtexit2.o(.ARM.Collect$$rtexit$$00000004)
    SVC_Handler                              0x08000289   Thumb Code    28  port.o(.emb_text)
    __asm___6_port_c_39a90d8d__prvStartFirstTask 0x080002a9   Thumb Code    36  port.o(.emb_text)
    __asm___6_port_c_39a90d8d__prvEnableVFP  0x080002d1   Thumb Code    16  port.o(.emb_text)
    PendSV_Handler                           0x080002e5   Thumb Code    88  port.o(.emb_text)
    vPortGetIPSR                             0x08000341   Thumb Code     6  port.o(.emb_text)
    Reset_Handler                            0x08000349   Thumb Code     8  startup_stm32f407xx.o(.text)
    ADC_IRQHandler                           0x08000363   Thumb Code     0  startup_stm32f407xx.o(.text)
    CAN1_RX0_IRQHandler                      0x08000363   Thumb Code     0  startup_stm32f407xx.o(.text)
    CAN1_RX1_IRQHandler                      0x08000363   Thumb Code     0  startup_stm32f407xx.o(.text)
    CAN1_SCE_IRQHandler                      0x08000363   Thumb Code     0  startup_stm32f407xx.o(.text)
    CAN1_TX_IRQHandler                       0x08000363   Thumb Code     0  startup_stm32f407xx.o(.text)
    CAN2_RX0_IRQHandler                      0x08000363   Thumb Code     0  startup_stm32f407xx.o(.text)
    CAN2_RX1_IRQHandler                      0x08000363   Thumb Code     0  startup_stm32f407xx.o(.text)
    CAN2_SCE_IRQHandler                      0x08000363   Thumb Code     0  startup_stm32f407xx.o(.text)
    CAN2_TX_IRQHandler                       0x08000363   Thumb Code     0  startup_stm32f407xx.o(.text)
    DCMI_IRQHandler                          0x08000363   Thumb Code     0  startup_stm32f407xx.o(.text)
    DMA1_Stream0_IRQHandler                  0x08000363   Thumb Code     0  startup_stm32f407xx.o(.text)
    DMA1_Stream1_IRQHandler                  0x08000363   Thumb Code     0  startup_stm32f407xx.o(.text)
    DMA1_Stream2_IRQHandler                  0x08000363   Thumb Code     0  startup_stm32f407xx.o(.text)
    DMA1_Stream3_IRQHandler                  0x08000363   Thumb Code     0  startup_stm32f407xx.o(.text)
    DMA1_Stream4_IRQHandler                  0x08000363   Thumb Code     0  startup_stm32f407xx.o(.text)
    DMA1_Stream5_IRQHandler                  0x08000363   Thumb Code     0  startup_stm32f407xx.o(.text)
    DMA1_Stream6_IRQHandler                  0x08000363   Thumb Code     0  startup_stm32f407xx.o(.text)
    DMA1_Stream7_IRQHandler                  0x08000363   Thumb Code     0  startup_stm32f407xx.o(.text)
    DMA2_Stream0_IRQHandler                  0x08000363   Thumb Code     0  startup_stm32f407xx.o(.text)
    DMA2_Stream1_IRQHandler                  0x08000363   Thumb Code     0  startup_stm32f407xx.o(.text)
    DMA2_Stream2_IRQHandler                  0x08000363   Thumb Code     0  startup_stm32f407xx.o(.text)
    DMA2_Stream3_IRQHandler                  0x08000363   Thumb Code     0  startup_stm32f407xx.o(.text)
    DMA2_Stream4_IRQHandler                  0x08000363   Thumb Code     0  startup_stm32f407xx.o(.text)
    DMA2_Stream5_IRQHandler                  0x08000363   Thumb Code     0  startup_stm32f407xx.o(.text)
    DMA2_Stream6_IRQHandler                  0x08000363   Thumb Code     0  startup_stm32f407xx.o(.text)
    DMA2_Stream7_IRQHandler                  0x08000363   Thumb Code     0  startup_stm32f407xx.o(.text)
    ETH_IRQHandler                           0x08000363   Thumb Code     0  startup_stm32f407xx.o(.text)
    ETH_WKUP_IRQHandler                      0x08000363   Thumb Code     0  startup_stm32f407xx.o(.text)
    EXTI0_IRQHandler                         0x08000363   Thumb Code     0  startup_stm32f407xx.o(.text)
    EXTI15_10_IRQHandler                     0x08000363   Thumb Code     0  startup_stm32f407xx.o(.text)
    EXTI1_IRQHandler                         0x08000363   Thumb Code     0  startup_stm32f407xx.o(.text)
    EXTI2_IRQHandler                         0x08000363   Thumb Code     0  startup_stm32f407xx.o(.text)
    EXTI3_IRQHandler                         0x08000363   Thumb Code     0  startup_stm32f407xx.o(.text)
    EXTI4_IRQHandler                         0x08000363   Thumb Code     0  startup_stm32f407xx.o(.text)
    EXTI9_5_IRQHandler                       0x08000363   Thumb Code     0  startup_stm32f407xx.o(.text)
    FLASH_IRQHandler                         0x08000363   Thumb Code     0  startup_stm32f407xx.o(.text)
    FMC_IRQHandler                           0x08000363   Thumb Code     0  startup_stm32f407xx.o(.text)
    FPU_IRQHandler                           0x08000363   Thumb Code     0  startup_stm32f407xx.o(.text)
    HASH_RNG_IRQHandler                      0x08000363   Thumb Code     0  startup_stm32f407xx.o(.text)
    I2C1_ER_IRQHandler                       0x08000363   Thumb Code     0  startup_stm32f407xx.o(.text)
    I2C1_EV_IRQHandler                       0x08000363   Thumb Code     0  startup_stm32f407xx.o(.text)
    I2C2_ER_IRQHandler                       0x08000363   Thumb Code     0  startup_stm32f407xx.o(.text)
    I2C2_EV_IRQHandler                       0x08000363   Thumb Code     0  startup_stm32f407xx.o(.text)
    I2C3_ER_IRQHandler                       0x08000363   Thumb Code     0  startup_stm32f407xx.o(.text)
    I2C3_EV_IRQHandler                       0x08000363   Thumb Code     0  startup_stm32f407xx.o(.text)
    OTG_FS_IRQHandler                        0x08000363   Thumb Code     0  startup_stm32f407xx.o(.text)
    OTG_FS_WKUP_IRQHandler                   0x08000363   Thumb Code     0  startup_stm32f407xx.o(.text)
    OTG_HS_EP1_IN_IRQHandler                 0x08000363   Thumb Code     0  startup_stm32f407xx.o(.text)
    OTG_HS_EP1_OUT_IRQHandler                0x08000363   Thumb Code     0  startup_stm32f407xx.o(.text)
    OTG_HS_IRQHandler                        0x08000363   Thumb Code     0  startup_stm32f407xx.o(.text)
    OTG_HS_WKUP_IRQHandler                   0x08000363   Thumb Code     0  startup_stm32f407xx.o(.text)
    PVD_IRQHandler                           0x08000363   Thumb Code     0  startup_stm32f407xx.o(.text)
    RCC_IRQHandler                           0x08000363   Thumb Code     0  startup_stm32f407xx.o(.text)
    RTC_Alarm_IRQHandler                     0x08000363   Thumb Code     0  startup_stm32f407xx.o(.text)
    RTC_WKUP_IRQHandler                      0x08000363   Thumb Code     0  startup_stm32f407xx.o(.text)
    SDIO_IRQHandler                          0x08000363   Thumb Code     0  startup_stm32f407xx.o(.text)
    SPI1_IRQHandler                          0x08000363   Thumb Code     0  startup_stm32f407xx.o(.text)
    SPI2_IRQHandler                          0x08000363   Thumb Code     0  startup_stm32f407xx.o(.text)
    SPI3_IRQHandler                          0x08000363   Thumb Code     0  startup_stm32f407xx.o(.text)
    TAMP_STAMP_IRQHandler                    0x08000363   Thumb Code     0  startup_stm32f407xx.o(.text)
    TIM1_BRK_TIM9_IRQHandler                 0x08000363   Thumb Code     0  startup_stm32f407xx.o(.text)
    TIM1_CC_IRQHandler                       0x08000363   Thumb Code     0  startup_stm32f407xx.o(.text)
    TIM1_TRG_COM_TIM11_IRQHandler            0x08000363   Thumb Code     0  startup_stm32f407xx.o(.text)
    TIM1_UP_TIM10_IRQHandler                 0x08000363   Thumb Code     0  startup_stm32f407xx.o(.text)
    TIM2_IRQHandler                          0x08000363   Thumb Code     0  startup_stm32f407xx.o(.text)
    TIM3_IRQHandler                          0x08000363   Thumb Code     0  startup_stm32f407xx.o(.text)
    TIM4_IRQHandler                          0x08000363   Thumb Code     0  startup_stm32f407xx.o(.text)
    TIM5_IRQHandler                          0x08000363   Thumb Code     0  startup_stm32f407xx.o(.text)
    TIM7_IRQHandler                          0x08000363   Thumb Code     0  startup_stm32f407xx.o(.text)
    TIM8_BRK_TIM12_IRQHandler                0x08000363   Thumb Code     0  startup_stm32f407xx.o(.text)
    TIM8_CC_IRQHandler                       0x08000363   Thumb Code     0  startup_stm32f407xx.o(.text)
    TIM8_TRG_COM_TIM14_IRQHandler            0x08000363   Thumb Code     0  startup_stm32f407xx.o(.text)
    TIM8_UP_TIM13_IRQHandler                 0x08000363   Thumb Code     0  startup_stm32f407xx.o(.text)
    UART4_IRQHandler                         0x08000363   Thumb Code     0  startup_stm32f407xx.o(.text)
    UART5_IRQHandler                         0x08000363   Thumb Code     0  startup_stm32f407xx.o(.text)
    USART1_IRQHandler                        0x08000363   Thumb Code     0  startup_stm32f407xx.o(.text)
    USART2_IRQHandler                        0x08000363   Thumb Code     0  startup_stm32f407xx.o(.text)
    USART3_IRQHandler                        0x08000363   Thumb Code     0  startup_stm32f407xx.o(.text)
    USART6_IRQHandler                        0x08000363   Thumb Code     0  startup_stm32f407xx.o(.text)
    WWDG_IRQHandler                          0x08000363   Thumb Code     0  startup_stm32f407xx.o(.text)
    __user_initial_stackheap                 0x08000365   Thumb Code     0  startup_stm32f407xx.o(.text)
    __aeabi_uldivmod                         0x08000389   Thumb Code     0  lludivv7m.o(.text)
    _ll_udiv                                 0x08000389   Thumb Code   238  lludivv7m.o(.text)
    __2snprintf                              0x08000479   Thumb Code    48  noretval__2snprintf.o(.text)
    _printf_pre_padding                      0x080004ad   Thumb Code    44  _printf_pad.o(.text)
    _printf_post_padding                     0x080004d9   Thumb Code    34  _printf_pad.o(.text)
    _printf_str                              0x080004fb   Thumb Code    82  _printf_str.o(.text)
    _printf_int_dec                          0x0800054d   Thumb Code   104  _printf_dec.o(.text)
    __printf                                 0x080005c5   Thumb Code   308  __printf_flags_wp.o(.text)
    __0sscanf                                0x080006fd   Thumb Code    52  __0sscanf.o(.text)
    _scanf_int                               0x08000739   Thumb Code   332  _scanf_int.o(.text)
    _scanf_string                            0x08000885   Thumb Code   224  _scanf_str.o(.text)
    strchr                                   0x08000965   Thumb Code    20  strchr.o(.text)
    strstr                                   0x08000979   Thumb Code    36  strstr.o(.text)
    strlen                                   0x0800099d   Thumb Code    62  strlen.o(.text)
    __aeabi_memcpy                           0x080009db   Thumb Code     0  rt_memcpy_v6.o(.text)
    __rt_memcpy                              0x080009db   Thumb Code   138  rt_memcpy_v6.o(.text)
    _memcpy_lastbytes                        0x08000a41   Thumb Code     0  rt_memcpy_v6.o(.text)
    __aeabi_memcpy4                          0x08000a65   Thumb Code     0  rt_memcpy_w.o(.text)
    __aeabi_memcpy8                          0x08000a65   Thumb Code     0  rt_memcpy_w.o(.text)
    __rt_memcpy_w                            0x08000a65   Thumb Code   100  rt_memcpy_w.o(.text)
    _memcpy_lastbytes_aligned                0x08000aad   Thumb Code     0  rt_memcpy_w.o(.text)
    __aeabi_memset                           0x08000ac9   Thumb Code    16  aeabi_memset.o(.text)
    __aeabi_memclr                           0x08000ad9   Thumb Code     0  rt_memclr.o(.text)
    __rt_memclr                              0x08000ad9   Thumb Code    68  rt_memclr.o(.text)
    _memset                                  0x08000add   Thumb Code     0  rt_memclr.o(.text)
    __aeabi_memclr4                          0x08000b1d   Thumb Code     0  rt_memclr_w.o(.text)
    __aeabi_memclr8                          0x08000b1d   Thumb Code     0  rt_memclr_w.o(.text)
    __rt_memclr_w                            0x08000b1d   Thumb Code    78  rt_memclr_w.o(.text)
    _memset_w                                0x08000b21   Thumb Code     0  rt_memclr_w.o(.text)
    strcmp                                   0x08000b6d   Thumb Code   128  strcmpv7m.o(.text)
    __use_two_region_memory                  0x08000bed   Thumb Code     2  heapauxi.o(.text)
    __rt_heap_escrow$2region                 0x08000bef   Thumb Code     2  heapauxi.o(.text)
    __rt_heap_expand$2region                 0x08000bf1   Thumb Code     2  heapauxi.o(.text)
    _printf_int_common                       0x08000bf3   Thumb Code   178  _printf_intcommon.o(.text)
    _printf_char_common                      0x08000caf   Thumb Code    32  _printf_char_common.o(.text)
    _sputc                                   0x08000cd5   Thumb Code    10  _sputc.o(.text)
    _snputc                                  0x08000cdf   Thumb Code    16  _snputc.o(.text)
    _printf_cs_common                        0x08000cef   Thumb Code    20  _printf_char.o(.text)
    _printf_char                             0x08000d03   Thumb Code    16  _printf_char.o(.text)
    _printf_string                           0x08000d13   Thumb Code     8  _printf_char.o(.text)
    _chval                                   0x08000d1b   Thumb Code    28  _chval.o(.text)
    __vfscanf_char                           0x08000d45   Thumb Code    24  scanf_char.o(.text)
    _sgetc                                   0x08000d65   Thumb Code    30  _sgetc.o(.text)
    _sbackspace                              0x08000d83   Thumb Code    34  _sgetc.o(.text)
    isspace                                  0x08000da5   Thumb Code    18  isspace.o(.text)
    __vfscanf                                0x08000db9   Thumb Code   878  _scanf.o(.text)
    __user_setup_stackheap                   0x0800112d   Thumb Code    74  sys_stackheap_outer.o(.text)
    __rt_ctype_table                         0x08001179   Thumb Code    16  rt_ctype_table.o(.text)
    exit                                     0x08001189   Thumb Code    18  exit.o(.text)
    __user_libspace                          0x0800119d   Thumb Code     8  libspace.o(.text)
    __user_perproc_libspace                  0x0800119d   Thumb Code     0  libspace.o(.text)
    __user_perthread_libspace                0x0800119d   Thumb Code     0  libspace.o(.text)
    __rt_locale                              0x080011a5   Thumb Code     8  rt_locale_intlibspace.o(.text)
    _sys_exit                                0x080011ad   Thumb Code     8  sys_exit.o(.text)
    __I$use$semihosting                      0x080011b9   Thumb Code     0  use_no_semi.o(.text)
    __use_no_semihosting_swi                 0x080011b9   Thumb Code     2  use_no_semi.o(.text)
    BusFault_Handler                         0x080011bb   Thumb Code     2  stm32f4xx_it.o(i.BusFault_Handler)
    __semihosting_library_function           0x080011bb   Thumb Code     0  indicate_semi.o(.text)
    DebugMon_Handler                         0x080011bd   Thumb Code     2  stm32f4xx_it.o(i.DebugMon_Handler)
    Error_Handler                            0x080017b5   Thumb Code     4  main.o(i.Error_Handler)
    HAL_Delay                                0x08001879   Thumb Code    32  stm32f4xx_hal.o(i.HAL_Delay)
    HAL_GPIO_Init                            0x0800189d   Thumb Code   450  stm32f4xx_hal_gpio.o(i.HAL_GPIO_Init)
    HAL_GPIO_ReadPin                         0x08001a8d   Thumb Code    10  stm32f4xx_hal_gpio.o(i.HAL_GPIO_ReadPin)
    HAL_GPIO_WritePin                        0x08001a97   Thumb Code    10  stm32f4xx_hal_gpio.o(i.HAL_GPIO_WritePin)
    HAL_GetTick                              0x08001aa1   Thumb Code     6  stm32f4xx_hal.o(i.HAL_GetTick)
    HAL_IncTick                              0x08001aad   Thumb Code    12  stm32f4xx_hal.o(i.HAL_IncTick)
    HAL_Init                                 0x08001abd   Thumb Code    48  stm32f4xx_hal.o(i.HAL_Init)
    HAL_InitTick                             0x08001af1   Thumb Code   132  stm32f4xx_hal_timebase_tim.o(i.HAL_InitTick)
    HAL_MspInit                              0x08001b89   Thumb Code    52  stm32f4xx_hal_msp.o(i.HAL_MspInit)
    HAL_NVIC_EnableIRQ                       0x08001bc1   Thumb Code    26  stm32f4xx_hal_cortex.o(i.HAL_NVIC_EnableIRQ)
    HAL_NVIC_SetPriority                     0x08001bdd   Thumb Code    60  stm32f4xx_hal_cortex.o(i.HAL_NVIC_SetPriority)
    HAL_NVIC_SetPriorityGrouping             0x08001c1d   Thumb Code    26  stm32f4xx_hal_cortex.o(i.HAL_NVIC_SetPriorityGrouping)
    HAL_PWR_EnableBkUpAccess                 0x08001c41   Thumb Code    16  stm32f4xx_hal_pwr.o(i.HAL_PWR_EnableBkUpAccess)
    HAL_RCCEx_PeriphCLKConfig                0x08001c59   Thumb Code   296  stm32f4xx_hal_rcc_ex.o(i.HAL_RCCEx_PeriphCLKConfig)
    HAL_RCC_ClockConfig                      0x08001d95   Thumb Code   288  stm32f4xx_hal_rcc.o(i.HAL_RCC_ClockConfig)
    HAL_RCC_GetClockConfig                   0x08001ec9   Thumb Code    54  stm32f4xx_hal_rcc.o(i.HAL_RCC_GetClockConfig)
    HAL_RCC_GetPCLK1Freq                     0x08001f09   Thumb Code    20  stm32f4xx_hal_rcc.o(i.HAL_RCC_GetPCLK1Freq)
    HAL_RCC_GetPCLK2Freq                     0x08001f29   Thumb Code    20  stm32f4xx_hal_rcc.o(i.HAL_RCC_GetPCLK2Freq)
    HAL_RCC_GetSysClockFreq                  0x08001f49   Thumb Code    88  stm32f4xx_hal_rcc.o(i.HAL_RCC_GetSysClockFreq)
    HAL_RCC_OscConfig                        0x08001fa9   Thumb Code   856  stm32f4xx_hal_rcc.o(i.HAL_RCC_OscConfig)
    HAL_RTCEx_BKUPRead                       0x08002315   Thumb Code    10  stm32f4xx_hal_rtc_ex.o(i.HAL_RTCEx_BKUPRead)
    HAL_RTCEx_BKUPWrite                      0x0800231f   Thumb Code    10  stm32f4xx_hal_rtc_ex.o(i.HAL_RTCEx_BKUPWrite)
    HAL_RTC_GetDate                          0x08002329   Thumb Code    62  stm32f4xx_hal_rtc.o(i.HAL_RTC_GetDate)
    HAL_RTC_GetTime                          0x0800236d   Thumb Code    78  stm32f4xx_hal_rtc.o(i.HAL_RTC_GetTime)
    HAL_RTC_Init                             0x080023c1   Thumb Code   150  stm32f4xx_hal_rtc.o(i.HAL_RTC_Init)
    HAL_RTC_MspInit                          0x0800245d   Thumb Code    48  rtc.o(i.HAL_RTC_MspInit)
    HAL_RTC_SetDate                          0x08002495   Thumb Code   146  stm32f4xx_hal_rtc.o(i.HAL_RTC_SetDate)
    HAL_RTC_SetTime                          0x0800252d   Thumb Code   186  stm32f4xx_hal_rtc.o(i.HAL_RTC_SetTime)
    HAL_RTC_WaitForSynchro                   0x080025ed   Thumb Code    50  stm32f4xx_hal_rtc.o(i.HAL_RTC_WaitForSynchro)
    HAL_SPI_Init                             0x08002625   Thumb Code   188  stm32f4xx_hal_spi.o(i.HAL_SPI_Init)
    HAL_SPI_MspInit                          0x080026e1   Thumb Code    92  spi.o(i.HAL_SPI_MspInit)
    HAL_SPI_Transmit                         0x08002749   Thumb Code   358  stm32f4xx_hal_spi.o(i.HAL_SPI_Transmit)
    HAL_TIMEx_BreakCallback                  0x080028af   Thumb Code     2  stm32f4xx_hal_tim_ex.o(i.HAL_TIMEx_BreakCallback)
    HAL_TIMEx_CommutCallback                 0x080028b1   Thumb Code     2  stm32f4xx_hal_tim_ex.o(i.HAL_TIMEx_CommutCallback)
    HAL_TIM_Base_Init                        0x080028b3   Thumb Code    90  stm32f4xx_hal_tim.o(i.HAL_TIM_Base_Init)
    HAL_TIM_Base_MspInit                     0x0800290d   Thumb Code     2  stm32f4xx_hal_tim.o(i.HAL_TIM_Base_MspInit)
    HAL_TIM_Base_Start_IT                    0x08002911   Thumb Code   100  stm32f4xx_hal_tim.o(i.HAL_TIM_Base_Start_IT)
    HAL_TIM_IC_CaptureCallback               0x08002991   Thumb Code     2  stm32f4xx_hal_tim.o(i.HAL_TIM_IC_CaptureCallback)
    HAL_TIM_IRQHandler                       0x08002993   Thumb Code   304  stm32f4xx_hal_tim.o(i.HAL_TIM_IRQHandler)
    HAL_TIM_OC_DelayElapsedCallback          0x08002ac3   Thumb Code     2  stm32f4xx_hal_tim.o(i.HAL_TIM_OC_DelayElapsedCallback)
    HAL_TIM_PWM_PulseFinishedCallback        0x08002ac5   Thumb Code     2  stm32f4xx_hal_tim.o(i.HAL_TIM_PWM_PulseFinishedCallback)
    HAL_TIM_PeriodElapsedCallback            0x08002ac9   Thumb Code    14  main.o(i.HAL_TIM_PeriodElapsedCallback)
    HAL_TIM_TriggerCallback                  0x08002add   Thumb Code     2  stm32f4xx_hal_tim.o(i.HAL_TIM_TriggerCallback)
    HAL_UART_Init                            0x08002adf   Thumb Code   100  stm32f4xx_hal_uart.o(i.HAL_UART_Init)
    HAL_UART_MspInit                         0x08002b45   Thumb Code    94  usart.o(i.HAL_UART_MspInit)
    HAL_UART_Receive                         0x08002bb1   Thumb Code   176  stm32f4xx_hal_uart.o(i.HAL_UART_Receive)
    HAL_UART_Transmit                        0x08002c61   Thumb Code   160  stm32f4xx_hal_uart.o(i.HAL_UART_Transmit)
    HardFault_Handler                        0x08002d01   Thumb Code     2  stm32f4xx_it.o(i.HardFault_Handler)
    MX_FREERTOS_Init                         0x08002d05   Thumb Code   108  freertos.o(i.MX_FREERTOS_Init)
    MX_GPIO_Init                             0x08002d8d   Thumb Code   226  gpio.o(i.MX_GPIO_Init)
    MX_RTC_Init                              0x08002e85   Thumb Code   148  rtc.o(i.MX_RTC_Init)
    MX_SPI3_Init                             0x08002f21   Thumb Code    62  spi.o(i.MX_SPI3_Init)
    MX_USART1_UART_Init                      0x08002f69   Thumb Code    48  usart.o(i.MX_USART1_UART_Init)
    MemManage_Handler                        0x08002fa1   Thumb Code     2  stm32f4xx_it.o(i.MemManage_Handler)
    NMI_Handler                              0x08002fa3   Thumb Code     2  stm32f4xx_it.o(i.NMI_Handler)
    RTC_Bcd2ToByte                           0x08003045   Thumb Code    18  stm32f4xx_hal_rtc.o(i.RTC_Bcd2ToByte)
    RTC_ByteToBcd2                           0x08003057   Thumb Code    22  stm32f4xx_hal_rtc.o(i.RTC_ByteToBcd2)
    RTC_EnterInitMode                        0x0800306d   Thumb Code    72  stm32f4xx_hal_rtc.o(i.RTC_EnterInitMode)
    RTC_ExitInitMode                         0x080030b5   Thumb Code    42  stm32f4xx_hal_rtc.o(i.RTC_ExitInitMode)
    StartKeyTask                             0x08003249   Thumb Code   238  freertos.o(i.StartKeyTask)
    StartNetworkTask                         0x08003341   Thumb Code   154  freertos.o(i.StartNetworkTask)
    StartTimeTask                            0x080033fd   Thumb Code   144  freertos.o(i.StartTimeTask)
    StartUiTask                              0x080034b9   Thumb Code   140  freertos.o(i.StartUiTask)
    StartWeatherTask                         0x08003549   Thumb Code   270  freertos.o(i.StartWeatherTask)
    SysTick_Handler                          0x08003665   Thumb Code    26  cmsis_os2.o(i.SysTick_Handler)
    SystemClock_Config                       0x08003681   Thumb Code   148  main.o(i.SystemClock_Config)
    SystemInit                               0x0800371d   Thumb Code    12  system_stm32f4xx.o(i.SystemInit)
    TIM6_DAC_IRQHandler                      0x0800372d   Thumb Code     6  stm32f4xx_it.o(i.TIM6_DAC_IRQHandler)
    TIM_Base_SetConfig                       0x08003739   Thumb Code   164  stm32f4xx_hal_tim.o(i.TIM_Base_SetConfig)
    UsageFault_Handler                       0x08004129   Thumb Code     2  stm32f4xx_it.o(i.UsageFault_Handler)
    Z_ST7735S_Init                           0x08004545   Thumb Code   502  st7735.o(i.Z_ST7735S_Init)
    Z_ST7735S_RefreshAll                     0x08004741   Thumb Code    44  st7735.o(i.Z_ST7735S_RefreshAll)
    Z_ST7735S_Send16bitsRGB                  0x0800476d   Thumb Code    20  st7735.o(i.Z_ST7735S_Send16bitsRGB)
    Z_ST7735S_SendCommand                    0x08004799   Thumb Code    32  st7735.o(i.Z_ST7735S_SendCommand)
    Z_ST7735S_SendData                       0x080047b9   Thumb Code    32  st7735.o(i.Z_ST7735S_SendData)
    Z_ST7735S_SetDC                          0x080047f1   Thumb Code    20  st7735.o(i.Z_ST7735S_SetDC)
    Z_ST7735S_SetRST                         0x08004809   Thumb Code    20  st7735.o(i.Z_ST7735S_SetRST)
    Z_ST7735S_SpecifyScope                   0x08004821   Thumb Code    82  st7735.o(i.Z_ST7735S_SpecifyScope)
    Z_ST7735_ShowChar                        0x08004875   Thumb Code   164  st7735.o(i.Z_ST7735_ShowChar)
    Z_ST7735_ShowString                      0x08004939   Thumb Code    44  st7735.o(i.Z_ST7735_ShowString)
    _is_digit                                0x08004985   Thumb Code    14  __printf_wp.o(i._is_digit)
    main                                     0x08004993   Thumb Code    38  main.o(i.main)
    osDelay                                  0x080049b9   Thumb Code    26  cmsis_os2.o(i.osDelay)
    osKernelGetTickCount                     0x080049d3   Thumb Code    14  cmsis_os2.o(i.osKernelGetTickCount)
    osKernelInitialize                       0x080049e1   Thumb Code    32  cmsis_os2.o(i.osKernelInitialize)
    osKernelStart                            0x08004a05   Thumb Code    48  cmsis_os2.o(i.osKernelStart)
    osMessageQueueGet                        0x08004a3d   Thumb Code    96  cmsis_os2.o(i.osMessageQueueGet)
    osMessageQueueNew                        0x08004aa1   Thumb Code    88  cmsis_os2.o(i.osMessageQueueNew)
    osMessageQueuePut                        0x08004af9   Thumb Code   100  cmsis_os2.o(i.osMessageQueuePut)
    osMutexAcquire                           0x08004b61   Thumb Code    82  cmsis_os2.o(i.osMutexAcquire)
    osMutexNew                               0x08004bb3   Thumb Code   104  cmsis_os2.o(i.osMutexNew)
    osMutexRelease                           0x08004c1b   Thumb Code    66  cmsis_os2.o(i.osMutexRelease)
    osThreadNew                              0x08004c5d   Thumb Code   138  cmsis_os2.o(i.osThreadNew)
    pvPortMalloc                             0x08005495   Thumb Code   216  heap_4.o(i.pvPortMalloc)
    pvTaskIncrementMutexHeldCount            0x08005571   Thumb Code    18  tasks.o(i.pvTaskIncrementMutexHeldCount)
    pxPortInitialiseStack                    0x08005589   Thumb Code    40  port.o(i.pxPortInitialiseStack)
    uxListRemove                             0x080055b5   Thumb Code    38  list.o(i.uxListRemove)
    vApplicationGetIdleTaskMemory            0x080055dd   Thumb Code    16  cmsis_os2.o(i.vApplicationGetIdleTaskMemory)
    vApplicationGetTimerTaskMemory           0x080055f1   Thumb Code    18  cmsis_os2.o(i.vApplicationGetTimerTaskMemory)
    vListInitialise                          0x08005609   Thumb Code    22  list.o(i.vListInitialise)
    vListInitialiseItem                      0x0800561f   Thumb Code     6  list.o(i.vListInitialiseItem)
    vListInsert                              0x08005625   Thumb Code    48  list.o(i.vListInsert)
    vListInsertEnd                           0x08005655   Thumb Code    24  list.o(i.vListInsertEnd)
    vPortEnterCritical                       0x0800566d   Thumb Code    54  port.o(i.vPortEnterCritical)
    vPortExitCritical                        0x080056ad   Thumb Code    34  port.o(i.vPortExitCritical)
    vPortFree                                0x080056d5   Thumb Code    94  heap_4.o(i.vPortFree)
    vPortSetupTimerInterrupt                 0x08005739   Thumb Code    32  port.o(i.vPortSetupTimerInterrupt)
    vPortValidateInterruptPriority           0x0800575d   Thumb Code    74  port.o(i.vPortValidateInterruptPriority)
    vQueueAddToRegistry                      0x080057b1   Thumb Code    34  queue.o(i.vQueueAddToRegistry)
    vQueueWaitForMessageRestricted           0x080057d9   Thumb Code    68  queue.o(i.vQueueWaitForMessageRestricted)
    vTaskDelay                               0x0800581d   Thumb Code    66  tasks.o(i.vTaskDelay)
    vTaskInternalSetTimeOutState             0x08005869   Thumb Code    12  tasks.o(i.vTaskInternalSetTimeOutState)
    vTaskMissedYield                         0x08005879   Thumb Code     8  tasks.o(i.vTaskMissedYield)
    vTaskPlaceOnEventList                    0x08005885   Thumb Code    44  tasks.o(i.vTaskPlaceOnEventList)
    vTaskPlaceOnEventListRestricted          0x080058b5   Thumb Code    52  tasks.o(i.vTaskPlaceOnEventListRestricted)
    vTaskPriorityDisinheritAfterTimeout      0x080058ed   Thumb Code   134  tasks.o(i.vTaskPriorityDisinheritAfterTimeout)
    vTaskStartScheduler                      0x0800597d   Thumb Code   118  tasks.o(i.vTaskStartScheduler)
    vTaskSuspendAll                          0x08005a05   Thumb Code    10  tasks.o(i.vTaskSuspendAll)
    vTaskSwitchContext                       0x08005a15   Thumb Code    90  tasks.o(i.vTaskSwitchContext)
    xPortStartScheduler                      0x08005a79   Thumb Code   222  port.o(i.xPortStartScheduler)
    xPortSysTickHandler                      0x08005b6d   Thumb Code    38  port.o(i.xPortSysTickHandler)
    xQueueCreateMutex                        0x08005b99   Thumb Code    22  queue.o(i.xQueueCreateMutex)
    xQueueCreateMutexStatic                  0x08005baf   Thumb Code    26  queue.o(i.xQueueCreateMutexStatic)
    xQueueGenericCreate                      0x08005bc9   Thumb Code    66  queue.o(i.xQueueGenericCreate)
    xQueueGenericCreateStatic                0x08005c0b   Thumb Code   102  queue.o(i.xQueueGenericCreateStatic)
    xQueueGenericReset                       0x08005c71   Thumb Code   132  queue.o(i.xQueueGenericReset)
    xQueueGenericSend                        0x08005cf9   Thumb Code   346  queue.o(i.xQueueGenericSend)
    xQueueGenericSendFromISR                 0x08005e59   Thumb Code   190  queue.o(i.xQueueGenericSendFromISR)
    xQueueGiveMutexRecursive                 0x08005f17   Thumb Code    62  queue.o(i.xQueueGiveMutexRecursive)
    xQueueReceive                            0x08005f55   Thumb Code   308  queue.o(i.xQueueReceive)
    xQueueReceiveFromISR                     0x0800608d   Thumb Code   154  queue.o(i.xQueueReceiveFromISR)
    xQueueSemaphoreTake                      0x08006129   Thumb Code   372  queue.o(i.xQueueSemaphoreTake)
    xQueueTakeMutexRecursive                 0x080062a1   Thumb Code    64  queue.o(i.xQueueTakeMutexRecursive)
    xTaskCheckForTimeOut                     0x080062e1   Thumb Code   112  tasks.o(i.xTaskCheckForTimeOut)
    xTaskCreate                              0x08006355   Thumb Code    90  tasks.o(i.xTaskCreate)
    xTaskCreateStatic                        0x080063af   Thumb Code    86  tasks.o(i.xTaskCreateStatic)
    xTaskGetCurrentTaskHandle                0x08006405   Thumb Code     6  tasks.o(i.xTaskGetCurrentTaskHandle)
    xTaskGetSchedulerState                   0x08006411   Thumb Code    22  tasks.o(i.xTaskGetSchedulerState)
    xTaskGetTickCount                        0x0800642d   Thumb Code     6  tasks.o(i.xTaskGetTickCount)
    xTaskGetTickCountFromISR                 0x08006439   Thumb Code    12  tasks.o(i.xTaskGetTickCountFromISR)
    xTaskIncrementTick                       0x08006449   Thumb Code   192  tasks.o(i.xTaskIncrementTick)
    xTaskPriorityDisinherit                  0x08006511   Thumb Code   118  tasks.o(i.xTaskPriorityDisinherit)
    xTaskPriorityInherit                     0x08006591   Thumb Code   112  tasks.o(i.xTaskPriorityInherit)
    xTaskRemoveFromEventList                 0x08006609   Thumb Code    98  tasks.o(i.xTaskRemoveFromEventList)
    xTaskResumeAll                           0x08006679   Thumb Code   182  tasks.o(i.xTaskResumeAll)
    xTimerCreateTimerTask                    0x0800673d   Thumb Code    78  timers.o(i.xTimerCreateTimerTask)
    xTimerGenericCommand                     0x0800679d   Thumb Code    98  timers.o(i.xTimerGenericCommand)
    _get_lc_ctype                            0x08006805   Thumb Code    44  lc_ctype_c.o(locale$$code)
    _fp_init                                 0x08006831   Thumb Code    10  fpinit.o(x$fpl$fpinit)
    __fplib_config_fpu_vfp                   0x08006839   Thumb Code     0  fpinit.o(x$fpl$fpinit)
    __fplib_config_pureend_doubles           0x08006839   Thumb Code     0  fpinit.o(x$fpl$fpinit)
    Z_ST7735S_Font                           0x0800683a   Data         160  fonts.o(.constdata)
    Z_ST7735S_Du                             0x080068da   Data          16  fonts.o(.constdata)
    Z_ST7735S_FontAlpha                      0x080068ea   Data         416  fonts.o(.constdata)
    Z_ST7735S_FontAlphaLower                 0x08006a8a   Data         416  fonts.o(.constdata)
    Z_ST7735S_FontSpace                      0x08006c2a   Data          16  fonts.o(.constdata)
    Z_ST7735S_FontColon                      0x08006c3a   Data          16  fonts.o(.constdata)
    Z_ST7735S_FontMinus                      0x08006c4a   Data          16  fonts.o(.constdata)
    Z_ST7735S_FontPercent                    0x08006c5a   Data          16  fonts.o(.constdata)
    espMutex_attributes                      0x08006c6c   Data          16  freertos.o(.constdata)
    uiModelMutex_attributes                  0x08006c7c   Data          16  freertos.o(.constdata)
    KeyTask_attributes                       0x08006c8c   Data          36  freertos.o(.constdata)
    UiTask_attributes                        0x08006cb0   Data          36  freertos.o(.constdata)
    TimeTask_attributes                      0x08006cd4   Data          36  freertos.o(.constdata)
    NetworkTask_attributes                   0x08006cf8   Data          36  freertos.o(.constdata)
    WeatherTask_attributes                   0x08006d1c   Data          36  freertos.o(.constdata)
    uiQueue_attributes                       0x08006d40   Data          24  freertos.o(.constdata)
    AHBPrescTable                            0x08006d58   Data          16  system_stm32f4xx.o(.constdata)
    APBPrescTable                            0x08006d68   Data           8  system_stm32f4xx.o(.constdata)
    Region$$Table$$Base                      0x08006f3c   Number         0  anon$$obj.o(Region$$Table)
    Region$$Table$$Limit                     0x08006f5c   Number         0  anon$$obj.o(Region$$Table)
    __ctype                                  0x08006f69   Data           0  lc_ctype_c.o(locale$$data)
    KeyTaskHandle                            0x2000000c   Data           4  freertos.o(.data)
    UiTaskHandle                             0x20000010   Data           4  freertos.o(.data)
    TimeTaskHandle                           0x20000014   Data           4  freertos.o(.data)
    NetworkTaskHandle                        0x20000018   Data           4  freertos.o(.data)
    WeatherTaskHandle                        0x2000001c   Data           4  freertos.o(.data)
    uiQueueHandle                            0x20000020   Data           4  freertos.o(.data)
    uwTickFreq                               0x20000260   Data           1  stm32f4xx_hal.o(.data)
    uwTickPrio                               0x20000264   Data           4  stm32f4xx_hal.o(.data)
    uwTick                                   0x20000268   Data           4  stm32f4xx_hal.o(.data)
    SystemCoreClock                          0x2000026c   Data           4  system_stm32f4xx.o(.data)
    pxCurrentTCB                             0x20000270   Data           4  tasks.o(.data)
    hrtc                                     0x200022f0   Data          32  rtc.o(.bss)
    hspi3                                    0x20002310   Data          88  spi.o(.bss)
    huart1                                   0x20002368   Data          72  usart.o(.bss)
    htim6                                    0x200023b0   Data          72  stm32f4xx_hal_timebase_tim.o(.bss)
    xQueueRegistry                           0x200023f8   Data          64  queue.o(.bss)
    __libspace_start                         0x20006ccc   Data          96  libspace.o(.bss)
    __temporary_stack_top$libspace           0x20006d2c   Data           0  libspace.o(.bss)



==============================================================================

Memory Map of the image

  Image Entry point : 0x08000189

  Load Region LR_IROM1 (Base: 0x08000000, Size: 0x0000735c, Max: 0x00100000, ABSOLUTE, COMPRESSED[0x000070dc])

    Execution Region ER_IROM1 (Exec base: 0x08000000, Load base: 0x08000000, Size: 0x0000706c, Max: 0x00100000, ABSOLUTE)

    Exec Addr    Load Addr    Size         Type   Attr      Idx    E Section Name        Object

    0x08000000   0x08000000   0x00000188   Data   RO            3    RESET               startup_stm32f407xx.o
    0x08000188   0x08000188   0x00000008   Code   RO         5920  * !!!main             c_w.l(__main.o)
    0x08000190   0x08000190   0x00000034   Code   RO         6122    !!!scatter          c_w.l(__scatter.o)
    0x080001c4   0x080001c4   0x0000005a   Code   RO         6120    !!dczerorl2         c_w.l(__dczerorl2.o)
    0x0800021e   0x0800021e   0x00000002   PAD
    0x08000220   0x08000220   0x0000001c   Code   RO         6124    !!handler_zi        c_w.l(__scatter_zi.o)
    0x0800023c   0x0800023c   0x00000000   Code   RO         5891    .ARM.Collect$$_printf_percent$$00000000  c_w.l(_printf_percent.o)
    0x0800023c   0x0800023c   0x00000006   Code   RO         5890    .ARM.Collect$$_printf_percent$$00000009  c_w.l(_printf_d.o)
    0x08000242   0x08000242   0x00000006   Code   RO         5889    .ARM.Collect$$_printf_percent$$00000014  c_w.l(_printf_s.o)
    0x08000248   0x08000248   0x00000004   Code   RO         5937    .ARM.Collect$$_printf_percent$$00000017  c_w.l(_printf_percent_end.o)
    0x0800024c   0x0800024c   0x00000002   Code   RO         5982    .ARM.Collect$$libinit$$00000000  c_w.l(libinit.o)
    0x0800024e   0x0800024e   0x00000004   Code   RO         6002    .ARM.Collect$$libinit$$00000001  c_w.l(libinit2.o)
    0x08000252   0x08000252   0x00000000   Code   RO         6005    .ARM.Collect$$libinit$$00000004  c_w.l(libinit2.o)
    0x08000252   0x08000252   0x00000000   Code   RO         6008    .ARM.Collect$$libinit$$0000000A  c_w.l(libinit2.o)
    0x08000252   0x08000252   0x00000000   Code   RO         6010    .ARM.Collect$$libinit$$0000000C  c_w.l(libinit2.o)
    0x08000252   0x08000252   0x00000000   Code   RO         6012    .ARM.Collect$$libinit$$0000000E  c_w.l(libinit2.o)
    0x08000252   0x08000252   0x00000006   Code   RO         6013    .ARM.Collect$$libinit$$0000000F  c_w.l(libinit2.o)
    0x08000258   0x08000258   0x00000000   Code   RO         6015    .ARM.Collect$$libinit$$00000011  c_w.l(libinit2.o)
    0x08000258   0x08000258   0x0000000c   Code   RO         6016    .ARM.Collect$$libinit$$00000012  c_w.l(libinit2.o)
    0x08000264   0x08000264   0x00000000   Code   RO         6017    .ARM.Collect$$libinit$$00000013  c_w.l(libinit2.o)
    0x08000264   0x08000264   0x00000000   Code   RO         6019    .ARM.Collect$$libinit$$00000015  c_w.l(libinit2.o)
    0x08000264   0x08000264   0x00000000   Code   RO         6021    .ARM.Collect$$libinit$$00000017  c_w.l(libinit2.o)
    0x08000264   0x08000264   0x00000000   Code   RO         6023    .ARM.Collect$$libinit$$00000019  c_w.l(libinit2.o)
    0x08000264   0x08000264   0x00000000   Code   RO         6025    .ARM.Collect$$libinit$$0000001B  c_w.l(libinit2.o)
    0x08000264   0x08000264   0x00000000   Code   RO         6027    .ARM.Collect$$libinit$$0000001D  c_w.l(libinit2.o)
    0x08000264   0x08000264   0x00000000   Code   RO         6029    .ARM.Collect$$libinit$$0000001F  c_w.l(libinit2.o)
    0x08000264   0x08000264   0x00000000   Code   RO         6031    .ARM.Collect$$libinit$$00000021  c_w.l(libinit2.o)
    0x08000264   0x08000264   0x00000000   Code   RO         6033    .ARM.Collect$$libinit$$00000023  c_w.l(libinit2.o)
    0x08000264   0x08000264   0x00000000   Code   RO         6035    .ARM.Collect$$libinit$$00000025  c_w.l(libinit2.o)
    0x08000264   0x08000264   0x00000000   Code   RO         6039    .ARM.Collect$$libinit$$0000002C  c_w.l(libinit2.o)
    0x08000264   0x08000264   0x00000000   Code   RO         6041    .ARM.Collect$$libinit$$0000002E  c_w.l(libinit2.o)
    0x08000264   0x08000264   0x00000000   Code   RO         6043    .ARM.Collect$$libinit$$00000030  c_w.l(libinit2.o)
    0x08000264   0x08000264   0x00000000   Code   RO         6045    .ARM.Collect$$libinit$$00000032  c_w.l(libinit2.o)
    0x08000264   0x08000264   0x00000002   Code   RO         6046    .ARM.Collect$$libinit$$00000033  c_w.l(libinit2.o)
    0x08000266   0x08000266   0x00000002   Code   RO         6077    .ARM.Collect$$libshutdown$$00000000  c_w.l(libshutdown.o)
    0x08000268   0x08000268   0x00000000   Code   RO         6103    .ARM.Collect$$libshutdown$$00000002  c_w.l(libshutdown2.o)
    0x08000268   0x08000268   0x00000000   Code   RO         6105    .ARM.Collect$$libshutdown$$00000004  c_w.l(libshutdown2.o)
    0x08000268   0x08000268   0x00000000   Code   RO         6108    .ARM.Collect$$libshutdown$$00000007  c_w.l(libshutdown2.o)
    0x08000268   0x08000268   0x00000000   Code   RO         6111    .ARM.Collect$$libshutdown$$0000000A  c_w.l(libshutdown2.o)
    0x08000268   0x08000268   0x00000000   Code   RO         6113    .ARM.Collect$$libshutdown$$0000000C  c_w.l(libshutdown2.o)
    0x08000268   0x08000268   0x00000000   Code   RO         6116    .ARM.Collect$$libshutdown$$0000000F  c_w.l(libshutdown2.o)
    0x08000268   0x08000268   0x00000002   Code   RO         6117    .ARM.Collect$$libshutdown$$00000010  c_w.l(libshutdown2.o)
    0x0800026a   0x0800026a   0x00000000   Code   RO         5922    .ARM.Collect$$rtentry$$00000000  c_w.l(__rtentry.o)
    0x0800026a   0x0800026a   0x00000000   Code   RO         5945    .ARM.Collect$$rtentry$$00000002  c_w.l(__rtentry2.o)
    0x0800026a   0x0800026a   0x00000006   Code   RO         5957    .ARM.Collect$$rtentry$$00000004  c_w.l(__rtentry4.o)
    0x08000270   0x08000270   0x00000000   Code   RO         5947    .ARM.Collect$$rtentry$$00000009  c_w.l(__rtentry2.o)
    0x08000270   0x08000270   0x00000004   Code   RO         5948    .ARM.Collect$$rtentry$$0000000A  c_w.l(__rtentry2.o)
    0x08000274   0x08000274   0x00000000   Code   RO         5950    .ARM.Collect$$rtentry$$0000000C  c_w.l(__rtentry2.o)
    0x08000274   0x08000274   0x00000008   Code   RO         5951    .ARM.Collect$$rtentry$$0000000D  c_w.l(__rtentry2.o)
    0x0800027c   0x0800027c   0x00000002   Code   RO         5986    .ARM.Collect$$rtexit$$00000000  c_w.l(rtexit.o)
    0x0800027e   0x0800027e   0x00000000   Code   RO         6050    .ARM.Collect$$rtexit$$00000002  c_w.l(rtexit2.o)
    0x0800027e   0x0800027e   0x00000004   Code   RO         6051    .ARM.Collect$$rtexit$$00000003  c_w.l(rtexit2.o)
    0x08000282   0x08000282   0x00000006   Code   RO         6052    .ARM.Collect$$rtexit$$00000004  c_w.l(rtexit2.o)
    0x08000288   0x08000288   0x000000be   Code   RO         5776    .emb_text           port.o
    0x08000346   0x08000346   0x00000002   PAD
    0x08000348   0x08000348   0x00000040   Code   RO            4    .text               startup_stm32f407xx.o
    0x08000388   0x08000388   0x000000ee   Code   RO         5855    .text               c_w.l(lludivv7m.o)
    0x08000476   0x08000476   0x00000002   PAD
    0x08000478   0x08000478   0x00000034   Code   RO         5859    .text               c_w.l(noretval__2snprintf.o)
    0x080004ac   0x080004ac   0x0000004e   Code   RO         5863    .text               c_w.l(_printf_pad.o)
    0x080004fa   0x080004fa   0x00000052   Code   RO         5865    .text               c_w.l(_printf_str.o)
    0x0800054c   0x0800054c   0x00000078   Code   RO         5867    .text               c_w.l(_printf_dec.o)
    0x080005c4   0x080005c4   0x00000138   Code   RO         5881    .text               c_w.l(__printf_flags_wp.o)
    0x080006fc   0x080006fc   0x0000003c   Code   RO         5892    .text               c_w.l(__0sscanf.o)
    0x08000738   0x08000738   0x0000014c   Code   RO         5894    .text               c_w.l(_scanf_int.o)
    0x08000884   0x08000884   0x000000e0   Code   RO         5896    .text               c_w.l(_scanf_str.o)
    0x08000964   0x08000964   0x00000014   Code   RO         5898    .text               c_w.l(strchr.o)
    0x08000978   0x08000978   0x00000024   Code   RO         5900    .text               c_w.l(strstr.o)
    0x0800099c   0x0800099c   0x0000003e   Code   RO         5902    .text               c_w.l(strlen.o)
    0x080009da   0x080009da   0x0000008a   Code   RO         5904    .text               c_w.l(rt_memcpy_v6.o)
    0x08000a64   0x08000a64   0x00000064   Code   RO         5906    .text               c_w.l(rt_memcpy_w.o)
    0x08000ac8   0x08000ac8   0x00000010   Code   RO         5910    .text               c_w.l(aeabi_memset.o)
    0x08000ad8   0x08000ad8   0x00000044   Code   RO         5912    .text               c_w.l(rt_memclr.o)
    0x08000b1c   0x08000b1c   0x0000004e   Code   RO         5914    .text               c_w.l(rt_memclr_w.o)
    0x08000b6a   0x08000b6a   0x00000002   PAD
    0x08000b6c   0x08000b6c   0x00000080   Code   RO         5916    .text               c_w.l(strcmpv7m.o)
    0x08000bec   0x08000bec   0x00000006   Code   RO         5918    .text               c_w.l(heapauxi.o)
    0x08000bf2   0x08000bf2   0x000000b2   Code   RO         5927    .text               c_w.l(_printf_intcommon.o)
    0x08000ca4   0x08000ca4   0x00000030   Code   RO         5929    .text               c_w.l(_printf_char_common.o)
    0x08000cd4   0x08000cd4   0x0000000a   Code   RO         5931    .text               c_w.l(_sputc.o)
    0x08000cde   0x08000cde   0x00000010   Code   RO         5933    .text               c_w.l(_snputc.o)
    0x08000cee   0x08000cee   0x0000002c   Code   RO         5935    .text               c_w.l(_printf_char.o)
    0x08000d1a   0x08000d1a   0x0000001c   Code   RO         5938    .text               c_w.l(_chval.o)
    0x08000d36   0x08000d36   0x00000002   PAD
    0x08000d38   0x08000d38   0x0000002c   Code   RO         5940    .text               c_w.l(scanf_char.o)
    0x08000d64   0x08000d64   0x00000040   Code   RO         5942    .text               c_w.l(_sgetc.o)
    0x08000da4   0x08000da4   0x00000012   Code   RO         5961    .text               c_w.l(isspace.o)
    0x08000db6   0x08000db6   0x00000002   PAD
    0x08000db8   0x08000db8   0x00000374   Code   RO         5965    .text               c_w.l(_scanf.o)
    0x0800112c   0x0800112c   0x0000004a   Code   RO         5967    .text               c_w.l(sys_stackheap_outer.o)
    0x08001176   0x08001176   0x00000002   PAD
    0x08001178   0x08001178   0x00000010   Code   RO         5969    .text               c_w.l(rt_ctype_table.o)
    0x08001188   0x08001188   0x00000012   Code   RO         5971    .text               c_w.l(exit.o)
    0x0800119a   0x0800119a   0x00000002   PAD
    0x0800119c   0x0800119c   0x00000008   Code   RO         5983    .text               c_w.l(libspace.o)
    0x080011a4   0x080011a4   0x00000008   Code   RO         5993    .text               c_w.l(rt_locale_intlibspace.o)
    0x080011ac   0x080011ac   0x0000000c   Code   RO         6047    .text               c_w.l(sys_exit.o)
    0x080011b8   0x080011b8   0x00000002   Code   RO         6066    .text               c_w.l(use_no_semi.o)
    0x080011ba   0x080011ba   0x00000000   Code   RO         6068    .text               c_w.l(indicate_semi.o)
    0x080011ba   0x080011ba   0x00000002   Code   RO          725    i.BusFault_Handler  stm32f4xx_it.o
    0x080011bc   0x080011bc   0x00000002   Code   RO          726    i.DebugMon_Handler  stm32f4xx_it.o
    0x080011be   0x080011be   0x00000002   PAD
    0x080011c0   0x080011c0   0x00000148   Code   RO          364    i.ESP_ConnectWiFi   freertos.o
    0x08001308   0x08001308   0x000001a0   Code   RO          365    i.ESP_GetDailyForecast  freertos.o
    0x080014a8   0x080014a8   0x0000007c   Code   RO          366    i.ESP_GetWeather    freertos.o
    0x08001524   0x08001524   0x00000020   Code   RO          367    i.ESP_Lock          freertos.o
    0x08001544   0x08001544   0x000000f0   Code   RO          368    i.ESP_ParseSntpTime  freertos.o
    0x08001634   0x08001634   0x00000098   Code   RO          369    i.ESP_ReadUntil     freertos.o
    0x080016cc   0x080016cc   0x00000040   Code   RO          370    i.ESP_SendCmdRaw    freertos.o
    0x0800170c   0x0800170c   0x00000094   Code   RO          371    i.ESP_SyncTimeBySNTP  freertos.o
    0x080017a0   0x080017a0   0x00000014   Code   RO          372    i.ESP_Unlock        freertos.o
    0x080017b4   0x080017b4   0x00000004   Code   RO          254    i.Error_Handler     main.o
    0x080017b8   0x080017b8   0x00000058   Code   RO          373    i.ExtractString     freertos.o
    0x08001810   0x08001810   0x00000066   Code   RO          374    i.ExtractStringRange  freertos.o
    0x08001876   0x08001876   0x00000002   PAD
    0x08001878   0x08001878   0x00000024   Code   RO         2724    i.HAL_Delay         stm32f4xx_hal.o
    0x0800189c   0x0800189c   0x000001f0   Code   RO         2180    i.HAL_GPIO_Init     stm32f4xx_hal_gpio.o
    0x08001a8c   0x08001a8c   0x0000000a   Code   RO         2182    i.HAL_GPIO_ReadPin  stm32f4xx_hal_gpio.o
    0x08001a96   0x08001a96   0x0000000a   Code   RO         2184    i.HAL_GPIO_WritePin  stm32f4xx_hal_gpio.o
    0x08001aa0   0x08001aa0   0x0000000c   Code   RO         2730    i.HAL_GetTick       stm32f4xx_hal.o
    0x08001aac   0x08001aac   0x00000010   Code   RO         2736    i.HAL_IncTick       stm32f4xx_hal.o
    0x08001abc   0x08001abc   0x00000034   Code   RO         2737    i.HAL_Init          stm32f4xx_hal.o
    0x08001af0   0x08001af0   0x00000098   Code   RO          813    i.HAL_InitTick      stm32f4xx_hal_timebase_tim.o
    0x08001b88   0x08001b88   0x00000038   Code   RO          789    i.HAL_MspInit       stm32f4xx_hal_msp.o
    0x08001bc0   0x08001bc0   0x0000001a   Code   RO         2572    i.HAL_NVIC_EnableIRQ  stm32f4xx_hal_cortex.o
    0x08001bda   0x08001bda   0x00000002   PAD
    0x08001bdc   0x08001bdc   0x00000040   Code   RO         2578    i.HAL_NVIC_SetPriority  stm32f4xx_hal_cortex.o
    0x08001c1c   0x08001c1c   0x00000024   Code   RO         2579    i.HAL_NVIC_SetPriorityGrouping  stm32f4xx_hal_cortex.o
    0x08001c40   0x08001c40   0x00000018   Code   RO         2397    i.HAL_PWR_EnableBkUpAccess  stm32f4xx_hal_pwr.o
    0x08001c58   0x08001c58   0x0000013c   Code   RO         1931    i.HAL_RCCEx_PeriphCLKConfig  stm32f4xx_hal_rcc_ex.o
    0x08001d94   0x08001d94   0x00000134   Code   RO         1826    i.HAL_RCC_ClockConfig  stm32f4xx_hal_rcc.o
    0x08001ec8   0x08001ec8   0x00000040   Code   RO         1830    i.HAL_RCC_GetClockConfig  stm32f4xx_hal_rcc.o
    0x08001f08   0x08001f08   0x00000020   Code   RO         1833    i.HAL_RCC_GetPCLK1Freq  stm32f4xx_hal_rcc.o
    0x08001f28   0x08001f28   0x00000020   Code   RO         1834    i.HAL_RCC_GetPCLK2Freq  stm32f4xx_hal_rcc.o
    0x08001f48   0x08001f48   0x00000060   Code   RO         1835    i.HAL_RCC_GetSysClockFreq  stm32f4xx_hal_rcc.o
    0x08001fa8   0x08001fa8   0x0000036c   Code   RO         1838    i.HAL_RCC_OscConfig  stm32f4xx_hal_rcc.o
    0x08002314   0x08002314   0x0000000a   Code   RO         3148    i.HAL_RTCEx_BKUPRead  stm32f4xx_hal_rtc_ex.o
    0x0800231e   0x0800231e   0x0000000a   Code   RO         3149    i.HAL_RTCEx_BKUPWrite  stm32f4xx_hal_rtc_ex.o
    0x08002328   0x08002328   0x00000044   Code   RO         2985    i.HAL_RTC_GetDate   stm32f4xx_hal_rtc.o
    0x0800236c   0x0800236c   0x00000054   Code   RO         2987    i.HAL_RTC_GetTime   stm32f4xx_hal_rtc.o
    0x080023c0   0x080023c0   0x0000009c   Code   RO         2988    i.HAL_RTC_Init      stm32f4xx_hal_rtc.o
    0x0800245c   0x0800245c   0x00000038   Code   RO          600    i.HAL_RTC_MspInit   rtc.o
    0x08002494   0x08002494   0x00000098   Code   RO         2994    i.HAL_RTC_SetDate   stm32f4xx_hal_rtc.o
    0x0800252c   0x0800252c   0x000000c0   Code   RO         2995    i.HAL_RTC_SetTime   stm32f4xx_hal_rtc.o
    0x080025ec   0x080025ec   0x00000038   Code   RO         2996    i.HAL_RTC_WaitForSynchro  stm32f4xx_hal_rtc.o
    0x08002624   0x08002624   0x000000bc   Code   RO         3386    i.HAL_SPI_Init      stm32f4xx_hal_spi.o
    0x080026e0   0x080026e0   0x00000068   Code   RO          642    i.HAL_SPI_MspInit   spi.o
    0x08002748   0x08002748   0x00000166   Code   RO         3394    i.HAL_SPI_Transmit  stm32f4xx_hal_spi.o
    0x080028ae   0x080028ae   0x00000002   Code   RO         1558    i.HAL_TIMEx_BreakCallback  stm32f4xx_hal_tim_ex.o
    0x080028b0   0x080028b0   0x00000002   Code   RO         1559    i.HAL_TIMEx_CommutCallback  stm32f4xx_hal_tim_ex.o
    0x080028b2   0x080028b2   0x0000005a   Code   RO          854    i.HAL_TIM_Base_Init  stm32f4xx_hal_tim.o
    0x0800290c   0x0800290c   0x00000002   Code   RO          856    i.HAL_TIM_Base_MspInit  stm32f4xx_hal_tim.o
    0x0800290e   0x0800290e   0x00000002   PAD
    0x08002910   0x08002910   0x00000080   Code   RO          859    i.HAL_TIM_Base_Start_IT  stm32f4xx_hal_tim.o
    0x08002990   0x08002990   0x00000002   Code   RO          888    i.HAL_TIM_IC_CaptureCallback  stm32f4xx_hal_tim.o
    0x08002992   0x08002992   0x00000130   Code   RO          902    i.HAL_TIM_IRQHandler  stm32f4xx_hal_tim.o
    0x08002ac2   0x08002ac2   0x00000002   Code   RO          905    i.HAL_TIM_OC_DelayElapsedCallback  stm32f4xx_hal_tim.o
    0x08002ac4   0x08002ac4   0x00000002   Code   RO          932    i.HAL_TIM_PWM_PulseFinishedCallback  stm32f4xx_hal_tim.o
    0x08002ac6   0x08002ac6   0x00000002   PAD
    0x08002ac8   0x08002ac8   0x00000014   Code   RO          255    i.HAL_TIM_PeriodElapsedCallback  main.o
    0x08002adc   0x08002adc   0x00000002   Code   RO          945    i.HAL_TIM_TriggerCallback  stm32f4xx_hal_tim.o
    0x08002ade   0x08002ade   0x00000064   Code   RO         3727    i.HAL_UART_Init     stm32f4xx_hal_uart.o
    0x08002b42   0x08002b42   0x00000002   PAD
    0x08002b44   0x08002b44   0x0000006c   Code   RO          684    i.HAL_UART_MspInit  usart.o
    0x08002bb0   0x08002bb0   0x000000b0   Code   RO         3730    i.HAL_UART_Receive  stm32f4xx_hal_uart.o
    0x08002c60   0x08002c60   0x000000a0   Code   RO         3735    i.HAL_UART_Transmit  stm32f4xx_hal_uart.o
    0x08002d00   0x08002d00   0x00000002   Code   RO          727    i.HardFault_Handler  stm32f4xx_it.o
    0x08002d02   0x08002d02   0x00000002   PAD
    0x08002d04   0x08002d04   0x00000088   Code   RO          375    i.MX_FREERTOS_Init  freertos.o
    0x08002d8c   0x08002d8c   0x000000f8   Code   RO          340    i.MX_GPIO_Init      gpio.o
    0x08002e84   0x08002e84   0x0000009c   Code   RO          601    i.MX_RTC_Init       rtc.o
    0x08002f20   0x08002f20   0x00000048   Code   RO          643    i.MX_SPI3_Init      spi.o
    0x08002f68   0x08002f68   0x00000038   Code   RO          685    i.MX_USART1_UART_Init  usart.o
    0x08002fa0   0x08002fa0   0x00000002   Code   RO          728    i.MemManage_Handler  stm32f4xx_it.o
    0x08002fa2   0x08002fa2   0x00000002   Code   RO          729    i.NMI_Handler       stm32f4xx_it.o
    0x08002fa4   0x08002fa4   0x000000a0   Code   RO          376    i.ParseISOTime      freertos.o
    0x08003044   0x08003044   0x00000012   Code   RO         2997    i.RTC_Bcd2ToByte    stm32f4xx_hal_rtc.o
    0x08003056   0x08003056   0x00000016   Code   RO         2998    i.RTC_ByteToBcd2    stm32f4xx_hal_rtc.o
    0x0800306c   0x0800306c   0x00000048   Code   RO         2999    i.RTC_EnterInitMode  stm32f4xx_hal_rtc.o
    0x080030b4   0x080030b4   0x0000002a   Code   RO         3000    i.RTC_ExitInitMode  stm32f4xx_hal_rtc.o
    0x080030de   0x080030de   0x00000002   PAD
    0x080030e0   0x080030e0   0x00000040   Code   RO          377    i.RTC_SetDateTime   freertos.o
    0x08003120   0x08003120   0x0000006c   Code   RO         3424    i.SPI_EndRxTxTransaction  stm32f4xx_hal_spi.o
    0x0800318c   0x0800318c   0x000000bc   Code   RO         3429    i.SPI_WaitFlagStateUntilTimeout  stm32f4xx_hal_spi.o
    0x08003248   0x08003248   0x000000f8   Code   RO          378    i.StartKeyTask      freertos.o
    0x08003340   0x08003340   0x000000bc   Code   RO          379    i.StartNetworkTask  freertos.o
    0x080033fc   0x080033fc   0x000000bc   Code   RO          380    i.StartTimeTask     freertos.o
    0x080034b8   0x080034b8   0x00000090   Code   RO          381    i.StartUiTask       freertos.o
    0x08003548   0x08003548   0x0000011c   Code   RO          382    i.StartWeatherTask  freertos.o
    0x08003664   0x08003664   0x0000001a   Code   RO         5208    i.SysTick_Handler   cmsis_os2.o
    0x0800367e   0x0800367e   0x00000002   PAD
    0x08003680   0x08003680   0x0000009c   Code   RO          256    i.SystemClock_Config  main.o
    0x0800371c   0x0800371c   0x00000010   Code   RO         4061    i.SystemInit        system_stm32f4xx.o
    0x0800372c   0x0800372c   0x0000000c   Code   RO          730    i.TIM6_DAC_IRQHandler  stm32f4xx_it.o
    0x08003738   0x08003738   0x000000d0   Code   RO          947    i.TIM_Base_SetConfig  stm32f4xx_hal_tim.o
    0x08003808   0x08003808   0x0000004e   Code   RO         3750    i.UART_EndRxTransfer  stm32f4xx_hal_uart.o
    0x08003856   0x08003856   0x00000002   PAD
    0x08003858   0x08003858   0x0000010c   Code   RO         3753    i.UART_SetConfig    stm32f4xx_hal_uart.o
    0x08003964   0x08003964   0x00000072   Code   RO         3756    i.UART_WaitOnFlagUntilTimeout  stm32f4xx_hal_uart.o
    0x080039d6   0x080039d6   0x00000002   PAD
    0x080039d8   0x080039d8   0x00000020   Code   RO          383    i.UI_CopyString     freertos.o
    0x080039f8   0x080039f8   0x00000048   Code   RO          384    i.UI_DrawCurrentPage  freertos.o
    0x08003a40   0x08003a40   0x00000160   Code   RO          385    i.UI_DrawDebugPage  freertos.o
    0x08003ba0   0x08003ba0   0x000000ec   Code   RO          386    i.UI_DrawForecastPage  freertos.o
    0x08003c8c   0x08003c8c   0x000000b4   Code   RO          387    i.UI_DrawHomePage   freertos.o
    0x08003d40   0x08003d40   0x00000020   Code   RO          388    i.UI_DrawText       freertos.o
    0x08003d60   0x08003d60   0x00000114   Code   RO          389    i.UI_DrawWeatherPage  freertos.o
    0x08003e74   0x08003e74   0x00000020   Code   RO          390    i.UI_ModelLock      freertos.o
    0x08003e94   0x08003e94   0x0000002c   Code   RO          391    i.UI_ModelSetApiDailyOk  freertos.o
    0x08003ec0   0x08003ec0   0x0000002c   Code   RO          392    i.UI_ModelSetApiNowOk  freertos.o
    0x08003eec   0x08003eec   0x0000002c   Code   RO          393    i.UI_ModelSetNtpOk  freertos.o
    0x08003f18   0x08003f18   0x0000002c   Code   RO          394    i.UI_ModelSetParseDailyOk  freertos.o
    0x08003f44   0x08003f44   0x0000002c   Code   RO          395    i.UI_ModelSetRtcOk  freertos.o
    0x08003f70   0x08003f70   0x000000e8   Code   RO          396    i.UI_ModelSnapshot  freertos.o
    0x08004058   0x08004058   0x00000014   Code   RO          397    i.UI_ModelUnlock    freertos.o
    0x0800406c   0x0800406c   0x000000a4   Code   RO          398    i.UI_ModelUpdateWeather  freertos.o
    0x08004110   0x08004110   0x00000018   Code   RO          399    i.UI_PostMessage    freertos.o
    0x08004128   0x08004128   0x00000002   Code   RO          731    i.UsageFault_Handler  stm32f4xx_it.o
    0x0800412a   0x0800412a   0x00000002   PAD
    0x0800412c   0x0800412c   0x000001f0   Code   RO          400    i.Weather_ParseDailyResponse  freertos.o
    0x0800431c   0x0800431c   0x00000228   Code   RO          401    i.Weather_ParseResponse  freertos.o
    0x08004544   0x08004544   0x000001fc   Code   RO           13    i.Z_ST7735S_Init    st7735.o
    0x08004740   0x08004740   0x0000002c   Code   RO           14    i.Z_ST7735S_RefreshAll  st7735.o
    0x0800476c   0x0800476c   0x00000014   Code   RO           15    i.Z_ST7735S_Send16bitsRGB  st7735.o
    0x08004780   0x08004780   0x00000018   Code   RO           16    i.Z_ST7735S_SendByte  st7735.o
    0x08004798   0x08004798   0x00000020   Code   RO           17    i.Z_ST7735S_SendCommand  st7735.o
    0x080047b8   0x080047b8   0x00000020   Code   RO           18    i.Z_ST7735S_SendData  st7735.o
    0x080047d8   0x080047d8   0x00000018   Code   RO           19    i.Z_ST7735S_SetCS   st7735.o
    0x080047f0   0x080047f0   0x00000018   Code   RO           20    i.Z_ST7735S_SetDC   st7735.o
    0x08004808   0x08004808   0x00000018   Code   RO           21    i.Z_ST7735S_SetRST  st7735.o
    0x08004820   0x08004820   0x00000052   Code   RO           22    i.Z_ST7735S_SpecifyScope  st7735.o
    0x08004872   0x08004872   0x00000002   PAD
    0x08004874   0x08004874   0x000000c4   Code   RO           23    i.Z_ST7735_ShowChar  st7735.o
    0x08004938   0x08004938   0x0000002c   Code   RO           27    i.Z_ST7735_ShowString  st7735.o
    0x08004964   0x08004964   0x00000020   Code   RO         2585    i.__NVIC_SetPriority  stm32f4xx_hal_cortex.o
    0x08004984   0x08004984   0x0000000e   Code   RO         5879    i._is_digit         c_w.l(__printf_wp.o)
    0x08004992   0x08004992   0x00000026   Code   RO          257    i.main              main.o
    0x080049b8   0x080049b8   0x0000001a   Code   RO         5210    i.osDelay           cmsis_os2.o
    0x080049d2   0x080049d2   0x0000000e   Code   RO         5222    i.osKernelGetTickCount  cmsis_os2.o
    0x080049e0   0x080049e0   0x00000024   Code   RO         5224    i.osKernelInitialize  cmsis_os2.o
    0x08004a04   0x08004a04   0x00000038   Code   RO         5227    i.osKernelStart     cmsis_os2.o
    0x08004a3c   0x08004a3c   0x00000064   Code   RO         5239    i.osMessageQueueGet  cmsis_os2.o
    0x08004aa0   0x08004aa0   0x00000058   Code   RO         5244    i.osMessageQueueNew  cmsis_os2.o
    0x08004af8   0x08004af8   0x00000068   Code   RO         5245    i.osMessageQueuePut  cmsis_os2.o
    0x08004b60   0x08004b60   0x00000052   Code   RO         5247    i.osMutexAcquire    cmsis_os2.o
    0x08004bb2   0x08004bb2   0x00000068   Code   RO         5250    i.osMutexNew        cmsis_os2.o
    0x08004c1a   0x08004c1a   0x00000042   Code   RO         5251    i.osMutexRelease    cmsis_os2.o
    0x08004c5c   0x08004c5c   0x0000008a   Code   RO         5269    i.osThreadNew       cmsis_os2.o
    0x08004ce6   0x08004ce6   0x00000002   PAD
    0x08004ce8   0x08004ce8   0x0000005c   Code   RO         4669    i.prvAddCurrentTaskToDelayedList  tasks.o
    0x08004d44   0x08004d44   0x000000d0   Code   RO         4670    i.prvAddNewTaskToReadyList  tasks.o
    0x08004e14   0x08004e14   0x00000058   Code   RO         5034    i.prvCheckForValidListAndQueue  timers.o
    0x08004e6c   0x08004e6c   0x00000026   Code   RO         4266    i.prvCopyDataFromQueue  queue.o
    0x08004e92   0x08004e92   0x0000006c   Code   RO         4267    i.prvCopyDataToQueue  queue.o
    0x08004efe   0x08004efe   0x00000034   Code   RO         4671    i.prvDeleteTCB      tasks.o
    0x08004f32   0x08004f32   0x00000002   PAD
    0x08004f34   0x08004f34   0x0000004c   Code   RO         5721    i.prvHeapInit       heap_4.o
    0x08004f80   0x08004f80   0x00000060   Code   RO         4672    i.prvIdleTask       tasks.o
    0x08004fe0   0x08004fe0   0x00000016   Code   RO         4268    i.prvInitialiseMutex  queue.o
    0x08004ff6   0x08004ff6   0x00000002   PAD
    0x08004ff8   0x08004ff8   0x00000022   Code   RO         4269    i.prvInitialiseNewQueue  queue.o
    0x0800501a   0x0800501a   0x00000002   PAD
    0x0800501c   0x0800501c   0x000000b0   Code   RO         4673    i.prvInitialiseNewTask  tasks.o
    0x080050cc   0x080050cc   0x0000004c   Code   RO         5722    i.prvInsertBlockIntoFreeList  heap_4.o
    0x08005118   0x08005118   0x00000038   Code   RO         5036    i.prvInsertTimerInActiveList  timers.o
    0x08005150   0x08005150   0x0000001c   Code   RO         4270    i.prvIsQueueEmpty   queue.o
    0x0800516c   0x0800516c   0x000000fc   Code   RO         5037    i.prvProcessReceivedCommands  timers.o
    0x08005268   0x08005268   0x000000c0   Code   RO         5038    i.prvProcessTimerOrBlockTask  timers.o
    0x08005328   0x08005328   0x00000020   Code   RO         4675    i.prvResetNextTaskUnblockTime  tasks.o
    0x08005348   0x08005348   0x00000028   Code   RO         5039    i.prvSampleTimeNow  timers.o
    0x08005370   0x08005370   0x0000006c   Code   RO         5040    i.prvSwitchTimerLists  timers.o
    0x080053dc   0x080053dc   0x00000028   Code   RO         5777    i.prvTaskExitError  port.o
    0x08005404   0x08005404   0x00000024   Code   RO         5041    i.prvTimerTask      timers.o
    0x08005428   0x08005428   0x0000006a   Code   RO         4271    i.prvUnlockQueue    queue.o
    0x08005492   0x08005492   0x00000002   PAD
    0x08005494   0x08005494   0x000000dc   Code   RO         5723    i.pvPortMalloc      heap_4.o
    0x08005570   0x08005570   0x00000018   Code   RO         4678    i.pvTaskIncrementMutexHeldCount  tasks.o
    0x08005588   0x08005588   0x0000002c   Code   RO         5778    i.pxPortInitialiseStack  port.o
    0x080055b4   0x080055b4   0x00000026   Code   RO         4226    i.uxListRemove      list.o
    0x080055da   0x080055da   0x00000002   PAD
    0x080055dc   0x080055dc   0x00000014   Code   RO         5281    i.vApplicationGetIdleTaskMemory  cmsis_os2.o
    0x080055f0   0x080055f0   0x00000018   Code   RO         5282    i.vApplicationGetTimerTaskMemory  cmsis_os2.o
    0x08005608   0x08005608   0x00000016   Code   RO         4227    i.vListInitialise   list.o
    0x0800561e   0x0800561e   0x00000006   Code   RO         4228    i.vListInitialiseItem  list.o
    0x08005624   0x08005624   0x00000030   Code   RO         4229    i.vListInsert       list.o
    0x08005654   0x08005654   0x00000018   Code   RO         4230    i.vListInsertEnd    list.o
    0x0800566c   0x0800566c   0x00000040   Code   RO         5780    i.vPortEnterCritical  port.o
    0x080056ac   0x080056ac   0x00000028   Code   RO         5781    i.vPortExitCritical  port.o
    0x080056d4   0x080056d4   0x00000064   Code   RO         5724    i.vPortFree         heap_4.o
    0x08005738   0x08005738   0x00000024   Code   RO         5782    i.vPortSetupTimerInterrupt  port.o
    0x0800575c   0x0800575c   0x00000054   Code   RO         5783    i.vPortValidateInterruptPriority  port.o
    0x080057b0   0x080057b0   0x00000028   Code   RO         4277    i.vQueueAddToRegistry  queue.o
    0x080057d8   0x080057d8   0x00000044   Code   RO         4281    i.vQueueWaitForMessageRestricted  queue.o
    0x0800581c   0x0800581c   0x0000004c   Code   RO         4688    i.vTaskDelay        tasks.o
    0x08005868   0x08005868   0x00000010   Code   RO         4693    i.vTaskInternalSetTimeOutState  tasks.o
    0x08005878   0x08005878   0x0000000c   Code   RO         4694    i.vTaskMissedYield  tasks.o
    0x08005884   0x08005884   0x00000030   Code   RO         4696    i.vTaskPlaceOnEventList  tasks.o
    0x080058b4   0x080058b4   0x00000038   Code   RO         4697    i.vTaskPlaceOnEventListRestricted  tasks.o
    0x080058ec   0x080058ec   0x00000090   Code   RO         4699    i.vTaskPriorityDisinheritAfterTimeout  tasks.o
    0x0800597c   0x0800597c   0x00000088   Code   RO         4705    i.vTaskStartScheduler  tasks.o
    0x08005a04   0x08005a04   0x00000010   Code   RO         4707    i.vTaskSuspendAll   tasks.o
    0x08005a14   0x08005a14   0x00000064   Code   RO         4708    i.vTaskSwitchContext  tasks.o
    0x08005a78   0x08005a78   0x000000f4   Code   RO         5784    i.xPortStartScheduler  port.o
    0x08005b6c   0x08005b6c   0x0000002c   Code   RO         5785    i.xPortSysTickHandler  port.o
    0x08005b98   0x08005b98   0x00000016   Code   RO         4284    i.xQueueCreateMutex  queue.o
    0x08005bae   0x08005bae   0x0000001a   Code   RO         4285    i.xQueueCreateMutexStatic  queue.o
    0x08005bc8   0x08005bc8   0x00000042   Code   RO         4286    i.xQueueGenericCreate  queue.o
    0x08005c0a   0x08005c0a   0x00000066   Code   RO         4287    i.xQueueGenericCreateStatic  queue.o
    0x08005c70   0x08005c70   0x00000088   Code   RO         4288    i.xQueueGenericReset  queue.o
    0x08005cf8   0x08005cf8   0x00000160   Code   RO         4289    i.xQueueGenericSend  queue.o
    0x08005e58   0x08005e58   0x000000be   Code   RO         4290    i.xQueueGenericSendFromISR  queue.o
    0x08005f16   0x08005f16   0x0000003e   Code   RO         4294    i.xQueueGiveMutexRecursive  queue.o
    0x08005f54   0x08005f54   0x00000138   Code   RO         4299    i.xQueueReceive     queue.o
    0x0800608c   0x0800608c   0x0000009a   Code   RO         4300    i.xQueueReceiveFromISR  queue.o
    0x08006126   0x08006126   0x00000002   PAD
    0x08006128   0x08006128   0x00000178   Code   RO         4301    i.xQueueSemaphoreTake  queue.o
    0x080062a0   0x080062a0   0x00000040   Code   RO         4302    i.xQueueTakeMutexRecursive  queue.o
    0x080062e0   0x080062e0   0x00000074   Code   RO         4710    i.xTaskCheckForTimeOut  tasks.o
    0x08006354   0x08006354   0x0000005a   Code   RO         4711    i.xTaskCreate       tasks.o
    0x080063ae   0x080063ae   0x00000056   Code   RO         4712    i.xTaskCreateStatic  tasks.o
    0x08006404   0x08006404   0x0000000c   Code   RO         4715    i.xTaskGetCurrentTaskHandle  tasks.o
    0x08006410   0x08006410   0x0000001c   Code   RO         4716    i.xTaskGetSchedulerState  tasks.o
    0x0800642c   0x0800642c   0x0000000c   Code   RO         4717    i.xTaskGetTickCount  tasks.o
    0x08006438   0x08006438   0x00000010   Code   RO         4718    i.xTaskGetTickCountFromISR  tasks.o
    0x08006448   0x08006448   0x000000c8   Code   RO         4719    i.xTaskIncrementTick  tasks.o
    0x08006510   0x08006510   0x00000080   Code   RO         4722    i.xTaskPriorityDisinherit  tasks.o
    0x08006590   0x08006590   0x00000078   Code   RO         4723    i.xTaskPriorityInherit  tasks.o
    0x08006608   0x08006608   0x00000070   Code   RO         4724    i.xTaskRemoveFromEventList  tasks.o
    0x08006678   0x08006678   0x000000c4   Code   RO         4725    i.xTaskResumeAll    tasks.o
    0x0800673c   0x0800673c   0x00000060   Code   RO         5050    i.xTimerCreateTimerTask  timers.o
    0x0800679c   0x0800679c   0x00000068   Code   RO         5051    i.xTimerGenericCommand  timers.o
    0x08006804   0x08006804   0x0000002c   Code   RO         5996    locale$$code        c_w.l(lc_ctype_c.o)
    0x08006830   0x08006830   0x0000000a   Code   RO         6062    x$fpl$fpinit        fz_wm.l(fpinit.o)
    0x0800683a   0x0800683a   0x000000a0   Data   RO          232    .constdata          fonts.o
    0x080068da   0x080068da   0x00000010   Data   RO          233    .constdata          fonts.o
    0x080068ea   0x080068ea   0x000001a0   Data   RO          234    .constdata          fonts.o
    0x08006a8a   0x08006a8a   0x000001a0   Data   RO          235    .constdata          fonts.o
    0x08006c2a   0x08006c2a   0x00000010   Data   RO          236    .constdata          fonts.o
    0x08006c3a   0x08006c3a   0x00000010   Data   RO          237    .constdata          fonts.o
    0x08006c4a   0x08006c4a   0x00000010   Data   RO          238    .constdata          fonts.o
    0x08006c5a   0x08006c5a   0x00000010   Data   RO          239    .constdata          fonts.o
    0x08006c6a   0x08006c6a   0x00000002   PAD
    0x08006c6c   0x08006c6c   0x000000ec   Data   RO          403    .constdata          freertos.o
    0x08006d58   0x08006d58   0x00000010   Data   RO         4062    .constdata          system_stm32f4xx.o
    0x08006d68   0x08006d68   0x00000008   Data   RO         4063    .constdata          system_stm32f4xx.o
    0x08006d70   0x08006d70   0x00000011   Data   RO         5882    .constdata          c_w.l(__printf_flags_wp.o)
    0x08006d81   0x08006d81   0x00000003   PAD
    0x08006d84   0x08006d84   0x000001b8   Data   RO          404    .conststring        freertos.o
    0x08006f3c   0x08006f3c   0x00000020   Data   RO         6118    Region$$Table       anon$$obj.o
    0x08006f5c   0x08006f5c   0x00000110   Data   RO         5995    locale$$data        c_w.l(lc_ctype_c.o)


    Execution Region RW_IRAM1 (Exec base: 0x20000000, Load base: 0x0800706c, Size: 0x00008d30, Max: 0x0001c000, ABSOLUTE, COMPRESSED[0x00000070])

    Exec Addr    Load Addr    Size         Type   Attr      Idx    E Section Name        Object

    0x20000000   COMPRESSED   0x00000260   Data   RW          405    .data               freertos.o
    0x20000260   COMPRESSED   0x0000000c   Data   RW         2744    .data               stm32f4xx_hal.o
    0x2000026c   COMPRESSED   0x00000004   Data   RW         4064    .data               system_stm32f4xx.o
    0x20000270   COMPRESSED   0x0000003c   Data   RW         4728    .data               tasks.o
    0x200002ac   COMPRESSED   0x00000014   Data   RW         5059    .data               timers.o
    0x200002c0   COMPRESSED   0x00000004   Data   RW         5284    .data               cmsis_os2.o
    0x200002c4   COMPRESSED   0x00000020   Data   RW         5730    .data               heap_4.o
    0x200002e4   COMPRESSED   0x0000000c   Data   RW         5786    .data               port.o
    0x200002f0        -       0x00002000   Zero   RW          402    .bss                freertos.o
    0x200022f0        -       0x00000020   Zero   RW          602    .bss                rtc.o
    0x20002310        -       0x00000058   Zero   RW          644    .bss                spi.o
    0x20002368        -       0x00000048   Zero   RW          686    .bss                usart.o
    0x200023b0        -       0x00000048   Zero   RW          816    .bss                stm32f4xx_hal_timebase_tim.o
    0x200023f8        -       0x00000040   Zero   RW         4303    .bss                queue.o
    0x20002438        -       0x000004c4   Zero   RW         4727    .bss                tasks.o
    0x200028fc        -       0x00000118   Zero   RW         5058    .bss                timers.o
    0x20002a14        -       0x000006b8   Zero   RW         5283    .bss                cmsis_os2.o
    0x200030cc        -       0x00003c00   Zero   RW         5729    .bss                heap_4.o
    0x20006ccc        -       0x00000060   Zero   RW         5984    .bss                c_w.l(libspace.o)
    0x20006d2c   COMPRESSED   0x00000004   PAD
    0x20006d30        -       0x00001000   Zero   RW            2    HEAP                startup_stm32f407xx.o
    0x20007d30        -       0x00001000   Zero   RW            1    STACK               startup_stm32f407xx.o


    Execution Region RW_IRAM2 (Exec base: 0x2001c000, Load base: 0x080070dc, Size: 0x00000000, Max: 0x00004000, ABSOLUTE)

    **** No section assigned to this execution region ****


==============================================================================

Image component sizes


      Code (inc. data)   RO Data    RW Data    ZI Data      Debug   Object Name

       884         30          0          4       1720      72077   cmsis_os2.o
         0          0          0          0          0      19484   event_groups.o
         0          0       1072          0          0        989   fonts.o
      6046       1314        676        608       8192      31050   freertos.o
       248         22          0          0          0       1071   gpio.o
       472         24          0         32      15360       4907   heap_4.o
       138          0          0          0          0       3582   list.o
       218         14          0          0          0      13460   main.o
       786         82          0         12          0      11585   port.o
      2306         24          0          0         64      25635   queue.o
       212         16          0          0         32       1739   rtc.o
       176         22          0          0         88       1713   spi.o
      1054         56          0          0          0     736583   st7735.o
        64         26        392          0       8192        852   startup_stm32f407xx.o
       116         18          0         12          0       8766   stm32f4xx_hal.o
       158         14          0          0          0      33058   stm32f4xx_hal_cortex.o
       516         46          0          0          0       2883   stm32f4xx_hal_gpio.o
        56          4          0          0          0        882   stm32f4xx_hal_msp.o
        24          8          0          0          0       1091   stm32f4xx_hal_pwr.o
      1408         82          0          0          0       5965   stm32f4xx_hal_rcc.o
       316         20          0          0          0       1400   stm32f4xx_hal_rcc_ex.o
       862         36          0          0          0       8261   stm32f4xx_hal_rtc.o
        20          0          0          0          0       1735   stm32f4xx_hal_rtc_ex.o
       842         16          0          0          0       4614   stm32f4xx_hal_spi.o
       740         72          0          0          0       7572   stm32f4xx_hal_tim.o
         4          0          0          0          0       1653   stm32f4xx_hal_tim_ex.o
       152         20          0          0         72       1499   stm32f4xx_hal_timebase_tim.o
       896         10          0          0          0       6039   stm32f4xx_hal_uart.o
        24          6          0          0          0       3303   stm32f4xx_it.o
         0          0          0          0          0        392   stream_buffer.o
        16          4         24          4          0       1151   system_stm32f4xx.o
      2400        202          0         60       1220      30896   tasks.o
       972         80          0         20        280      32247   timers.o
       164         22          0          0         72       1742   usart.o

    ----------------------------------------------------------------------
     22332       2290       2198        752      35292    1079876   Object Totals
         0          0         32          0          0          0   (incl. Generated)
        42          0          2          0          0          0   (incl. Padding)

    ----------------------------------------------------------------------

      Code (inc. data)   RO Data    RW Data    ZI Data      Debug   Library Member Name

        60          8          0          0          0         84   __0sscanf.o
        90          0          0          0          0          0   __dczerorl2.o
         8          0          0          0          0         68   __main.o
       312          4         17          0          0         92   __printf_flags_wp.o
        14          0          0          0          0         68   __printf_wp.o
         0          0          0          0          0          0   __rtentry.o
        12          0          0          0          0          0   __rtentry2.o
         6          0          0          0          0          0   __rtentry4.o
        52          8          0          0          0          0   __scatter.o
        28          0          0          0          0          0   __scatter_zi.o
        28          0          0          0          0         68   _chval.o
        44          0          0          0          0        108   _printf_char.o
        48          6          0          0          0         96   _printf_char_common.o
         6          0          0          0          0          0   _printf_d.o
       120         16          0          0          0         92   _printf_dec.o
       178          0          0          0          0         88   _printf_intcommon.o
        78          0          0          0          0        108   _printf_pad.o
         0          0          0          0          0          0   _printf_percent.o
         4          0          0          0          0          0   _printf_percent_end.o
         6          0          0          0          0          0   _printf_s.o
        82          0          0          0          0         80   _printf_str.o
       884          6          0          0          0        100   _scanf.o
       332          0          0          0          0         96   _scanf_int.o
       224          0          0          0          0         96   _scanf_str.o
        64          0          0          0          0         84   _sgetc.o
        16          0          0          0          0         68   _snputc.o
        10          0          0          0          0         68   _sputc.o
        16          0          0          0          0         68   aeabi_memset.o
        18          0          0          0          0         80   exit.o
         6          0          0          0          0        152   heapauxi.o
         0          0          0          0          0          0   indicate_semi.o
        18          0          0          0          0         76   isspace.o
        44         10        272          0          0         76   lc_ctype_c.o
         2          0          0          0          0          0   libinit.o
        24          0          0          0          0          0   libinit2.o
         2          0          0          0          0          0   libshutdown.o
         2          0          0          0          0          0   libshutdown2.o
         8          4          0          0         96         68   libspace.o
       238          0          0          0          0        100   lludivv7m.o
        52          4          0          0          0         84   noretval__2snprintf.o
        16          4          0          0          0         76   rt_ctype_table.o
         8          4          0          0          0         68   rt_locale_intlibspace.o
        68          0          0          0          0         68   rt_memclr.o
        78          0          0          0          0         80   rt_memclr_w.o
       138          0          0          0          0         68   rt_memcpy_v6.o
       100          0          0          0          0         80   rt_memcpy_w.o
         2          0          0          0          0          0   rtexit.o
        10          0          0          0          0          0   rtexit2.o
        44          8          0          0          0         84   scanf_char.o
        20          0          0          0          0         68   strchr.o
       128          0          0          0          0         68   strcmpv7m.o
        62          0          0          0          0         76   strlen.o
        36          0          0          0          0         80   strstr.o
        12          4          0          0          0         68   sys_exit.o
        74          0          0          0          0         80   sys_stackheap_outer.o
         2          0          0          0          0         68   use_no_semi.o
        10          0          0          0          0        116   fpinit.o

    ----------------------------------------------------------------------
      3958         86        292          0        100       3316   Library Totals
        14          0          3          0          4          0   (incl. Padding)

    ----------------------------------------------------------------------

      Code (inc. data)   RO Data    RW Data    ZI Data      Debug   Library Name

      3934         86        289          0         96       3200   c_w.l
        10          0          0          0          0        116   fz_wm.l

    ----------------------------------------------------------------------
      3958         86        292          0        100       3316   Library Totals

    ----------------------------------------------------------------------

==============================================================================


      Code (inc. data)   RO Data    RW Data    ZI Data      Debug   

     26290       2376       2490        752      35392    1060972   Grand Totals
     26290       2376       2490        112      35392    1060972   ELF Image Totals (compressed)
     26290       2376       2490        112          0          0   ROM Totals

==============================================================================

    Total RO  Size (Code + RO Data)                28780 (  28.11kB)
    Total RW  Size (RW Data + ZI Data)             36144 (  35.30kB)
    Total ROM Size (Code + RO Data + RW Data)      28892 (  28.21kB)

==============================================================================

